Archive member included to satisfy reference by file (symbol)

c:/program files (x86)/gnu arm embedded toolchain/10 2021.10/bin/../lib/gcc/arm-none-eabi/10.3.1/../../../../arm-none-eabi/lib/thumb/v7e-m+fp/hard\libc_nano.a(lib_a-exit.o)
                              c:/program files (x86)/gnu arm embedded toolchain/10 2021.10/bin/../lib/gcc/arm-none-eabi/10.3.1/../../../../arm-none-eabi/lib/thumb/v7e-m+fp/hard/crt0.o (exit)
c:/program files (x86)/gnu arm embedded toolchain/10 2021.10/bin/../lib/gcc/arm-none-eabi/10.3.1/../../../../arm-none-eabi/lib/thumb/v7e-m+fp/hard\libc_nano.a(lib_a-impure.o)
                              c:/program files (x86)/gnu arm embedded toolchain/10 2021.10/bin/../lib/gcc/arm-none-eabi/10.3.1/../../../../arm-none-eabi/lib/thumb/v7e-m+fp/hard\libc_nano.a(lib_a-exit.o) (_global_impure_ptr)
c:/program files (x86)/gnu arm embedded toolchain/10 2021.10/bin/../lib/gcc/arm-none-eabi/10.3.1/../../../../arm-none-eabi/lib/thumb/v7e-m+fp/hard\libc_nano.a(lib_a-init.o)
                              c:/program files (x86)/gnu arm embedded toolchain/10 2021.10/bin/../lib/gcc/arm-none-eabi/10.3.1/../../../../arm-none-eabi/lib/thumb/v7e-m+fp/hard/crt0.o (__libc_init_array)
c:/program files (x86)/gnu arm embedded toolchain/10 2021.10/bin/../lib/gcc/arm-none-eabi/10.3.1/../../../../arm-none-eabi/lib/thumb/v7e-m+fp/hard\libc_nano.a(lib_a-memset.o)
                              c:/program files (x86)/gnu arm embedded toolchain/10 2021.10/bin/../lib/gcc/arm-none-eabi/10.3.1/../../../../arm-none-eabi/lib/thumb/v7e-m+fp/hard/crt0.o (memset)
c:/program files (x86)/gnu arm embedded toolchain/10 2021.10/bin/../lib/gcc/arm-none-eabi/10.3.1/../../../../arm-none-eabi/lib/thumb/v7e-m+fp/hard\libc_nano.a(lib_a-strlen.o)
                              build/TMAG5170.o (strlen)
c:/program files (x86)/gnu arm embedded toolchain/10 2021.10/bin/../lib/gcc/arm-none-eabi/10.3.1/../../../../arm-none-eabi/lib/thumb/v7e-m+fp/hard\libnosys.a(_exit.o)
                              c:/program files (x86)/gnu arm embedded toolchain/10 2021.10/bin/../lib/gcc/arm-none-eabi/10.3.1/../../../../arm-none-eabi/lib/thumb/v7e-m+fp/hard\libc_nano.a(lib_a-exit.o) (_exit)
c:/program files (x86)/gnu arm embedded toolchain/10 2021.10/bin/../lib/gcc/arm-none-eabi/10.3.1/thumb/v7e-m+fp/hard\libgcc.a(_aeabi_uldivmod.o)
                              build/stm32g4xx_hal_uart.o (__aeabi_uldivmod)
c:/program files (x86)/gnu arm embedded toolchain/10 2021.10/bin/../lib/gcc/arm-none-eabi/10.3.1/thumb/v7e-m+fp/hard\libgcc.a(_udivmoddi4.o)
                              c:/program files (x86)/gnu arm embedded toolchain/10 2021.10/bin/../lib/gcc/arm-none-eabi/10.3.1/thumb/v7e-m+fp/hard\libgcc.a(_aeabi_uldivmod.o) (__udivmoddi4)
c:/program files (x86)/gnu arm embedded toolchain/10 2021.10/bin/../lib/gcc/arm-none-eabi/10.3.1/thumb/v7e-m+fp/hard\libgcc.a(_dvmd_tls.o)
                              c:/program files (x86)/gnu arm embedded toolchain/10 2021.10/bin/../lib/gcc/arm-none-eabi/10.3.1/thumb/v7e-m+fp/hard\libgcc.a(_aeabi_uldivmod.o) (__aeabi_ldiv0)

Discarded input sections

 .text          0x00000000        0x0 c:/program files (x86)/gnu arm embedded toolchain/10 2021.10/bin/../lib/gcc/arm-none-eabi/10.3.1/thumb/v7e-m+fp/hard/crti.o
 .data          0x00000000        0x0 c:/program files (x86)/gnu arm embedded toolchain/10 2021.10/bin/../lib/gcc/arm-none-eabi/10.3.1/thumb/v7e-m+fp/hard/crti.o
 .bss           0x00000000        0x0 c:/program files (x86)/gnu arm embedded toolchain/10 2021.10/bin/../lib/gcc/arm-none-eabi/10.3.1/thumb/v7e-m+fp/hard/crti.o
 .data          0x00000000        0x4 c:/program files (x86)/gnu arm embedded toolchain/10 2021.10/bin/../lib/gcc/arm-none-eabi/10.3.1/thumb/v7e-m+fp/hard/crtbegin.o
 .rodata        0x00000000       0x24 c:/program files (x86)/gnu arm embedded toolchain/10 2021.10/bin/../lib/gcc/arm-none-eabi/10.3.1/thumb/v7e-m+fp/hard/crtbegin.o
 .text          0x00000000       0x7c c:/program files (x86)/gnu arm embedded toolchain/10 2021.10/bin/../lib/gcc/arm-none-eabi/10.3.1/../../../../arm-none-eabi/lib/thumb/v7e-m+fp/hard/crt0.o
 .data          0x00000000        0x0 c:/program files (x86)/gnu arm embedded toolchain/10 2021.10/bin/../lib/gcc/arm-none-eabi/10.3.1/../../../../arm-none-eabi/lib/thumb/v7e-m+fp/hard/crt0.o
 .bss           0x00000000        0x0 c:/program files (x86)/gnu arm embedded toolchain/10 2021.10/bin/../lib/gcc/arm-none-eabi/10.3.1/../../../../arm-none-eabi/lib/thumb/v7e-m+fp/hard/crt0.o
 .ARM.extab     0x00000000        0x0 c:/program files (x86)/gnu arm embedded toolchain/10 2021.10/bin/../lib/gcc/arm-none-eabi/10.3.1/../../../../arm-none-eabi/lib/thumb/v7e-m+fp/hard/crt0.o
 .ARM.exidx     0x00000000       0x10 c:/program files (x86)/gnu arm embedded toolchain/10 2021.10/bin/../lib/gcc/arm-none-eabi/10.3.1/../../../../arm-none-eabi/lib/thumb/v7e-m+fp/hard/crt0.o
 .ARM.attributes
[...]
Memory Configuration

Name             Origin             Length             Attributes
RAM              0x20000000         0x0001c000         xrw
FLASH            0x08000000         0x00080000         xr
*default*        0x00000000         0xffffffff

Linker script and memory map

LOAD c:/program files (x86)/gnu arm embedded toolchain/10 2021.10/bin/../lib/gcc/arm-none-eabi/10.3.1/thumb/v7e-m+fp/hard/crti.o
LOAD c:/program files (x86)/gnu arm embedded toolchain/10 2021.10/bin/../lib/gcc/arm-none-eabi/10.3.1/thumb/v7e-m+fp/hard/crtbegin.o
LOAD c:/program files (x86)/gnu arm embedded toolchain/10 2021.10/bin/../lib/gcc/arm-none-eabi/10.3.1/../../../../arm-none-eabi/lib/thumb/v7e-m+fp/hard/crt0.o
LOAD build/main.o
LOAD build/stm32g4xx_it.o
LOAD build/stm32g4xx_hal_msp.o
LOAD build/stm32g4xx_hal_tim.o
LOAD build/stm32g4xx_hal_tim_ex.o
LOAD build/stm32g4xx_hal_pwr_ex.o
LOAD build/stm32g4xx_hal.o
LOAD build/stm32g4xx_hal_rcc.o
LOAD build/stm32g4xx_hal_rcc_ex.o
LOAD build/stm32g4xx_hal_flash.o
LOAD build/stm32g4xx_hal_flash_ex.o
LOAD build/stm32g4xx_hal_flash_ramfunc.o
LOAD build/stm32g4xx_hal_gpio.o
LOAD build/stm32g4xx_hal_exti.o
LOAD build/stm32g4xx_hal_dma.o
LOAD build/stm32g4xx_hal_dma_ex.o
LOAD build/stm32g4xx_hal_pwr.o
LOAD build/stm32g4xx_hal_cortex.o
LOAD build/system_stm32g4xx.o
LOAD build/stm32g4xx_hal_uart.o
LOAD build/stm32g4xx_hal_uart_ex.o
LOAD build/gpio.o
LOAD build/tim.o
LOAD build/TMAG5170.o
LOAD build/spi.o
LOAD build/usart.o
LOAD build/stm32g4xx_hal_spi.o
LOAD build/stm32g4xx_hal_spi_ex.o
LOAD build/startup_stm32g491xx.o
LOAD c:/program files (x86)/gnu arm embedded toolchain/10 2021.10/bin/../lib/gcc/arm-none-eabi/10.3.1/../../../../arm-none-eabi/lib/thumb/v7e-m+fp/hard\libc_nano.a
LOAD c:/program files (x86)/gnu arm embedded toolchain/10 2021.10/bin/../lib/gcc/arm-none-eabi/10.3.1/../../../../arm-none-eabi/lib/thumb/v7e-m+fp/hard\libm.a
LOAD c:/program files (x86)/gnu arm embedded toolchain/10 2021.10/bin/../lib/gcc/arm-none-eabi/10.3.1/../../../../arm-none-eabi/lib/thumb/v7e-m+fp/hard\libnosys.a
START GROUP
LOAD c:/program files (x86)/gnu arm embedded toolchain/10 2021.10/bin/../lib/gcc/arm-none-eabi/10.3.1/thumb/v7e-m+fp/hard\libgcc.a
LOAD c:/program files (x86)/gnu arm embedded toolchain/10 2021.10/bin/../lib/gcc/arm-none-eabi/10.3.1/../../../../arm-none-eabi/lib/thumb/v7e-m+fp/hard\libc_nano.a
END GROUP
START GROUP
LOAD c:/program files (x86)/gnu arm embedded toolchain/10 2021.10/bin/../lib/gcc/arm-none-eabi/10.3.1/thumb/v7e-m+fp/hard\libgcc.a
LOAD c:/program files (x86)/gnu arm embedded toolchain/10 2021.10/bin/../lib/gcc/arm-none-eabi/10.3.1/../../../../arm-none-eabi/lib/thumb/v7e-m+fp/hard\libc_nano.a
END GROUP
LOAD c:/program files (x86)/gnu arm embedded toolchain/10 2021.10/bin/../lib/gcc/arm-none-eabi/10.3.1/thumb/v7e-m+fp/hard/crtend.o
LOAD c:/program files (x86)/gnu arm embedded toolchain/10 2021.10/bin/../lib/gcc/arm-none-eabi/10.3.1/thumb/v7e-m+fp/hard/crtn.o
                0x2001c000                _estack = (ORIGIN (RAM) + LENGTH (RAM))
                0x00000200                _Min_Heap_Size = 0x200
                0x00000400                _Min_Stack_Size = 0x400

.isr_vector     0x08000000      0x1d8
                0x08000000                . = ALIGN (0x4)
 *(.isr_vector)
 .isr_vector    0x08000000      0x1d8 build/startup_stm32g491xx.o
                0x08000000                g_pfnVectors
                0x080001d8                . = ALIGN (0x4)

.text           0x080001d8     0x4844
                0x080001d8                . = ALIGN (0x4)
 *(.text)
 .text          0x080001d8       0x40 c:/program files (x86)/gnu arm embedded toolchain/10 2021.10/bin/../lib/gcc/arm-none-eabi/10.3.1/thumb/v7e-m+fp/hard/crtbegin.o
 .text          0x08000218       0x30 c:/program files (x86)/gnu arm embedded toolchain/10 2021.10/bin/../lib/gcc/arm-none-eabi/10.3.1/thumb/v7e-m+fp/hard\libgcc.a(_aeabi_uldivmod.o)
                0x08000218                __aeabi_uldivmod
 .text          0x08000248      0x2d0 c:/program files (x86)/gnu arm embedded toolchain/10 2021.10/bin/../lib/gcc/arm-none-eabi/10.3.1/thumb/v7e-m+fp/hard\libgcc.a(_udivmoddi4.o)
                0x08000248                __udivmoddi4
 .text          0x08000518        0x4 c:/program files (x86)/gnu arm embedded toolchain/10 2021.10/bin/../lib/gcc/arm-none-eabi/10.3.1/thumb/v7e-m+fp/hard\libgcc.a(_dvmd_tls.o)
                0x08000518                __aeabi_idiv0
                0x08000518                __aeabi_ldiv0
 *(.text*)
 .text.HAL_UART_RxCpltCallback
                0x0800051c       0x54 build/main.o
                0x0800051c                HAL_UART_RxCpltCallback
 .text.Error_Handler
                0x08000570        0x4 build/main.o
                0x08000570                Error_Handler
 .text.SystemClock_Config
                0x08000574       0x5e build/main.o
                0x08000574                SystemClock_Config
 *fill*         0x080005d2        0x2 
 .text.main     0x080005d4       0xf4 build/main.o
                0x080005d4                main
 .text.NMI_Handler
                0x080006c8        0x2 build/stm32g4xx_it.o
                0x080006c8                NMI_Handler
 .text.HardFault_Handler
                0x080006ca        0x2 build/stm32g4xx_it.o
                0x080006ca                HardFault_Handler
 .text.MemManage_Handler
                0x080006cc        0x2 build/stm32g4xx_it.o
                0x080006cc                MemManage_Handler
 .text.BusFault_Handler
                0x080006ce        0x2 build/stm32g4xx_it.o
                0x080006ce                BusFault_Handler
 .text.UsageFault_Handler
                0x080006d0        0x2 build/stm32g4xx_it.o
                0x080006d0                UsageFault_Handler
 .text.SVC_Handler
                0x080006d2        0x2 build/stm32g4xx_it.o
                0x080006d2                SVC_Handler
 .text.DebugMon_Handler
                0x080006d4        0x2 build/stm32g4xx_it.o
                0x080006d4                DebugMon_Handler
 .text.PendSV_Handler
                0x080006d6        0x2 build/stm32g4xx_it.o
                0x080006d6                PendSV_Handler
 .text.SysTick_Handler
                0x080006d8        0x8 build/stm32g4xx_it.o
                0x080006d8                SysTick_Handler
 .text.USART2_IRQHandler
                0x080006e0       0x10 build/stm32g4xx_it.o
                0x080006e0                USART2_IRQHandler
 .text.HAL_MspInit
                0x080006f0       0x38 build/stm32g4xx_hal_msp.o
                0x080006f0                HAL_MspInit
 .text.TIM_OC1_SetConfig
                0x08000728       0xb0 build/stm32g4xx_hal_tim.o
 .text.TIM_OC3_SetConfig
                0x080007d8       0x9c build/stm32g4xx_hal_tim.o
 .text.TIM_OC4_SetConfig
                0x08000874       0x9c build/stm32g4xx_hal_tim.o
 .text.TIM_OC5_SetConfig
                0x08000910       0x70 build/stm32g4xx_hal_tim.o
 .text.TIM_OC6_SetConfig
                0x08000980       0x74 build/stm32g4xx_hal_tim.o
 .text.TIM_TI1_ConfigInputStage
                0x080009f4       0x26 build/stm32g4xx_hal_tim.o
 .text.TIM_TI2_ConfigInputStage
                0x08000a1a       0x28 build/stm32g4xx_hal_tim.o
 .text.TIM_ITRx_SetConfig
                0x08000a42       0x14 build/stm32g4xx_hal_tim.o
 .text.HAL_TIM_PWM_MspInit
                0x08000a56        0x2 build/stm32g4xx_hal_tim.o
                0x08000a56                HAL_TIM_PWM_MspInit
 .text.TIM_Base_SetConfig
                0x08000a58       0xd0 build/stm32g4xx_hal_tim.o
                0x08000a58                TIM_Base_SetConfig
 .text.HAL_TIM_Base_Init
                0x08000b28       0x60 build/stm32g4xx_hal_tim.o
                0x08000b28                HAL_TIM_Base_Init
 .text.HAL_TIM_PWM_Init
                0x08000b88       0x60 build/stm32g4xx_hal_tim.o
                0x08000b88                HAL_TIM_PWM_Init
 .text.TIM_OC2_SetConfig
                0x08000be8       0x9c build/stm32g4xx_hal_tim.o
                0x08000be8                TIM_OC2_SetConfig
 .text.HAL_TIM_PWM_ConfigChannel
                0x08000c84      0x13a build/stm32g4xx_hal_tim.o
                0x08000c84                HAL_TIM_PWM_ConfigChannel
 .text.TIM_ETR_SetConfig
                0x08000dbe       0x1a build/stm32g4xx_hal_tim.o
                0x08000dbe                TIM_ETR_SetConfig
 .text.HAL_TIM_ConfigClockSource
                0x08000dd8      0x140 build/stm32g4xx_hal_tim.o
                0x08000dd8                HAL_TIM_ConfigClockSource
 .text.TIM_CCxChannelCmd
                0x08000f18       0x1e build/stm32g4xx_hal_tim.o
                0x08000f18                TIM_CCxChannelCmd
 *fill*         0x08000f36        0x2 
 .text.HAL_TIM_PWM_Start
                0x08000f38      0x168 build/stm32g4xx_hal_tim.o
                0x08000f38                HAL_TIM_PWM_Start
 .text.HAL_TIM_PWM_Stop
                0x080010a0       0xc0 build/stm32g4xx_hal_tim.o
                0x080010a0                HAL_TIM_PWM_Stop
 .text.HAL_TIMEx_MasterConfigSynchronization
                0x08001160       0xa4 build/stm32g4xx_hal_tim_ex.o
                0x08001160                HAL_TIMEx_MasterConfigSynchronization
 .text.HAL_TIMEx_ConfigBreakDeadTime
                0x08001204       0xd4 build/stm32g4xx_hal_tim_ex.o
                0x08001204                HAL_TIMEx_ConfigBreakDeadTime
 .text.HAL_PWREx_ControlVoltageScaling
                0x080012d8      0x10c build/stm32g4xx_hal_pwr_ex.o
                0x080012d8                HAL_PWREx_ControlVoltageScaling
 .text.HAL_PWREx_DisableUCPDDeadBattery
                0x080013e4       0x10 build/stm32g4xx_hal_pwr_ex.o
                0x080013e4                HAL_PWREx_DisableUCPDDeadBattery
 .text.HAL_InitTick
                0x080013f4       0x50 build/stm32g4xx_hal.o
                0x080013f4                HAL_InitTick
 .text.HAL_Init
                0x08001444       0x1e build/stm32g4xx_hal.o
                0x08001444                HAL_Init
 *fill*         0x08001462        0x2 
 .text.HAL_IncTick
                0x08001464       0x18 build/stm32g4xx_hal.o
                0x08001464                HAL_IncTick
 .text.HAL_GetTick
                0x0800147c        0xc build/stm32g4xx_hal.o
                0x0800147c                HAL_GetTick
 .text.HAL_Delay
                0x08001488       0x28 build/stm32g4xx_hal.o
                0x08001488                HAL_Delay
 .text.RCC_GetSysClockFreqFromPLLSource
                0x080014b0       0x58 build/stm32g4xx_hal_rcc.o
 .text.HAL_RCC_OscConfig
                0x08001508      0x4e8 build/stm32g4xx_hal_rcc.o
                0x08001508                HAL_RCC_OscConfig
 .text.HAL_RCC_GetSysClockFreq
                0x080019f0       0x88 build/stm32g4xx_hal_rcc.o
                0x080019f0                HAL_RCC_GetSysClockFreq
 .text.HAL_RCC_ClockConfig
                0x08001a78      0x1f8 build/stm32g4xx_hal_rcc.o
                0x08001a78                HAL_RCC_ClockConfig
 .text.HAL_RCC_GetHCLKFreq
                0x08001c70        0xc build/stm32g4xx_hal_rcc.o
                0x08001c70                HAL_RCC_GetHCLKFreq
 .text.HAL_RCC_GetPCLK1Freq
                0x08001c7c       0x24 build/stm32g4xx_hal_rcc.o
                0x08001c7c                HAL_RCC_GetPCLK1Freq
 .text.HAL_RCC_GetPCLK2Freq
                0x08001ca0       0x24 build/stm32g4xx_hal_rcc.o
                0x08001ca0                HAL_RCC_GetPCLK2Freq
 .text.HAL_RCCEx_PeriphCLKConfig
                0x08001cc4      0x35c build/stm32g4xx_hal_rcc_ex.o
                0x08001cc4                HAL_RCCEx_PeriphCLKConfig
 .text.HAL_GPIO_Init
                0x08002020      0x1d4 build/stm32g4xx_hal_gpio.o
                0x08002020                HAL_GPIO_Init
 .text.HAL_GPIO_WritePin
                0x080021f4        0xa build/stm32g4xx_hal_gpio.o
                0x080021f4                HAL_GPIO_WritePin
 .text.HAL_DMA_Abort
                0x080021fe       0x6c build/stm32g4xx_hal_dma.o
                0x080021fe                HAL_DMA_Abort
 .text.HAL_DMA_Abort_IT
                0x0800226a       0x7e build/stm32g4xx_hal_dma.o
                0x0800226a                HAL_DMA_Abort_IT
 .text.HAL_NVIC_SetPriorityGrouping
                0x080022e8       0x24 build/stm32g4xx_hal_cortex.o
                0x080022e8                HAL_NVIC_SetPriorityGrouping
 .text.HAL_NVIC_SetPriority
                0x0800230c       0x70 build/stm32g4xx_hal_cortex.o
                0x0800230c                HAL_NVIC_SetPriority
 .text.HAL_NVIC_EnableIRQ
                0x0800237c       0x1c build/stm32g4xx_hal_cortex.o
                0x0800237c                HAL_NVIC_EnableIRQ
 .text.HAL_SYSTICK_Config
                0x08002398       0x28 build/stm32g4xx_hal_cortex.o
                0x08002398                HAL_SYSTICK_Config
 .text.SystemInit
                0x080023c0       0x14 build/system_stm32g4xx.o
                0x080023c0                SystemInit
 .text.UART_EndRxTransfer
                0x080023d4       0x56 build/stm32g4xx_hal_uart.o
 .text.HAL_UART_TxCpltCallback
                0x0800242a        0x2 build/stm32g4xx_hal_uart.o
                0x0800242a                HAL_UART_TxCpltCallback
 .text.UART_EndTransmit_IT
                0x0800242c       0x24 build/stm32g4xx_hal_uart.o
 .text.HAL_UART_ErrorCallback
                0x08002450        0x2 build/stm32g4xx_hal_uart.o
                0x08002450                HAL_UART_ErrorCallback
 .text.UART_DMAAbortOnError
                0x08002452       0x14 build/stm32g4xx_hal_uart.o
 .text.HAL_UARTEx_RxEventCallback
                0x08002466        0x2 build/stm32g4xx_hal_uart.o
                0x08002466                HAL_UARTEx_RxEventCallback
 .text.HAL_UART_IRQHandler
                0x08002468      0x334 build/stm32g4xx_hal_uart.o
                0x08002468                HAL_UART_IRQHandler
 .text.UART_RxISR_8BIT
                0x0800279c       0xb2 build/stm32g4xx_hal_uart.o
 .text.UART_RxISR_16BIT
                0x0800284e       0xb0 build/stm32g4xx_hal_uart.o
 *fill*         0x080028fe        0x2 
 .text.UART_RxISR_8BIT_FIFOEN
                0x08002900      0x1a0 build/stm32g4xx_hal_uart.o
 .text.UART_RxISR_16BIT_FIFOEN
                0x08002aa0      0x1a0 build/stm32g4xx_hal_uart.o
 .text.UART_SetConfig
                0x08002c40      0x388 build/stm32g4xx_hal_uart.o
                0x08002c40                UART_SetConfig
 .text.UART_AdvFeatureConfig
                0x08002fc8       0xca build/stm32g4xx_hal_uart.o
                0x08002fc8                UART_AdvFeatureConfig
 .text.UART_WaitOnFlagUntilTimeout
                0x08003092       0xdc build/stm32g4xx_hal_uart.o
                0x08003092                UART_WaitOnFlagUntilTimeout
 .text.HAL_UART_Transmit
                0x0800316e       0xde build/stm32g4xx_hal_uart.o
                0x0800316e                HAL_UART_Transmit
 .text.UART_CheckIdleState
                0x0800324c       0x74 build/stm32g4xx_hal_uart.o
                0x0800324c                UART_CheckIdleState
 .text.HAL_UART_Init
                0x080032c0       0x66 build/stm32g4xx_hal_uart.o
                0x080032c0                HAL_UART_Init
 *fill*         0x08003326        0x2 
 .text.UART_Start_Receive_IT
                0x08003328      0x148 build/stm32g4xx_hal_uart.o
                0x08003328                UART_Start_Receive_IT
 .text.HAL_UART_Receive_IT
                0x08003470       0x5c build/stm32g4xx_hal_uart.o
                0x08003470                HAL_UART_Receive_IT
 .text.UARTEx_SetNbDataToProcess
                0x080034cc       0x4c build/stm32g4xx_hal_uart_ex.o
 .text.HAL_RS485Ex_Init
                0x08003518       0x86 build/stm32g4xx_hal_uart_ex.o
                0x08003518                HAL_RS485Ex_Init
 .text.HAL_UARTEx_WakeupCallback
                0x0800359e        0x2 build/stm32g4xx_hal_uart_ex.o
                0x0800359e                HAL_UARTEx_WakeupCallback
 .text.HAL_UARTEx_RxFifoFullCallback
                0x080035a0        0x2 build/stm32g4xx_hal_uart_ex.o
                0x080035a0                HAL_UARTEx_RxFifoFullCallback
 .text.HAL_UARTEx_TxFifoEmptyCallback
                0x080035a2        0x2 build/stm32g4xx_hal_uart_ex.o
                0x080035a2                HAL_UARTEx_TxFifoEmptyCallback
 .text.HAL_UARTEx_DisableFifoMode
                0x080035a4       0x3e build/stm32g4xx_hal_uart_ex.o
                0x080035a4                HAL_UARTEx_DisableFifoMode
 .text.HAL_UARTEx_SetTxFifoThreshold
                0x080035e2       0x4a build/stm32g4xx_hal_uart_ex.o
                0x080035e2                HAL_UARTEx_SetTxFifoThreshold
 .text.HAL_UARTEx_SetRxFifoThreshold
                0x0800362c       0x4a build/stm32g4xx_hal_uart_ex.o
                0x0800362c                HAL_UARTEx_SetRxFifoThreshold
 *fill*         0x08003676        0x2 
 .text.MX_GPIO_Init
                0x08003678      0x120 build/gpio.o
                0x08003678                MX_GPIO_Init
 .text.HAL_TIM_Base_MspInit
                0x08003798       0x2c build/tim.o
                0x08003798                HAL_TIM_Base_MspInit
 .text.HAL_TIM_MspPostInit
                0x080037c4       0x54 build/tim.o
                0x080037c4                HAL_TIM_MspPostInit
 .text.MX_TIM1_Init
                0x08003818      0x100 build/tim.o
                0x08003818                MX_TIM1_Init
 .text.TMAG5170_dev_conf_settings
                0x08003918       0xa4 build/TMAG5170.o
                0x08003918                TMAG5170_dev_conf_settings
 .text.TMAG5170_sens_conf_settings
                0x080039bc       0xac build/TMAG5170.o
                0x080039bc                TMAG5170_sens_conf_settings
 .text.TMAG5170_sys_conf_settings
                0x08003a68       0xb8 build/TMAG5170.o
                0x08003a68                TMAG5170_sys_conf_settings
 .text.TMAG5170_al_conf_settings
                0x08003b20       0xc8 build/TMAG5170.o
                0x08003b20                TMAG5170_al_conf_settings
 .text.DisableCRC
                0x08003be8       0x4c build/TMAG5170.o
                0x08003be8                DisableCRC
 .text.GetAngle
                0x08003c34       0x88 build/TMAG5170.o
                0x08003c34                GetAngle
 .text.MX_SPI1_Init
                0x08003cbc       0x4c build/spi.o
                0x08003cbc                MX_SPI1_Init
 .text.HAL_SPI_MspInit
                0x08003d08       0x64 build/spi.o
                0x08003d08                HAL_SPI_MspInit
 .text.MX_UART4_Init
                0x08003d6c       0x68 build/usart.o
                0x08003d6c                MX_UART4_Init
 .text.MX_USART2_UART_Init
                0x08003dd4       0x6c build/usart.o
                0x08003dd4                MX_USART2_UART_Init
 .text.HAL_UART_MspInit
                0x08003e40       0xf8 build/usart.o
                0x08003e40                HAL_UART_MspInit
 .text.SPI_WaitFlagStateUntilTimeout
                0x08003f38       0xd4 build/stm32g4xx_hal_spi.o
 .text.SPI_WaitFifoStateUntilTimeout
                0x0800400c       0xf4 build/stm32g4xx_hal_spi.o
 .text.SPI_EndRxTxTransaction
                0x08004100       0x62 build/stm32g4xx_hal_spi.o
 .text.SPI_EndRxTransaction
                0x08004162       0x82 build/stm32g4xx_hal_spi.o
 .text.HAL_SPI_Init
                0x080041e4       0xe8 build/stm32g4xx_hal_spi.o
                0x080041e4                HAL_SPI_Init
 .text.HAL_SPI_Transmit
                0x080042cc      0x202 build/stm32g4xx_hal_spi.o
                0x080042cc                HAL_SPI_Transmit
 .text.HAL_SPI_TransmitReceive
                0x080044ce      0x2de build/stm32g4xx_hal_spi.o
                0x080044ce                HAL_SPI_TransmitReceive
 .text.HAL_SPI_Receive
                0x080047ac      0x1aa build/stm32g4xx_hal_spi.o
                0x080047ac                HAL_SPI_Receive
 *fill*         0x08004956        0x2 
 .text.Reset_Handler
                0x08004958       0x50 build/startup_stm32g491xx.o
                0x08004958                Reset_Handler
 .text.Default_Handler
                0x080049a8        0x2 build/startup_stm32g491xx.o
                0x080049a8                RTC_Alarm_IRQHandler
                0x080049a8                EXTI2_IRQHandler
                0x080049a8                TIM8_TRG_COM_IRQHandler
                0x080049a8                TIM8_CC_IRQHandler
                0x080049a8                TIM1_CC_IRQHandler
                0x080049a8                USB_HP_IRQHandler
                0x080049a8                CORDIC_IRQHandler
                0x080049a8                DMA2_Channel8_IRQHandler
                0x080049a8                EXTI3_IRQHandler
                0x080049a8                I2C3_ER_IRQHandler
                0x080049a8                EXTI0_IRQHandler
                0x080049a8                I2C2_EV_IRQHandler
                0x080049a8                FPU_IRQHandler
                0x080049a8                FDCAN1_IT1_IRQHandler
                0x080049a8                TIM1_UP_TIM16_IRQHandler
                0x080049a8                ADC1_2_IRQHandler
                0x080049a8                SPI1_IRQHandler
                0x080049a8                TIM6_DAC_IRQHandler
                0x080049a8                TIM8_UP_IRQHandler
                0x080049a8                DMA2_Channel2_IRQHandler
                0x080049a8                DMA1_Channel4_IRQHandler
                0x080049a8                TIM20_TRG_COM_IRQHandler
                0x080049a8                USART3_IRQHandler
                0x080049a8                DMA1_Channel7_IRQHandler
                0x080049a8                UART5_IRQHandler
                0x080049a8                ADC3_IRQHandler
                0x080049a8                TIM4_IRQHandler
                0x080049a8                DMA2_Channel1_IRQHandler
                0x080049a8                QUADSPI_IRQHandler
                0x080049a8                I2C1_EV_IRQHandler
                0x080049a8                DMA1_Channel6_IRQHandler
                0x080049a8                UART4_IRQHandler
                0x080049a8                DMA2_Channel4_IRQHandler
                0x080049a8                TIM3_IRQHandler
                0x080049a8                RCC_IRQHandler
                0x080049a8                TIM20_UP_IRQHandler
                0x080049a8                DMA1_Channel1_IRQHandler
                0x080049a8                Default_Handler
                0x080049a8                DMA2_Channel7_IRQHandler
                0x080049a8                RTC_TAMP_LSECSS_IRQHandler
                0x080049a8                FMAC_IRQHandler
                0x080049a8                EXTI15_10_IRQHandler
                0x080049a8                DMA1_Channel8_IRQHandler
                0x080049a8                TIM7_IRQHandler
                0x080049a8                UCPD1_IRQHandler
                0x080049a8                I2C3_EV_IRQHandler
                0x080049a8                EXTI9_5_IRQHandler
                0x080049a8                RTC_WKUP_IRQHandler
                0x080049a8                PVD_PVM_IRQHandler
                0x080049a8                SPI2_IRQHandler
                0x080049a8                DMA2_Channel5_IRQHandler
                0x080049a8                CRS_IRQHandler
                0x080049a8                DMA1_Channel5_IRQHandler
                0x080049a8                USB_LP_IRQHandler
                0x080049a8                EXTI4_IRQHandler
                0x080049a8                RNG_IRQHandler
                0x080049a8                TIM1_TRG_COM_TIM17_IRQHandler
                0x080049a8                FDCAN2_IT1_IRQHandler
                0x080049a8                DMA1_Channel3_IRQHandler
                0x080049a8                WWDG_IRQHandler
                0x080049a8                FDCAN2_IT0_IRQHandler
                0x080049a8                LPUART1_IRQHandler
                0x080049a8                DMA2_Channel6_IRQHandler
                0x080049a8                FDCAN1_IT0_IRQHandler
                0x080049a8                TIM2_IRQHandler
                0x080049a8                COMP1_2_3_IRQHandler
                0x080049a8                EXTI1_IRQHandler
                0x080049a8                TIM20_BRK_IRQHandler
                0x080049a8                I2C2_ER_IRQHandler
                0x080049a8                DMA1_Channel2_IRQHandler
                0x080049a8                TIM8_BRK_IRQHandler
                0x080049a8                FLASH_IRQHandler
                0x080049a8                TIM20_CC_IRQHandler
                0x080049a8                USART1_IRQHandler
                0x080049a8                SPI3_IRQHandler
                0x080049a8                I2C1_ER_IRQHandler
                0x080049a8                LPTIM1_IRQHandler
                0x080049a8                DMAMUX_OVR_IRQHandler
                0x080049a8                USBWakeUp_IRQHandler
                0x080049a8                SAI1_IRQHandler
                0x080049a8                DMA2_Channel3_IRQHandler
                0x080049a8                COMP4_IRQHandler
                0x080049a8                TIM1_BRK_TIM15_IRQHandler
 *fill*         0x080049aa        0x2 
 .text.__libc_init_array
                0x080049ac       0x48 c:/program files (x86)/gnu arm embedded toolchain/10 2021.10/bin/../lib/gcc/arm-none-eabi/10.3.1/../../../../arm-none-eabi/lib/thumb/v7e-m+fp/hard\libc_nano.a(lib_a-init.o)
                0x080049ac                __libc_init_array
 .text.memset   0x080049f4       0x10 c:/program files (x86)/gnu arm embedded toolchain/10 2021.10/bin/../lib/gcc/arm-none-eabi/10.3.1/../../../../arm-none-eabi/lib/thumb/v7e-m+fp/hard\libc_nano.a(lib_a-memset.o)
                0x080049f4                memset
 *(.glue_7)
 .glue_7        0x08004a04        0x0 linker stubs
 *(.glue_7t)
 .glue_7t       0x08004a04        0x0 linker stubs
 *(.eh_frame)
 .eh_frame      0x08004a04        0x0 c:/program files (x86)/gnu arm embedded toolchain/10 2021.10/bin/../lib/gcc/arm-none-eabi/10.3.1/thumb/v7e-m+fp/hard/crtbegin.o
 *(.init)
 .init          0x08004a04        0x4 c:/program files (x86)/gnu arm embedded toolchain/10 2021.10/bin/../lib/gcc/arm-none-eabi/10.3.1/thumb/v7e-m+fp/hard/crti.o
                0x08004a04                _init
 .init          0x08004a08        0x8 c:/program files (x86)/gnu arm embedded toolchain/10 2021.10/bin/../lib/gcc/arm-none-eabi/10.3.1/thumb/v7e-m+fp/hard/crtn.o
 *(.fini)
 .fini          0x08004a10        0x4 c:/program files (x86)/gnu arm embedded toolchain/10 2021.10/bin/../lib/gcc/arm-none-eabi/10.3.1/thumb/v7e-m+fp/hard/crti.o
                0x08004a10                _fini
 .fini          0x08004a14        0x8 c:/program files (x86)/gnu arm embedded toolchain/10 2021.10/bin/../lib/gcc/arm-none-eabi/10.3.1/thumb/v7e-m+fp/hard/crtn.o
                0x08004a1c                . = ALIGN (0x4)
                0x08004a1c                _etext = .

.vfp11_veneer   0x08004a1c        0x0
 .vfp11_veneer  0x08004a1c        0x0 linker stubs

.v4_bx          0x08004a1c        0x0
 .v4_bx         0x08004a1c        0x0 linker stubs

.iplt           0x08004a1c        0x0
 .iplt          0x08004a1c        0x0 c:/program files (x86)/gnu arm embedded toolchain/10 2021.10/bin/../lib/gcc/arm-none-eabi/10.3.1/thumb/v7e-m+fp/hard/crtbegin.o

.rodata         0x08004a1c       0x70
                0x08004a1c                . = ALIGN (0x4)
 *(.rodata)
 *(.rodata*)
 .rodata.main.str1.4
                0x08004a1c       0x2f build/main.o
 *fill*         0x08004a4b        0x1 
 .rodata.AHBPrescTable
                0x08004a4c       0x10 build/system_stm32g4xx.o
                0x08004a4c                AHBPrescTable
 .rodata.APBPrescTable
                0x08004a5c        0x8 build/system_stm32g4xx.o
                0x08004a5c                APBPrescTable
 .rodata.UARTPrescTable
                0x08004a64       0x18 build/stm32g4xx_hal_uart.o
                0x08004a64                UARTPrescTable
 .rodata.denominator.0
                0x08004a7c        0x8 build/stm32g4xx_hal_uart_ex.o
 .rodata.numerator.1
                0x08004a84        0x8 build/stm32g4xx_hal_uart_ex.o
                0x08004a8c                . = ALIGN (0x4)

.ARM.extab
 *(.ARM.extab* .gnu.linkonce.armextab.*)

.ARM            0x08004a8c        0x8
                0x08004a8c                __exidx_start = .
 *(.ARM.exidx*)
 .ARM.exidx     0x08004a8c        0x8 c:/program files (x86)/gnu arm embedded toolchain/10 2021.10/bin/../lib/gcc/arm-none-eabi/10.3.1/thumb/v7e-m+fp/hard\libgcc.a(_udivmoddi4.o)
                0x08004a94                __exidx_end = .

.rel.dyn        0x08004a94        0x0
 .rel.iplt      0x08004a94        0x0 c:/program files (x86)/gnu arm embedded toolchain/10 2021.10/bin/../lib/gcc/arm-none-eabi/10.3.1/thumb/v7e-m+fp/hard/crtbegin.o

.preinit_array  0x08004a94        0x0
                0x08004a94                PROVIDE (__preinit_array_start = .)
 *(.preinit_array*)
                0x08004a94                PROVIDE (__preinit_array_end = .)

.init_array     0x08004a94        0x4
                0x08004a94                PROVIDE (__init_array_start = .)
 *(SORT_BY_NAME(.init_array.*))
 *(.init_array*)
 .init_array    0x08004a94        0x4 c:/program files (x86)/gnu arm embedded toolchain/10 2021.10/bin/../lib/gcc/arm-none-eabi/10.3.1/thumb/v7e-m+fp/hard/crtbegin.o
                0x08004a98                PROVIDE (__init_array_end = .)

.fini_array     0x08004a98        0x4
                [!provide]                PROVIDE (__fini_array_start = .)
 *(SORT_BY_NAME(.fini_array.*))
 *(.fini_array*)
 .fini_array    0x08004a98        0x4 c:/program files (x86)/gnu arm embedded toolchain/10 2021.10/bin/../lib/gcc/arm-none-eabi/10.3.1/thumb/v7e-m+fp/hard/crtbegin.o
                [!provide]                PROVIDE (__fini_array_end = .)
                0x08004a9c                _sidata = LOADADDR (.data)

.data           0x20000000        0xc load address 0x08004a9c
                0x20000000                . = ALIGN (0x4)
                0x20000000                _sdata = .
 *(.data)
 *(.data*)
 .data.uwTickFreq
                0x20000000        0x4 build/stm32g4xx_hal.o
                0x20000000                uwTickFreq
 .data.uwTickPrio
                0x20000004        0x4 build/stm32g4xx_hal.o
                0x20000004                uwTickPrio
 .data.SystemCoreClock
                0x20000008        0x4 build/system_stm32g4xx.o
                0x20000008                SystemCoreClock
                0x2000000c                . = ALIGN (0x4)
                0x2000000c                _edata = .

.igot.plt       0x2000000c        0x0 load address 0x08004aa8
 .igot.plt      0x2000000c        0x0 c:/program files (x86)/gnu arm embedded toolchain/10 2021.10/bin/../lib/gcc/arm-none-eabi/10.3.1/thumb/v7e-m+fp/hard/crtbegin.o
                0x2000000c                . = ALIGN (0x4)

.bss            0x2000000c      0x218 load address 0x08004aa8
                0x2000000c                _sbss = .
                0x2000000c                __bss_start__ = _sbss
 *(.bss)
 .bss           0x2000000c       0x1c c:/program files (x86)/gnu arm embedded toolchain/10 2021.10/bin/../lib/gcc/arm-none-eabi/10.3.1/thumb/v7e-m+fp/hard/crtbegin.o
 *(.bss*)
 .bss.data      0x20000028        0x1 build/main.o
                0x20000028                data
 *fill*         0x20000029        0x3 
 .bss.uwTick    0x2000002c        0x4 build/stm32g4xx_hal.o
                0x2000002c                uwTick
 .bss.htim1     0x20000030       0x4c build/tim.o
                0x20000030                htim1
 .bss.AlertConfigSettings
                0x2000007c        0x9 build/TMAG5170.o
 *fill*         0x20000085        0x3 
 .bss.DeviceConfigSettings
                0x20000088        0x6 build/TMAG5170.o
 *fill*         0x2000008e        0x2 
 .bss.SensorConfigSettings
                0x20000090        0x6 build/TMAG5170.o
 *fill*         0x20000096        0x2 
 .bss.SystemConfigSettings
                0x20000098        0x7 build/TMAG5170.o
 .bss.register_address
                0x2000009f        0x1 build/TMAG5170.o
 .bss.hspi1     0x200000a0       0x64 build/spi.o
                0x200000a0                hspi1
 .bss.huart2    0x20000104       0x90 build/usart.o
                0x20000104                huart2
 .bss.huart4    0x20000194       0x90 build/usart.o
                0x20000194                huart4
 *(COMMON)
                0x20000224                . = ALIGN (0x4)
                0x20000224                _ebss = .
                0x20000224                __bss_end__ = _ebss

._user_heap_stack
                0x20000224      0x604 load address 0x08004aa8
                0x20000228                . = ALIGN (0x8)
 *fill*         0x20000224        0x4 
                [!provide]                PROVIDE (end = .)
                [!provide]                PROVIDE (_end = .)
                0x20000428                . = (. + _Min_Heap_Size)
 *fill*         0x20000228      0x200 
                0x20000828                . = (. + _Min_Stack_Size)
 *fill*         0x20000428      0x400 
                0x20000828                . = ALIGN (0x8)

/DISCARD/
 libc.a(*)
 libm.a(*)
 libgcc.a(*)

.ARM.attributes
                0x00000000       0x30
 *(.ARM.attributes)
 .ARM.attributes
                0x00000000       0x1e c:/program files (x86)/gnu arm embedded toolchain/10 2021.10/bin/../lib/gcc/arm-none-eabi/10.3.1/thumb/v7e-m+fp/hard/crti.o
 .ARM.attributes
                0x0000001e       0x34 c:/program files (x86)/gnu arm embedded toolchain/10 2021.10/bin/../lib/gcc/arm-none-eabi/10.3.1/thumb/v7e-m+fp/hard/crtbegin.o
 .ARM.attributes
                0x00000052       0x34 build/main.o
 .ARM.attributes
                0x00000086       0x34 build/stm32g4xx_it.o
 .ARM.attributes
                0x000000ba       0x34 build/stm32g4xx_hal_msp.o
 .ARM.attributes
                0x000000ee       0x34 build/stm32g4xx_hal_tim.o
 .ARM.attributes
                0x00000122       0x34 build/stm32g4xx_hal_tim_ex.o
 .ARM.attributes
                0x00000156       0x34 build/stm32g4xx_hal_pwr_ex.o
 .ARM.attributes
                0x0000018a       0x34 build/stm32g4xx_hal.o
 .ARM.attributes
                0x000001be       0x34 build/stm32g4xx_hal_rcc.o
 .ARM.attributes
                0x000001f2       0x34 build/stm32g4xx_hal_rcc_ex.o
 .ARM.attributes
                0x00000226       0x34 build/stm32g4xx_hal_gpio.o
 .ARM.attributes
                0x0000025a       0x34 build/stm32g4xx_hal_dma.o
 .ARM.attributes
                0x0000028e       0x34 build/stm32g4xx_hal_cortex.o
 .ARM.attributes
                0x000002c2       0x34 build/system_stm32g4xx.o
 .ARM.attributes
                0x000002f6       0x34 build/stm32g4xx_hal_uart.o
 .ARM.attributes
                0x0000032a       0x34 build/stm32g4xx_hal_uart_ex.o
 .ARM.attributes
                0x0000035e       0x34 build/gpio.o
 .ARM.attributes
                0x00000392       0x34 build/tim.o
 .ARM.attributes
                0x000003c6       0x34 build/TMAG5170.o
 .ARM.attributes
                0x000003fa       0x34 build/spi.o
 .ARM.attributes
                0x0000042e       0x34 build/usart.o
 .ARM.attributes
                0x00000462       0x34 build/stm32g4xx_hal_spi.o
 .ARM.attributes
                0x00000496       0x21 build/startup_stm32g491xx.o
 .ARM.attributes
                0x000004b7       0x34 c:/program files (x86)/gnu arm embedded toolchain/10 2021.10/bin/../lib/gcc/arm-none-eabi/10.3.1/../../../../arm-none-eabi/lib/thumb/v7e-m+fp/hard\libc_nano.a(lib_a-init.o)
 .ARM.attributes
                0x000004eb       0x34 c:/program files (x86)/gnu arm embedded toolchain/10 2021.10/bin/../lib/gcc/arm-none-eabi/10.3.1/../../../../arm-none-eabi/lib/thumb/v7e-m+fp/hard\libc_nano.a(lib_a-memset.o)
 .ARM.attributes
                0x0000051f       0x1e c:/program files (x86)/gnu arm embedded toolchain/10 2021.10/bin/../lib/gcc/arm-none-eabi/10.3.1/thumb/v7e-m+fp/hard\libgcc.a(_aeabi_uldivmod.o)
 .ARM.attributes
                0x0000053d       0x34 c:/program files (x86)/gnu arm embedded toolchain/10 2021.10/bin/../lib/gcc/arm-none-eabi/10.3.1/thumb/v7e-m+fp/hard\libgcc.a(_udivmoddi4.o)
 .ARM.attributes
                0x00000571       0x1e c:/program files (x86)/gnu arm embedded toolchain/10 2021.10/bin/../lib/gcc/arm-none-eabi/10.3.1/thumb/v7e-m+fp/hard\libgcc.a(_dvmd_tls.o)
 .ARM.attributes
                0x0000058f       0x1e c:/program files (x86)/gnu arm embedded toolchain/10 2021.10/bin/../lib/gcc/arm-none-eabi/10.3.1/thumb/v7e-m+fp/hard/crtn.o
OUTPUT(build/program.elf elf32-littlearm)
LOAD linker stubs
LOAD c:/program files (x86)/gnu arm embedded toolchain/10 2021.10/bin/../lib/gcc/arm-none-eabi/10.3.1/../../../../arm-none-eabi/lib/thumb/v7e-m+fp/hard\libc.a
LOAD c:/program files (x86)/gnu arm embedded toolchain/10 2021.10/bin/../lib/gcc/arm-none-eabi/10.3.1/../../../../arm-none-eabi/lib/thumb/v7e-m+fp/hard\libm.a
LOAD c:/program files (x86)/gnu arm embedded toolchain/10 2021.10/bin/../lib/gcc/arm-none-eabi/10.3.1/thumb/v7e-m+fp/hard\libgcc.a

.debug_info     0x00000000    0x1ebe5
 .debug_info    0x00000000     0x1b74 build/main.o
 .debug_info    0x00001b74      0x974 build/stm32g4xx_it.o
 .debug_info    0x000024e8      0x3a1 build/stm32g4xx_hal_msp.o
 .debug_info    0x00002889     0x43da build/stm32g4xx_hal_tim.o
 .debug_info    0x00006c63     0x274c build/stm32g4xx_hal_tim_ex.o
 .debug_info    0x000093af      0xb20 build/stm32g4xx_hal_pwr_ex.o
 .debug_info    0x00009ecf      0xce1 build/stm32g4xx_hal.o
 .debug_info    0x0000abb0      0xfdb build/stm32g4xx_hal_rcc.o
 .debug_info    0x0000bb8b     0x1086 build/stm32g4xx_hal_rcc_ex.o
 .debug_info    0x0000cc11      0x92d build/stm32g4xx_hal_gpio.o
 .debug_info    0x0000d53e      0xaeb build/stm32g4xx_hal_dma.o
 .debug_info    0x0000e029     0x116b build/stm32g4xx_hal_cortex.o
 .debug_info    0x0000f194      0x649 build/system_stm32g4xx.o
 .debug_info    0x0000f7dd     0x6445 build/stm32g4xx_hal_uart.o
 .debug_info    0x00015c22     0x1359 build/stm32g4xx_hal_uart_ex.o
 .debug_info    0x00016f7b      0x663 build/gpio.o
 .debug_info    0x000175de     0x11a2 build/tim.o
 .debug_info    0x00018780     0x1ef8 build/TMAG5170.o
 .debug_info    0x0001a678      0xcd3 build/spi.o
 .debug_info    0x0001b34b     0x1417 build/usart.o
 .debug_info    0x0001c762     0x2461 build/stm32g4xx_hal_spi.o
 .debug_info    0x0001ebc3       0x22 build/startup_stm32g491xx.o

.debug_abbrev   0x00000000     0x2f9e
 .debug_abbrev  0x00000000      0x26c build/main.o
 .debug_abbrev  0x0000026c      0x15e build/stm32g4xx_it.o
 .debug_abbrev  0x000003ca       0xd9 build/stm32g4xx_hal_msp.o
 .debug_abbrev  0x000004a3      0x291 build/stm32g4xx_hal_tim.o
 .debug_abbrev  0x00000734      0x2a7 build/stm32g4xx_hal_tim_ex.o
 .debug_abbrev  0x000009db      0x264 build/stm32g4xx_hal_pwr_ex.o
 .debug_abbrev  0x00000c3f      0x25d build/stm32g4xx_hal.o
 .debug_abbrev  0x00000e9c      0x2ac build/stm32g4xx_hal_rcc.o
 .debug_abbrev  0x00001148      0x262 build/stm32g4xx_hal_rcc_ex.o
 .debug_abbrev  0x000013aa      0x222 build/stm32g4xx_hal_gpio.o
 .debug_abbrev  0x000015cc      0x251 build/stm32g4xx_hal_dma.o
 .debug_abbrev  0x0000181d      0x379 build/stm32g4xx_hal_cortex.o
 .debug_abbrev  0x00001b96      0x11b build/system_stm32g4xx.o
 .debug_abbrev  0x00001cb1      0x343 build/stm32g4xx_hal_uart.o
 .debug_abbrev  0x00001ff4      0x308 build/stm32g4xx_hal_uart_ex.o
 .debug_abbrev  0x000022fc      0x151 build/gpio.o
 .debug_abbrev  0x0000244d      0x241 build/tim.o
 .debug_abbrev  0x0000268e      0x2b6 build/TMAG5170.o
 .debug_abbrev  0x00002944      0x1d7 build/spi.o
 .debug_abbrev  0x00002b1b      0x1f9 build/usart.o
 .debug_abbrev  0x00002d14      0x278 build/stm32g4xx_hal_spi.o
 .debug_abbrev  0x00002f8c       0x12 build/startup_stm32g491xx.o

.debug_loc      0x00000000    0x17c32
 .debug_loc     0x00000000       0xd4 build/main.o
 .debug_loc     0x000000d4       0x40 build/stm32g4xx_it.o
 .debug_loc     0x00000114       0x38 build/stm32g4xx_hal_msp.o
 .debug_loc     0x0000014c     0x6353 build/stm32g4xx_hal_tim.o
 .debug_loc     0x0000649f     0x2ff5 build/stm32g4xx_hal_tim_ex.o
 .debug_loc     0x00009494      0xa26 build/stm32g4xx_hal_pwr_ex.o
 .debug_loc     0x00009eba      0x2af build/stm32g4xx_hal.o
 .debug_loc     0x0000a169      0x999 build/stm32g4xx_hal_rcc.o
 .debug_loc     0x0000ab02     0x158d build/stm32g4xx_hal_rcc_ex.o
 .debug_loc     0x0000c08f      0x46f build/stm32g4xx_hal_gpio.o
 .debug_loc     0x0000c4fe      0x9d0 build/stm32g4xx_hal_dma.o
 .debug_loc     0x0000cece      0x796 build/stm32g4xx_hal_cortex.o
 .debug_loc     0x0000d664       0x9d build/system_stm32g4xx.o
 .debug_loc     0x0000d701     0x6208 build/stm32g4xx_hal_uart.o
 .debug_loc     0x00013909      0xe33 build/stm32g4xx_hal_uart_ex.o
 .debug_loc     0x0001473c       0x39 build/gpio.o
 .debug_loc     0x00014775       0xf8 build/tim.o
 .debug_loc     0x0001486d      0x9bf build/TMAG5170.o
 .debug_loc     0x0001522c      0x108 build/spi.o
 .debug_loc     0x00015334      0x161 build/usart.o
 .debug_loc     0x00015495     0x279d build/stm32g4xx_hal_spi.o

.debug_aranges  0x00000000     0x1258
 .debug_aranges
                0x00000000       0x38 build/main.o
 .debug_aranges
                0x00000038       0x68 build/stm32g4xx_it.o
 .debug_aranges
                0x000000a0       0x20 build/stm32g4xx_hal_msp.o
 .debug_aranges
                0x000000c0      0x3e0 build/stm32g4xx_hal_tim.o
 .debug_aranges
                0x000004a0      0x240 build/stm32g4xx_hal_tim_ex.o
 .debug_aranges
                0x000006e0      0x140 build/stm32g4xx_hal_pwr_ex.o
 .debug_aranges
                0x00000820      0x130 build/stm32g4xx_hal.o
 .debug_aranges
                0x00000950       0x98 build/stm32g4xx_hal_rcc.o
 .debug_aranges
                0x000009e8       0xb0 build/stm32g4xx_hal_rcc_ex.o
 .debug_aranges
                0x00000a98       0x58 build/stm32g4xx_hal_gpio.o
 .debug_aranges
                0x00000af0       0x90 build/stm32g4xx_hal_dma.o
 .debug_aranges
                0x00000b80       0xa8 build/stm32g4xx_hal_cortex.o
 .debug_aranges
                0x00000c28       0x28 build/system_stm32g4xx.o
 .debug_aranges
                0x00000c50      0x248 build/stm32g4xx_hal_uart.o
 .debug_aranges
                0x00000e98       0xa0 build/stm32g4xx_hal_uart_ex.o
 .debug_aranges
                0x00000f38       0x20 build/gpio.o
 .debug_aranges
                0x00000f58       0x38 build/tim.o
 .debug_aranges
                0x00000f90       0x60 build/TMAG5170.o
 .debug_aranges
                0x00000ff0       0x30 build/spi.o
 .debug_aranges
                0x00001020       0x38 build/usart.o
 .debug_aranges
                0x00001058      0x1d8 build/stm32g4xx_hal_spi.o
 .debug_aranges
                0x00001230       0x28 build/startup_stm32g491xx.o

.debug_ranges   0x00000000     0x1190
 .debug_ranges  0x00000000       0x28 build/main.o
 .debug_ranges  0x00000028       0x58 build/stm32g4xx_it.o
 .debug_ranges  0x00000080       0x10 build/stm32g4xx_hal_msp.o
 .debug_ranges  0x00000090      0x3d0 build/stm32g4xx_hal_tim.o
 .debug_ranges  0x00000460      0x230 build/stm32g4xx_hal_tim_ex.o
 .debug_ranges  0x00000690      0x130 build/stm32g4xx_hal_pwr_ex.o
 .debug_ranges  0x000007c0      0x120 build/stm32g4xx_hal.o
 .debug_ranges  0x000008e0       0xa0 build/stm32g4xx_hal_rcc.o
 .debug_ranges  0x00000980       0xb8 build/stm32g4xx_hal_rcc_ex.o
 .debug_ranges  0x00000a38       0x48 build/stm32g4xx_hal_gpio.o
 .debug_ranges  0x00000a80       0x80 build/stm32g4xx_hal_dma.o
 .debug_ranges  0x00000b00       0xf8 build/stm32g4xx_hal_cortex.o
 .debug_ranges  0x00000bf8       0x18 build/system_stm32g4xx.o
 .debug_ranges  0x00000c10      0x238 build/stm32g4xx_hal_uart.o
 .debug_ranges  0x00000e48       0x90 build/stm32g4xx_hal_uart_ex.o
 .debug_ranges  0x00000ed8       0x10 build/gpio.o
 .debug_ranges  0x00000ee8       0x28 build/tim.o
 .debug_ranges  0x00000f10       0x50 build/TMAG5170.o
 .debug_ranges  0x00000f60       0x20 build/spi.o
 .debug_ranges  0x00000f80       0x28 build/usart.o
 .debug_ranges  0x00000fa8      0x1c8 build/stm32g4xx_hal_spi.o
 .debug_ranges  0x00001170       0x20 build/startup_stm32g491xx.o

.debug_line     0x00000000    0x1800a
 .debug_line    0x00000000      0x48c build/main.o
 .debug_line    0x0000048c      0x2e4 build/stm32g4xx_it.o
 .debug_line    0x00000770      0x1aa build/stm32g4xx_hal_msp.o
 .debug_line    0x0000091a     0x544a build/stm32g4xx_hal_tim.o
 .debug_line    0x00005d64     0x2607 build/stm32g4xx_hal_tim_ex.o
 .debug_line    0x0000836b      0xa7c build/stm32g4xx_hal_pwr_ex.o
 .debug_line    0x00008de7      0x692 build/stm32g4xx_hal.o
 .debug_line    0x00009479      0xdf3 build/stm32g4xx_hal_rcc.o
 .debug_line    0x0000a26c     0x1202 build/stm32g4xx_hal_rcc_ex.o
 .debug_line    0x0000b46e      0x692 build/stm32g4xx_hal_gpio.o
 .debug_line    0x0000bb00      0xc54 build/stm32g4xx_hal_dma.o
 .debug_line    0x0000c754      0x772 build/stm32g4xx_hal_cortex.o
 .debug_line    0x0000cec6      0x251 build/system_stm32g4xx.o
 .debug_line    0x0000d117     0x6350 build/stm32g4xx_hal_uart.o
 .debug_line    0x00013467      0xd07 build/stm32g4xx_hal_uart_ex.o
 .debug_line    0x0001416e      0x292 build/gpio.o
 .debug_line    0x00014400      0x42c build/tim.o
 .debug_line    0x0001482c      0x695 build/TMAG5170.o
 .debug_line    0x00014ec1      0x2fe build/spi.o
 .debug_line    0x000151bf      0x4b6 build/usart.o
 .debug_line    0x00015675     0x291e build/stm32g4xx_hal_spi.o
 .debug_line    0x00017f93       0x77 build/startup_stm32g491xx.o

.debug_str      0x00000000     0x6df3
 .debug_str     0x00000000     0x1c91 build/main.o
                               0x1dc8 (size before relaxing)
 .debug_str     0x00001c91       0xda build/stm32g4xx_it.o
                                0x7a4 (size before relaxing)
 .debug_str     0x00001d6b      0x194 build/stm32g4xx_hal_msp.o
                                0x323 (size before relaxing)
 .debug_str     0x00001eff      0xfd3 build/stm32g4xx_hal_tim.o
                               0x1854 (size before relaxing)
 .debug_str     0x00002ed2      0x9b3 build/stm32g4xx_hal_tim_ex.o
                               0x14bc (size before relaxing)
 .debug_str     0x00003885      0x593 build/stm32g4xx_hal_pwr_ex.o
                                0x7d7 (size before relaxing)
 .debug_str     0x00003e18      0x97b build/stm32g4xx_hal.o
                                0xcfc (size before relaxing)
 .debug_str     0x00004793      0x2cb build/stm32g4xx_hal_rcc.o
                                0x824 (size before relaxing)
 .debug_str     0x00004a5e      0x54e build/stm32g4xx_hal_rcc_ex.o
                                0xa47 (size before relaxing)
 .debug_str     0x00004fac      0x101 build/stm32g4xx_hal_gpio.o
                                0x535 (size before relaxing)
 .debug_str     0x000050ad      0x29e build/stm32g4xx_hal_dma.o
                                0x796 (size before relaxing)
 .debug_str     0x0000534b      0x44b build/stm32g4xx_hal_cortex.o
                                0xc4b (size before relaxing)
 .debug_str     0x00005796       0x3d build/system_stm32g4xx.o
                                0x3bc (size before relaxing)
 .debug_str     0x000057d3      0x860 build/stm32g4xx_hal_uart.o
                               0x11f7 (size before relaxing)
 .debug_str     0x00006033      0x27c build/stm32g4xx_hal_uart_ex.o
                                0xb06 (size before relaxing)
 .debug_str     0x000062af       0x10 build/gpio.o
                                0x3c5 (size before relaxing)
 .debug_str     0x000062bf       0x46 build/tim.o
                                0xcdc (size before relaxing)
 .debug_str     0x00006305      0x539 build/TMAG5170.o
                               0x1d17 (size before relaxing)
 .debug_str     0x0000683e       0x48 build/spi.o
                                0x8e5 (size before relaxing)
 .debug_str     0x00006886       0x23 build/usart.o
                               0x10fd (size before relaxing)
 .debug_str     0x000068a9      0x526 build/stm32g4xx_hal_spi.o
                                0xcdb (size before relaxing)
 .debug_str     0x00006dcf       0x24 build/startup_stm32g491xx.o
                                 0x5b (size before relaxing)

.comment        0x00000000       0x49
 .comment       0x00000000       0x49 build/main.o
                                 0x4a (size before relaxing)
 .comment       0x00000049       0x4a build/stm32g4xx_it.o
 .comment       0x00000049       0x4a build/stm32g4xx_hal_msp.o
 .comment       0x00000049       0x4a build/stm32g4xx_hal_tim.o
 .comment       0x00000049       0x4a build/stm32g4xx_hal_tim_ex.o
 .comment       0x00000049       0x4a build/stm32g4xx_hal_pwr_ex.o
 .comment       0x00000049       0x4a build/stm32g4xx_hal.o
 .comment       0x00000049       0x4a build/stm32g4xx_hal_rcc.o
 .comment       0x00000049       0x4a build/stm32g4xx_hal_rcc_ex.o
 .comment       0x00000049       0x4a build/stm32g4xx_hal_gpio.o
 .comment       0x00000049       0x4a build/stm32g4xx_hal_dma.o
 .comment       0x00000049       0x4a build/stm32g4xx_hal_cortex.o
 .comment       0x00000049       0x4a build/system_stm32g4xx.o
 .comment       0x00000049       0x4a build/stm32g4xx_hal_uart.o
 .comment       0x00000049       0x4a build/stm32g4xx_hal_uart_ex.o
 .comment       0x00000049       0x4a build/gpio.o
 .comment       0x00000049       0x4a build/tim.o
 .comment       0x00000049       0x4a build/TMAG5170.o
 .comment       0x00000049       0x4a build/spi.o
 .comment       0x00000049       0x4a build/usart.o
 .comment       0x00000049       0x4a build/stm32g4xx_hal_spi.o

.debug_frame    0x00000000     0x302c
 .debug_frame   0x00000000       0x70 build/main.o
 .debug_frame   0x00000070       0xc0 build/stm32g4xx_it.o
 .debug_frame   0x00000130       0x2c build/stm32g4xx_hal_msp.o
 .debug_frame   0x0000015c      0xb54 build/stm32g4xx_hal_tim.o
 .debug_frame   0x00000cb0      0x614 build/stm32g4xx_hal_tim_ex.o
 .debug_frame   0x000012c4      0x268 build/stm32g4xx_hal_pwr_ex.o
 .debug_frame   0x0000152c      0x274 build/stm32g4xx_hal.o
 .debug_frame   0x000017a0      0x198 build/stm32g4xx_hal_rcc.o
 .debug_frame   0x00001938      0x1a0 build/stm32g4xx_hal_rcc_ex.o
 .debug_frame   0x00001ad8       0xd0 build/stm32g4xx_hal_gpio.o
 .debug_frame   0x00001ba8      0x170 build/stm32g4xx_hal_dma.o
 .debug_frame   0x00001d18      0x148 build/stm32g4xx_hal_cortex.o
 .debug_frame   0x00001e60       0x30 build/system_stm32g4xx.o
 .debug_frame   0x00001e90      0x67c build/stm32g4xx_hal_uart.o
 .debug_frame   0x0000250c      0x1c8 build/stm32g4xx_hal_uart_ex.o
 .debug_frame   0x000026d4       0x38 build/gpio.o
 .debug_frame   0x0000270c       0x7c build/tim.o
 .debug_frame   0x00002788      0x144 build/TMAG5170.o
 .debug_frame   0x000028cc       0x60 build/spi.o
 .debug_frame   0x0000292c       0x7c build/usart.o
 .debug_frame   0x000029a8      0x5d8 build/stm32g4xx_hal_spi.o
 .debug_frame   0x00002f80       0x2c c:/program files (x86)/gnu arm embedded toolchain/10 2021.10/bin/../lib/gcc/arm-none-eabi/10.3.1/../../../../arm-none-eabi/lib/thumb/v7e-m+fp/hard\libc_nano.a(lib_a-init.o)
 .debug_frame   0x00002fac       0x20 c:/program files (x86)/gnu arm embedded toolchain/10 2021.10/bin/../lib/gcc/arm-none-eabi/10.3.1/../../../../arm-none-eabi/lib/thumb/v7e-m+fp/hard\libc_nano.a(lib_a-memset.o)
 .debug_frame   0x00002fcc       0x2c c:/program files (x86)/gnu arm embedded toolchain/10 2021.10/bin/../lib/gcc/arm-none-eabi/10.3.1/thumb/v7e-m+fp/hard\libgcc.a(_aeabi_uldivmod.o)
 .debug_frame   0x00002ff8       0x34 c:/program files (x86)/gnu arm embedded toolchain/10 2021.10/bin/../lib/gcc/arm-none-eabi/10.3.1/thumb/v7e-m+fp/hard\libgcc.a(_udivmoddi4.o)

Cross Reference Table

Symbol                                            File
ADC1_2_IRQHandler                                 build/startup_stm32g491xx.o
ADC3_IRQHandler                                   build/startup_stm32g491xx.o
AHBPrescTable                                     build/system_stm32g4xx.o
                                                  build/stm32g4xx_hal_rcc.o
APBPrescTable                                     build/system_stm32g4xx.o
                                                  build/stm32g4xx_hal_rcc.o
BusFault_Handler                                  build/stm32g4xx_it.o
COMP1_2_3_IRQHandler                              build/startup_stm32g491xx.o
COMP4_IRQHandler                                  build/startup_stm32g491xx.o
CORDIC_IRQHandler                                 build/startup_stm32g491xx.o
CRS_IRQHandler                                    build/startup_stm32g491xx.o
DMA1_Channel1_IRQHandler                          build/startup_stm32g491xx.o
DMA1_Channel2_IRQHandler                          build/startup_stm32g491xx.o
DMA1_Channel3_IRQHandler                          build/startup_stm32g491xx.o
DMA1_Channel4_IRQHandler                          build/startup_stm32g491xx.o
DMA1_Channel5_IRQHandler                          build/startup_stm32g491xx.o
DMA1_Channel6_IRQHandler                          build/startup_stm32g491xx.o
DMA1_Channel7_IRQHandler                          build/startup_stm32g491xx.o
DMA1_Channel8_IRQHandler                          build/startup_stm32g491xx.o
DMA2_Channel1_IRQHandler                          build/startup_stm32g491xx.o
DMA2_Channel2_IRQHandler                          build/startup_stm32g491xx.o
DMA2_Channel3_IRQHandler                          build/startup_stm32g491xx.o
DMA2_Channel4_IRQHandler                          build/startup_stm32g491xx.o
DMA2_Channel5_IRQHandler                          build/startup_stm32g491xx.o
DMA2_Channel6_IRQHandler                          build/startup_stm32g491xx.o
DMA2_Channel7_IRQHandler                          build/startup_stm32g491xx.o
DMA2_Channel8_IRQHandler                          build/startup_stm32g491xx.o
DMAMUX_OVR_IRQHandler                             build/startup_stm32g491xx.o
DebugMon_Handler                                  build/stm32g4xx_it.o
Default_Handler                                   build/startup_stm32g491xx.o
DisableCRC                                        build/TMAG5170.o
                                                  build/main.o
EXTI0_IRQHandler                                  build/startup_stm32g491xx.o
EXTI15_10_IRQHandler                              build/startup_stm32g491xx.o
EXTI1_IRQHandler                                  build/startup_stm32g491xx.o
EXTI2_IRQHandler                                  build/startup_stm32g491xx.o
EXTI3_IRQHandler                                  build/startup_stm32g491xx.o
EXTI4_IRQHandler                                  build/startup_stm32g491xx.o
EXTI9_5_IRQHandler                                build/startup_stm32g491xx.o
Error_Handler                                     build/main.o
                                                  build/usart.o
                                                  build/spi.o
                                                  build/tim.o
FDCAN1_IT0_IRQHandler                             build/startup_stm32g491xx.o
FDCAN1_IT1_IRQHandler                             build/startup_stm32g491xx.o
FDCAN2_IT0_IRQHandler                             build/startup_stm32g491xx.o
FDCAN2_IT1_IRQHandler                             build/startup_stm32g491xx.o
FLASH_FlushCaches                                 build/stm32g4xx_hal_flash_ex.o
                                                  build/stm32g4xx_hal_flash.o
FLASH_IRQHandler                                  build/startup_stm32g491xx.o
FLASH_PageErase                                   build/stm32g4xx_hal_flash_ex.o
                                                  build/stm32g4xx_hal_flash.o
FLASH_WaitForLastOperation                        build/stm32g4xx_hal_flash.o
                                                  build/stm32g4xx_hal_flash_ex.o
FMAC_IRQHandler                                   build/startup_stm32g491xx.o
FPU_IRQHandler                                    build/startup_stm32g491xx.o
GetAngle                                          build/TMAG5170.o
                                                  build/main.o
GetTemp                                           build/TMAG5170.o
HAL_DBGMCU_DisableDBGSleepMode                    build/stm32g4xx_hal.o
HAL_DBGMCU_DisableDBGStandbyMode                  build/stm32g4xx_hal.o
HAL_DBGMCU_DisableDBGStopMode                     build/stm32g4xx_hal.o
HAL_DBGMCU_EnableDBGSleepMode                     build/stm32g4xx_hal.o
HAL_DBGMCU_EnableDBGStandbyMode                   build/stm32g4xx_hal.o
HAL_DBGMCU_EnableDBGStopMode                      build/stm32g4xx_hal.o
HAL_DMAEx_ConfigMuxRequestGenerator               build/stm32g4xx_hal_dma_ex.o
HAL_DMAEx_ConfigMuxSync                           build/stm32g4xx_hal_dma_ex.o
HAL_DMAEx_DisableMuxRequestGenerator              build/stm32g4xx_hal_dma_ex.o
HAL_DMAEx_EnableMuxRequestGenerator               build/stm32g4xx_hal_dma_ex.o
HAL_DMAEx_MUX_IRQHandler                          build/stm32g4xx_hal_dma_ex.o
HAL_DMA_Abort                                     build/stm32g4xx_hal_dma.o
                                                  build/stm32g4xx_hal_spi.o
                                                  build/stm32g4xx_hal_uart.o
HAL_DMA_Abort_IT                                  build/stm32g4xx_hal_dma.o
                                                  build/stm32g4xx_hal_spi.o
                                                  build/stm32g4xx_hal_uart.o
                                                  build/stm32g4xx_hal_tim_ex.o
                                                  build/stm32g4xx_hal_tim.o
HAL_DMA_DeInit                                    build/stm32g4xx_hal_dma.o
HAL_DMA_GetError                                  build/stm32g4xx_hal_dma.o
                                                  build/stm32g4xx_hal_uart.o
HAL_DMA_GetState                                  build/stm32g4xx_hal_dma.o
HAL_DMA_IRQHandler                                build/stm32g4xx_hal_dma.o
HAL_DMA_Init                                      build/stm32g4xx_hal_dma.o
HAL_DMA_PollForTransfer                           build/stm32g4xx_hal_dma.o
HAL_DMA_RegisterCallback                          build/stm32g4xx_hal_dma.o
HAL_DMA_Start                                     build/stm32g4xx_hal_dma.o
HAL_DMA_Start_IT                                  build/stm32g4xx_hal_dma.o
                                                  build/stm32g4xx_hal_spi.o
                                                  build/stm32g4xx_hal_uart.o
                                                  build/stm32g4xx_hal_tim_ex.o
                                                  build/stm32g4xx_hal_tim.o
HAL_DMA_UnRegisterCallback                        build/stm32g4xx_hal_dma.o
HAL_DeInit                                        build/stm32g4xx_hal.o
HAL_Delay                                         build/stm32g4xx_hal.o
                                                  build/TMAG5170.o
                                                  build/main.o
HAL_EXTI_ClearConfigLine                          build/stm32g4xx_hal_exti.o
HAL_EXTI_ClearPending                             build/stm32g4xx_hal_exti.o
HAL_EXTI_GenerateSWI                              build/stm32g4xx_hal_exti.o
HAL_EXTI_GetConfigLine                            build/stm32g4xx_hal_exti.o
HAL_EXTI_GetHandle                                build/stm32g4xx_hal_exti.o
HAL_EXTI_GetPending                               build/stm32g4xx_hal_exti.o
HAL_EXTI_IRQHandler                               build/stm32g4xx_hal_exti.o
HAL_EXTI_RegisterCallback                         build/stm32g4xx_hal_exti.o
HAL_EXTI_SetConfigLine                            build/stm32g4xx_hal_exti.o
HAL_FLASHEx_DisableDebugger                       build/stm32g4xx_hal_flash_ex.o
HAL_FLASHEx_DisableRunPowerDown                   build/stm32g4xx_hal_flash_ramfunc.o
HAL_FLASHEx_EnableDebugger                        build/stm32g4xx_hal_flash_ex.o
HAL_FLASHEx_EnableRunPowerDown                    build/stm32g4xx_hal_flash_ramfunc.o
HAL_FLASHEx_EnableSecMemProtection                build/stm32g4xx_hal_flash_ex.o
HAL_FLASHEx_Erase                                 build/stm32g4xx_hal_flash_ex.o
HAL_FLASHEx_Erase_IT                              build/stm32g4xx_hal_flash_ex.o
HAL_FLASHEx_OBGetConfig                           build/stm32g4xx_hal_flash_ex.o
HAL_FLASHEx_OBProgram                             build/stm32g4xx_hal_flash_ex.o
HAL_FLASH_EndOfOperationCallback                  build/stm32g4xx_hal_flash.o
HAL_FLASH_GetError                                build/stm32g4xx_hal_flash.o
HAL_FLASH_IRQHandler                              build/stm32g4xx_hal_flash.o
HAL_FLASH_Lock                                    build/stm32g4xx_hal_flash.o
HAL_FLASH_OB_Launch                               build/stm32g4xx_hal_flash.o
HAL_FLASH_OB_Lock                                 build/stm32g4xx_hal_flash.o
HAL_FLASH_OB_Unlock                               build/stm32g4xx_hal_flash.o
HAL_FLASH_OperationErrorCallback                  build/stm32g4xx_hal_flash.o
HAL_FLASH_Program                                 build/stm32g4xx_hal_flash.o
HAL_FLASH_Program_IT                              build/stm32g4xx_hal_flash.o
HAL_FLASH_Unlock                                  build/stm32g4xx_hal_flash.o
HAL_GPIO_DeInit                                   build/stm32g4xx_hal_gpio.o
                                                  build/usart.o
                                                  build/spi.o
HAL_GPIO_EXTI_Callback                            build/stm32g4xx_hal_gpio.o
HAL_GPIO_EXTI_IRQHandler                          build/stm32g4xx_hal_gpio.o
HAL_GPIO_Init                                     build/stm32g4xx_hal_gpio.o
                                                  build/usart.o
                                                  build/spi.o
                                                  build/tim.o
                                                  build/gpio.o
                                                  build/stm32g4xx_hal_rcc_ex.o
                                                  build/stm32g4xx_hal_rcc.o
HAL_GPIO_LockPin                                  build/stm32g4xx_hal_gpio.o
HAL_GPIO_ReadPin                                  build/stm32g4xx_hal_gpio.o
HAL_GPIO_TogglePin                                build/stm32g4xx_hal_gpio.o
HAL_GPIO_WritePin                                 build/stm32g4xx_hal_gpio.o
                                                  build/TMAG5170.o
                                                  build/gpio.o
                                                  build/main.o
HAL_GetDEVID                                      build/stm32g4xx_hal.o
HAL_GetHalVersion                                 build/stm32g4xx_hal.o
HAL_GetREVID                                      build/stm32g4xx_hal.o
HAL_GetTick                                       build/stm32g4xx_hal.o
                                                  build/stm32g4xx_hal_spi.o
                                                  build/stm32g4xx_hal_uart_ex.o
                                                  build/stm32g4xx_hal_uart.o
                                                  build/stm32g4xx_hal_dma.o
                                                  build/stm32g4xx_hal_flash.o
                                                  build/stm32g4xx_hal_rcc_ex.o
                                                  build/stm32g4xx_hal_rcc.o
                                                  build/stm32g4xx_hal_tim_ex.o
HAL_GetTickFreq                                   build/stm32g4xx_hal.o
HAL_GetTickPrio                                   build/stm32g4xx_hal.o
HAL_HalfDuplex_EnableReceiver                     build/stm32g4xx_hal_uart.o
HAL_HalfDuplex_EnableTransmitter                  build/stm32g4xx_hal_uart.o
HAL_HalfDuplex_Init                               build/stm32g4xx_hal_uart.o
HAL_IncTick                                       build/stm32g4xx_hal.o
                                                  build/stm32g4xx_it.o
HAL_Init                                          build/stm32g4xx_hal.o
                                                  build/main.o
HAL_InitTick                                      build/stm32g4xx_hal.o
                                                  build/stm32g4xx_hal_rcc.o
HAL_LIN_Init                                      build/stm32g4xx_hal_uart.o
HAL_LIN_SendBreak                                 build/stm32g4xx_hal_uart.o
HAL_MPU_ConfigRegion                              build/stm32g4xx_hal_cortex.o
HAL_MPU_Disable                                   build/stm32g4xx_hal_cortex.o
HAL_MPU_Enable                                    build/stm32g4xx_hal_cortex.o
HAL_MspDeInit                                     build/stm32g4xx_hal.o
HAL_MspInit                                       build/stm32g4xx_hal_msp.o
HAL_MultiProcessorEx_AddressLength_Set            build/stm32g4xx_hal_uart_ex.o
HAL_MultiProcessor_DisableMuteMode                build/stm32g4xx_hal_uart.o
HAL_MultiProcessor_EnableMuteMode                 build/stm32g4xx_hal_uart.o
HAL_MultiProcessor_EnterMuteMode                  build/stm32g4xx_hal_uart.o
HAL_MultiProcessor_Init                           build/stm32g4xx_hal_uart.o
HAL_NVIC_ClearPendingIRQ                          build/stm32g4xx_hal_cortex.o
HAL_NVIC_DisableIRQ                               build/stm32g4xx_hal_cortex.o
                                                  build/usart.o
HAL_NVIC_EnableIRQ                                build/stm32g4xx_hal_cortex.o
                                                  build/usart.o
HAL_NVIC_GetActive                                build/stm32g4xx_hal_cortex.o
HAL_NVIC_GetPendingIRQ                            build/stm32g4xx_hal_cortex.o
HAL_NVIC_GetPriority                              build/stm32g4xx_hal_cortex.o
HAL_NVIC_GetPriorityGrouping                      build/stm32g4xx_hal_cortex.o
HAL_NVIC_SetPendingIRQ                            build/stm32g4xx_hal_cortex.o
HAL_NVIC_SetPriority                              build/stm32g4xx_hal_cortex.o
                                                  build/usart.o
                                                  build/stm32g4xx_hal.o
HAL_NVIC_SetPriorityGrouping                      build/stm32g4xx_hal_cortex.o
                                                  build/stm32g4xx_hal.o
HAL_NVIC_SystemReset                              build/stm32g4xx_hal_cortex.o
HAL_PWREx_ConfigPVM                               build/stm32g4xx_hal_pwr_ex.o
HAL_PWREx_ControlVoltageScaling                   build/stm32g4xx_hal_pwr_ex.o
                                                  build/main.o
HAL_PWREx_DisableBatteryCharging                  build/stm32g4xx_hal_pwr_ex.o
HAL_PWREx_DisableGPIOPullDown                     build/stm32g4xx_hal_pwr_ex.o
HAL_PWREx_DisableGPIOPullUp                       build/stm32g4xx_hal_pwr_ex.o
HAL_PWREx_DisableInternalWakeUpLine               build/stm32g4xx_hal_pwr_ex.o
HAL_PWREx_DisableLowPowerRunMode                  build/stm32g4xx_hal_pwr_ex.o
                                                  build/stm32g4xx_hal_pwr.o
HAL_PWREx_DisablePVM1                             build/stm32g4xx_hal_pwr_ex.o
HAL_PWREx_DisablePVM2                             build/stm32g4xx_hal_pwr_ex.o
HAL_PWREx_DisablePVM3                             build/stm32g4xx_hal_pwr_ex.o
HAL_PWREx_DisablePVM4                             build/stm32g4xx_hal_pwr_ex.o
HAL_PWREx_DisablePullUpPullDownConfig             build/stm32g4xx_hal_pwr_ex.o
HAL_PWREx_DisableSRAM2ContentRetention            build/stm32g4xx_hal_pwr_ex.o
HAL_PWREx_DisableUCPDDeadBattery                  build/stm32g4xx_hal_pwr_ex.o
                                                  build/stm32g4xx_hal_msp.o
HAL_PWREx_DisableUCPDStandbyMode                  build/stm32g4xx_hal_pwr_ex.o
HAL_PWREx_EnableBatteryCharging                   build/stm32g4xx_hal_pwr_ex.o
HAL_PWREx_EnableGPIOPullDown                      build/stm32g4xx_hal_pwr_ex.o
HAL_PWREx_EnableGPIOPullUp                        build/stm32g4xx_hal_pwr_ex.o
HAL_PWREx_EnableInternalWakeUpLine                build/stm32g4xx_hal_pwr_ex.o
HAL_PWREx_EnableLowPowerRunMode                   build/stm32g4xx_hal_pwr_ex.o
                                                  build/stm32g4xx_hal_pwr.o
HAL_PWREx_EnablePVM1                              build/stm32g4xx_hal_pwr_ex.o
HAL_PWREx_EnablePVM2                              build/stm32g4xx_hal_pwr_ex.o
HAL_PWREx_EnablePVM3                              build/stm32g4xx_hal_pwr_ex.o
HAL_PWREx_EnablePVM4                              build/stm32g4xx_hal_pwr_ex.o
HAL_PWREx_EnablePullUpPullDownConfig              build/stm32g4xx_hal_pwr_ex.o
HAL_PWREx_EnableSRAM2ContentRetention             build/stm32g4xx_hal_pwr_ex.o
HAL_PWREx_EnableUCPDDeadBattery                   build/stm32g4xx_hal_pwr_ex.o
HAL_PWREx_EnableUCPDStandbyMode                   build/stm32g4xx_hal_pwr_ex.o
HAL_PWREx_EnterSHUTDOWNMode                       build/stm32g4xx_hal_pwr_ex.o
HAL_PWREx_EnterSTOP0Mode                          build/stm32g4xx_hal_pwr_ex.o
                                                  build/stm32g4xx_hal_pwr.o
HAL_PWREx_EnterSTOP1Mode                          build/stm32g4xx_hal_pwr_ex.o
                                                  build/stm32g4xx_hal_pwr.o
HAL_PWREx_GetVoltageRange                         build/stm32g4xx_hal_pwr_ex.o
HAL_PWREx_PVD_PVM_IRQHandler                      build/stm32g4xx_hal_pwr_ex.o
HAL_PWREx_PVM1Callback                            build/stm32g4xx_hal_pwr_ex.o
HAL_PWREx_PVM2Callback                            build/stm32g4xx_hal_pwr_ex.o
HAL_PWREx_PVM3Callback                            build/stm32g4xx_hal_pwr_ex.o
HAL_PWREx_PVM4Callback                            build/stm32g4xx_hal_pwr_ex.o
HAL_PWR_ConfigPVD                                 build/stm32g4xx_hal_pwr.o
HAL_PWR_DeInit                                    build/stm32g4xx_hal_pwr.o
HAL_PWR_DisableBkUpAccess                         build/stm32g4xx_hal_pwr.o
                                                  build/stm32g4xx_hal_rcc_ex.o
HAL_PWR_DisablePVD                                build/stm32g4xx_hal_pwr.o
HAL_PWR_DisableSEVOnPend                          build/stm32g4xx_hal_pwr.o
HAL_PWR_DisableSleepOnExit                        build/stm32g4xx_hal_pwr.o
HAL_PWR_DisableWakeUpPin                          build/stm32g4xx_hal_pwr.o
HAL_PWR_EnableBkUpAccess                          build/stm32g4xx_hal_pwr.o
                                                  build/stm32g4xx_hal_rcc_ex.o
HAL_PWR_EnablePVD                                 build/stm32g4xx_hal_pwr.o
HAL_PWR_EnableSEVOnPend                           build/stm32g4xx_hal_pwr.o
HAL_PWR_EnableSleepOnExit                         build/stm32g4xx_hal_pwr.o
HAL_PWR_EnableWakeUpPin                           build/stm32g4xx_hal_pwr.o
HAL_PWR_EnterSLEEPMode                            build/stm32g4xx_hal_pwr.o
HAL_PWR_EnterSTANDBYMode                          build/stm32g4xx_hal_pwr.o
HAL_PWR_EnterSTOPMode                             build/stm32g4xx_hal_pwr.o
HAL_PWR_PVDCallback                               build/stm32g4xx_hal_pwr.o
                                                  build/stm32g4xx_hal_pwr_ex.o
HAL_RCCEx_CRSConfig                               build/stm32g4xx_hal_rcc_ex.o
HAL_RCCEx_CRSGetSynchronizationInfo               build/stm32g4xx_hal_rcc_ex.o
HAL_RCCEx_CRSSoftwareSynchronizationGenerate      build/stm32g4xx_hal_rcc_ex.o
HAL_RCCEx_CRSWaitSynchronization                  build/stm32g4xx_hal_rcc_ex.o
HAL_RCCEx_CRS_ErrorCallback                       build/stm32g4xx_hal_rcc_ex.o
HAL_RCCEx_CRS_ExpectedSyncCallback                build/stm32g4xx_hal_rcc_ex.o
HAL_RCCEx_CRS_IRQHandler                          build/stm32g4xx_hal_rcc_ex.o
HAL_RCCEx_CRS_SyncOkCallback                      build/stm32g4xx_hal_rcc_ex.o
HAL_RCCEx_CRS_SyncWarnCallback                    build/stm32g4xx_hal_rcc_ex.o
HAL_RCCEx_DisableLSCO                             build/stm32g4xx_hal_rcc_ex.o
HAL_RCCEx_DisableLSECSS                           build/stm32g4xx_hal_rcc_ex.o
HAL_RCCEx_EnableLSCO                              build/stm32g4xx_hal_rcc_ex.o
HAL_RCCEx_EnableLSECSS                            build/stm32g4xx_hal_rcc_ex.o
HAL_RCCEx_EnableLSECSS_IT                         build/stm32g4xx_hal_rcc_ex.o
HAL_RCCEx_GetPeriphCLKConfig                      build/stm32g4xx_hal_rcc_ex.o
HAL_RCCEx_GetPeriphCLKFreq                        build/stm32g4xx_hal_rcc_ex.o
HAL_RCCEx_LSECSS_Callback                         build/stm32g4xx_hal_rcc_ex.o
HAL_RCCEx_LSECSS_IRQHandler                       build/stm32g4xx_hal_rcc_ex.o
HAL_RCCEx_PeriphCLKConfig                         build/stm32g4xx_hal_rcc_ex.o
                                                  build/usart.o
HAL_RCC_CSSCallback                               build/stm32g4xx_hal_rcc.o
HAL_RCC_ClockConfig                               build/stm32g4xx_hal_rcc.o
                                                  build/main.o
HAL_RCC_DeInit                                    build/stm32g4xx_hal_rcc.o
HAL_RCC_DisableLSECSS                             build/stm32g4xx_hal_rcc.o
HAL_RCC_EnableCSS                                 build/stm32g4xx_hal_rcc.o
HAL_RCC_EnableLSECSS                              build/stm32g4xx_hal_rcc.o
HAL_RCC_GetClockConfig                            build/stm32g4xx_hal_rcc.o
HAL_RCC_GetHCLKFreq                               build/stm32g4xx_hal_rcc.o
HAL_RCC_GetOscConfig                              build/stm32g4xx_hal_rcc.o
HAL_RCC_GetPCLK1Freq                              build/stm32g4xx_hal_rcc.o
                                                  build/stm32g4xx_hal_uart.o
                                                  build/stm32g4xx_hal_rcc_ex.o
HAL_RCC_GetPCLK2Freq                              build/stm32g4xx_hal_rcc.o
                                                  build/stm32g4xx_hal_uart.o
                                                  build/stm32g4xx_hal_rcc_ex.o
HAL_RCC_GetSysClockFreq                           build/stm32g4xx_hal_rcc.o
                                                  build/stm32g4xx_hal_uart.o
                                                  build/stm32g4xx_hal_rcc_ex.o
HAL_RCC_MCOConfig                                 build/stm32g4xx_hal_rcc.o
HAL_RCC_NMI_IRQHandler                            build/stm32g4xx_hal_rcc.o
HAL_RCC_OscConfig                                 build/stm32g4xx_hal_rcc.o
                                                  build/main.o
HAL_RS485Ex_Init                                  build/stm32g4xx_hal_uart_ex.o
                                                  build/usart.o
HAL_ResumeTick                                    build/stm32g4xx_hal.o
HAL_SPIEx_FlushRxFifo                             build/stm32g4xx_hal_spi_ex.o
HAL_SPI_Abort                                     build/stm32g4xx_hal_spi.o
HAL_SPI_AbortCpltCallback                         build/stm32g4xx_hal_spi.o
HAL_SPI_Abort_IT                                  build/stm32g4xx_hal_spi.o
HAL_SPI_DMAPause                                  build/stm32g4xx_hal_spi.o
HAL_SPI_DMAResume                                 build/stm32g4xx_hal_spi.o
HAL_SPI_DMAStop                                   build/stm32g4xx_hal_spi.o
HAL_SPI_DeInit                                    build/stm32g4xx_hal_spi.o
HAL_SPI_ErrorCallback                             build/stm32g4xx_hal_spi.o
HAL_SPI_GetError                                  build/stm32g4xx_hal_spi.o
HAL_SPI_GetState                                  build/stm32g4xx_hal_spi.o
HAL_SPI_IRQHandler                                build/stm32g4xx_hal_spi.o
HAL_SPI_Init                                      build/stm32g4xx_hal_spi.o
                                                  build/spi.o
HAL_SPI_MspDeInit                                 build/spi.o
HAL_SPI_MspInit                                   build/spi.o
HAL_SPI_Receive                                   build/stm32g4xx_hal_spi.o
                                                  build/TMAG5170.o
HAL_SPI_Receive_DMA                               build/stm32g4xx_hal_spi.o
HAL_SPI_Receive_IT                                build/stm32g4xx_hal_spi.o
HAL_SPI_RxCpltCallback                            build/stm32g4xx_hal_spi.o
HAL_SPI_RxHalfCpltCallback                        build/stm32g4xx_hal_spi.o
HAL_SPI_Transmit                                  build/stm32g4xx_hal_spi.o
                                                  build/TMAG5170.o
HAL_SPI_TransmitReceive                           build/stm32g4xx_hal_spi.o
HAL_SPI_TransmitReceive_DMA                       build/stm32g4xx_hal_spi.o
HAL_SPI_TransmitReceive_IT                        build/stm32g4xx_hal_spi.o
HAL_SPI_Transmit_DMA                              build/stm32g4xx_hal_spi.o
HAL_SPI_Transmit_IT                               build/stm32g4xx_hal_spi.o
HAL_SPI_TxCpltCallback                            build/stm32g4xx_hal_spi.o
HAL_SPI_TxHalfCpltCallback                        build/stm32g4xx_hal_spi.o
HAL_SPI_TxRxCpltCallback                          build/stm32g4xx_hal_spi.o
HAL_SPI_TxRxHalfCpltCallback                      build/stm32g4xx_hal_spi.o
HAL_SYSCFG_CCMSRAMErase                           build/stm32g4xx_hal.o
HAL_SYSCFG_CCMSRAM_WriteProtectionEnable          build/stm32g4xx_hal.o
HAL_SYSCFG_DisableIOSwitchBooster                 build/stm32g4xx_hal.o
HAL_SYSCFG_DisableIOSwitchVDD                     build/stm32g4xx_hal.o
HAL_SYSCFG_DisableMemorySwappingBank              build/stm32g4xx_hal.o
HAL_SYSCFG_DisableVREFBUF                         build/stm32g4xx_hal.o
HAL_SYSCFG_EnableIOSwitchBooster                  build/stm32g4xx_hal.o
HAL_SYSCFG_EnableIOSwitchVDD                      build/stm32g4xx_hal.o
HAL_SYSCFG_EnableMemorySwappingBank               build/stm32g4xx_hal.o
HAL_SYSCFG_EnableVREFBUF                          build/stm32g4xx_hal.o
HAL_SYSCFG_VREFBUF_HighImpedanceConfig            build/stm32g4xx_hal.o
HAL_SYSCFG_VREFBUF_TrimmingConfig                 build/stm32g4xx_hal.o
HAL_SYSCFG_VREFBUF_VoltageScalingConfig           build/stm32g4xx_hal.o
HAL_SYSTICK_CLKSourceConfig                       build/stm32g4xx_hal_cortex.o
HAL_SYSTICK_Callback                              build/stm32g4xx_hal_cortex.o
HAL_SYSTICK_Config                                build/stm32g4xx_hal_cortex.o
                                                  build/stm32g4xx_hal.o
HAL_SYSTICK_IRQHandler                            build/stm32g4xx_hal_cortex.o
HAL_SetTickFreq                                   build/stm32g4xx_hal.o
HAL_SuspendTick                                   build/stm32g4xx_hal.o
HAL_TIMEx_Break2Callback                          build/stm32g4xx_hal_tim_ex.o
                                                  build/stm32g4xx_hal_tim.o
HAL_TIMEx_BreakCallback                           build/stm32g4xx_hal_tim_ex.o
                                                  build/stm32g4xx_hal_tim.o
HAL_TIMEx_CommutCallback                          build/stm32g4xx_hal_tim_ex.o
                                                  build/stm32g4xx_hal_tim.o
HAL_TIMEx_CommutHalfCpltCallback                  build/stm32g4xx_hal_tim_ex.o
HAL_TIMEx_ConfigAsymmetricalDeadTime              build/stm32g4xx_hal_tim_ex.o
HAL_TIMEx_ConfigBreakDeadTime                     build/stm32g4xx_hal_tim_ex.o
                                                  build/tim.o
HAL_TIMEx_ConfigBreakInput                        build/stm32g4xx_hal_tim_ex.o
HAL_TIMEx_ConfigCommutEvent                       build/stm32g4xx_hal_tim_ex.o
HAL_TIMEx_ConfigCommutEvent_DMA                   build/stm32g4xx_hal_tim_ex.o
HAL_TIMEx_ConfigCommutEvent_IT                    build/stm32g4xx_hal_tim_ex.o
HAL_TIMEx_ConfigDeadTime                          build/stm32g4xx_hal_tim_ex.o
HAL_TIMEx_ConfigEncoderIndex                      build/stm32g4xx_hal_tim_ex.o
HAL_TIMEx_ConfigSlaveModePreload                  build/stm32g4xx_hal_tim_ex.o
HAL_TIMEx_DirectionChangeCallback                 build/stm32g4xx_hal_tim_ex.o
                                                  build/stm32g4xx_hal_tim.o
HAL_TIMEx_DisableAsymmetricalDeadTime             build/stm32g4xx_hal_tim_ex.o
HAL_TIMEx_DisableDeadTimePreload                  build/stm32g4xx_hal_tim_ex.o
HAL_TIMEx_DisableEncoderFirstIndex                build/stm32g4xx_hal_tim_ex.o
HAL_TIMEx_DisableEncoderIndex                     build/stm32g4xx_hal_tim_ex.o
HAL_TIMEx_DisableSlaveModePreload                 build/stm32g4xx_hal_tim_ex.o
HAL_TIMEx_DisarmBreakInput                        build/stm32g4xx_hal_tim_ex.o
HAL_TIMEx_DitheringDisable                        build/stm32g4xx_hal_tim_ex.o
HAL_TIMEx_DitheringEnable                         build/stm32g4xx_hal_tim_ex.o
HAL_TIMEx_EnableAsymmetricalDeadTime              build/stm32g4xx_hal_tim_ex.o
HAL_TIMEx_EnableDeadTimePreload                   build/stm32g4xx_hal_tim_ex.o
HAL_TIMEx_EnableEncoderFirstIndex                 build/stm32g4xx_hal_tim_ex.o
HAL_TIMEx_EnableEncoderIndex                      build/stm32g4xx_hal_tim_ex.o
HAL_TIMEx_EnableSlaveModePreload                  build/stm32g4xx_hal_tim_ex.o
HAL_TIMEx_EncoderIndexCallback                    build/stm32g4xx_hal_tim_ex.o
                                                  build/stm32g4xx_hal_tim.o
HAL_TIMEx_GetChannelNState                        build/stm32g4xx_hal_tim_ex.o
HAL_TIMEx_GroupChannel5                           build/stm32g4xx_hal_tim_ex.o
HAL_TIMEx_HallSensor_DeInit                       build/stm32g4xx_hal_tim_ex.o
HAL_TIMEx_HallSensor_GetState                     build/stm32g4xx_hal_tim_ex.o
HAL_TIMEx_HallSensor_Init                         build/stm32g4xx_hal_tim_ex.o
HAL_TIMEx_HallSensor_MspDeInit                    build/stm32g4xx_hal_tim_ex.o
HAL_TIMEx_HallSensor_MspInit                      build/stm32g4xx_hal_tim_ex.o
HAL_TIMEx_HallSensor_Start                        build/stm32g4xx_hal_tim_ex.o
HAL_TIMEx_HallSensor_Start_DMA                    build/stm32g4xx_hal_tim_ex.o
HAL_TIMEx_HallSensor_Start_IT                     build/stm32g4xx_hal_tim_ex.o
HAL_TIMEx_HallSensor_Stop                         build/stm32g4xx_hal_tim_ex.o
HAL_TIMEx_HallSensor_Stop_DMA                     build/stm32g4xx_hal_tim_ex.o
HAL_TIMEx_HallSensor_Stop_IT                      build/stm32g4xx_hal_tim_ex.o
HAL_TIMEx_IndexErrorCallback                      build/stm32g4xx_hal_tim_ex.o
                                                  build/stm32g4xx_hal_tim.o
HAL_TIMEx_MasterConfigSynchronization             build/stm32g4xx_hal_tim_ex.o
                                                  build/tim.o
HAL_TIMEx_OCN_Start                               build/stm32g4xx_hal_tim_ex.o
HAL_TIMEx_OCN_Start_DMA                           build/stm32g4xx_hal_tim_ex.o
HAL_TIMEx_OCN_Start_IT                            build/stm32g4xx_hal_tim_ex.o
HAL_TIMEx_OCN_Stop                                build/stm32g4xx_hal_tim_ex.o
HAL_TIMEx_OCN_Stop_DMA                            build/stm32g4xx_hal_tim_ex.o
HAL_TIMEx_OCN_Stop_IT                             build/stm32g4xx_hal_tim_ex.o
HAL_TIMEx_OC_ConfigPulseOnCompare                 build/stm32g4xx_hal_tim_ex.o
HAL_TIMEx_OnePulseN_Start                         build/stm32g4xx_hal_tim_ex.o
HAL_TIMEx_OnePulseN_Start_IT                      build/stm32g4xx_hal_tim_ex.o
HAL_TIMEx_OnePulseN_Stop                          build/stm32g4xx_hal_tim_ex.o
HAL_TIMEx_OnePulseN_Stop_IT                       build/stm32g4xx_hal_tim_ex.o
HAL_TIMEx_PWMN_Start                              build/stm32g4xx_hal_tim_ex.o
HAL_TIMEx_PWMN_Start_DMA                          build/stm32g4xx_hal_tim_ex.o
HAL_TIMEx_PWMN_Start_IT                           build/stm32g4xx_hal_tim_ex.o
HAL_TIMEx_PWMN_Stop                               build/stm32g4xx_hal_tim_ex.o
HAL_TIMEx_PWMN_Stop_DMA                           build/stm32g4xx_hal_tim_ex.o
HAL_TIMEx_PWMN_Stop_IT                            build/stm32g4xx_hal_tim_ex.o
HAL_TIMEx_ReArmBreakInput                         build/stm32g4xx_hal_tim_ex.o
HAL_TIMEx_RemapConfig                             build/stm32g4xx_hal_tim_ex.o
HAL_TIMEx_TISelection                             build/stm32g4xx_hal_tim_ex.o
HAL_TIMEx_TransitionErrorCallback                 build/stm32g4xx_hal_tim_ex.o
                                                  build/stm32g4xx_hal_tim.o
HAL_TIM_Base_DeInit                               build/stm32g4xx_hal_tim.o
HAL_TIM_Base_GetState                             build/stm32g4xx_hal_tim.o
HAL_TIM_Base_Init                                 build/stm32g4xx_hal_tim.o
                                                  build/tim.o
HAL_TIM_Base_MspDeInit                            build/tim.o
                                                  build/stm32g4xx_hal_tim.o
HAL_TIM_Base_MspInit                              build/tim.o
                                                  build/stm32g4xx_hal_tim.o
HAL_TIM_Base_Start                                build/stm32g4xx_hal_tim.o
HAL_TIM_Base_Start_DMA                            build/stm32g4xx_hal_tim.o
HAL_TIM_Base_Start_IT                             build/stm32g4xx_hal_tim.o
HAL_TIM_Base_Stop                                 build/stm32g4xx_hal_tim.o
HAL_TIM_Base_Stop_DMA                             build/stm32g4xx_hal_tim.o
HAL_TIM_Base_Stop_IT                              build/stm32g4xx_hal_tim.o
HAL_TIM_ConfigClockSource                         build/stm32g4xx_hal_tim.o
                                                  build/tim.o
HAL_TIM_ConfigOCrefClear                          build/stm32g4xx_hal_tim.o
HAL_TIM_ConfigTI1Input                            build/stm32g4xx_hal_tim.o
HAL_TIM_DMABurstState                             build/stm32g4xx_hal_tim.o
HAL_TIM_DMABurst_MultiReadStart                   build/stm32g4xx_hal_tim.o
HAL_TIM_DMABurst_MultiWriteStart                  build/stm32g4xx_hal_tim.o
HAL_TIM_DMABurst_ReadStart                        build/stm32g4xx_hal_tim.o
HAL_TIM_DMABurst_ReadStop                         build/stm32g4xx_hal_tim.o
HAL_TIM_DMABurst_WriteStart                       build/stm32g4xx_hal_tim.o
HAL_TIM_DMABurst_WriteStop                        build/stm32g4xx_hal_tim.o
HAL_TIM_Encoder_DeInit                            build/stm32g4xx_hal_tim.o
HAL_TIM_Encoder_GetState                          build/stm32g4xx_hal_tim.o
HAL_TIM_Encoder_Init                              build/stm32g4xx_hal_tim.o
HAL_TIM_Encoder_MspDeInit                         build/stm32g4xx_hal_tim.o
HAL_TIM_Encoder_MspInit                           build/stm32g4xx_hal_tim.o
HAL_TIM_Encoder_Start                             build/stm32g4xx_hal_tim.o
HAL_TIM_Encoder_Start_DMA                         build/stm32g4xx_hal_tim.o
HAL_TIM_Encoder_Start_IT                          build/stm32g4xx_hal_tim.o
HAL_TIM_Encoder_Stop                              build/stm32g4xx_hal_tim.o
HAL_TIM_Encoder_Stop_DMA                          build/stm32g4xx_hal_tim.o
HAL_TIM_Encoder_Stop_IT                           build/stm32g4xx_hal_tim.o
HAL_TIM_ErrorCallback                             build/stm32g4xx_hal_tim.o
                                                  build/stm32g4xx_hal_tim_ex.o
HAL_TIM_GenerateEvent                             build/stm32g4xx_hal_tim.o
HAL_TIM_GetActiveChannel                          build/stm32g4xx_hal_tim.o
HAL_TIM_GetChannelState                           build/stm32g4xx_hal_tim.o
HAL_TIM_IC_CaptureCallback                        build/stm32g4xx_hal_tim.o
HAL_TIM_IC_CaptureHalfCpltCallback                build/stm32g4xx_hal_tim.o
HAL_TIM_IC_ConfigChannel                          build/stm32g4xx_hal_tim.o
HAL_TIM_IC_DeInit                                 build/stm32g4xx_hal_tim.o
HAL_TIM_IC_GetState                               build/stm32g4xx_hal_tim.o
HAL_TIM_IC_Init                                   build/stm32g4xx_hal_tim.o
HAL_TIM_IC_MspDeInit                              build/stm32g4xx_hal_tim.o
HAL_TIM_IC_MspInit                                build/stm32g4xx_hal_tim.o
HAL_TIM_IC_Start                                  build/stm32g4xx_hal_tim.o
HAL_TIM_IC_Start_DMA                              build/stm32g4xx_hal_tim.o
HAL_TIM_IC_Start_IT                               build/stm32g4xx_hal_tim.o
HAL_TIM_IC_Stop                                   build/stm32g4xx_hal_tim.o
HAL_TIM_IC_Stop_DMA                               build/stm32g4xx_hal_tim.o
HAL_TIM_IC_Stop_IT                                build/stm32g4xx_hal_tim.o
HAL_TIM_IRQHandler                                build/stm32g4xx_hal_tim.o
HAL_TIM_MspPostInit                               build/tim.o
HAL_TIM_OC_ConfigChannel                          build/stm32g4xx_hal_tim.o
HAL_TIM_OC_DeInit                                 build/stm32g4xx_hal_tim.o
HAL_TIM_OC_DelayElapsedCallback                   build/stm32g4xx_hal_tim.o
HAL_TIM_OC_GetState                               build/stm32g4xx_hal_tim.o
HAL_TIM_OC_Init                                   build/stm32g4xx_hal_tim.o
HAL_TIM_OC_MspDeInit                              build/stm32g4xx_hal_tim.o
HAL_TIM_OC_MspInit                                build/stm32g4xx_hal_tim.o
HAL_TIM_OC_Start                                  build/stm32g4xx_hal_tim.o
HAL_TIM_OC_Start_DMA                              build/stm32g4xx_hal_tim.o
HAL_TIM_OC_Start_IT                               build/stm32g4xx_hal_tim.o
HAL_TIM_OC_Stop                                   build/stm32g4xx_hal_tim.o
HAL_TIM_OC_Stop_DMA                               build/stm32g4xx_hal_tim.o
HAL_TIM_OC_Stop_IT                                build/stm32g4xx_hal_tim.o
HAL_TIM_OnePulse_ConfigChannel                    build/stm32g4xx_hal_tim.o
HAL_TIM_OnePulse_DeInit                           build/stm32g4xx_hal_tim.o
HAL_TIM_OnePulse_GetState                         build/stm32g4xx_hal_tim.o
HAL_TIM_OnePulse_Init                             build/stm32g4xx_hal_tim.o
HAL_TIM_OnePulse_MspDeInit                        build/stm32g4xx_hal_tim.o
HAL_TIM_OnePulse_MspInit                          build/stm32g4xx_hal_tim.o
HAL_TIM_OnePulse_Start                            build/stm32g4xx_hal_tim.o
HAL_TIM_OnePulse_Start_IT                         build/stm32g4xx_hal_tim.o
HAL_TIM_OnePulse_Stop                             build/stm32g4xx_hal_tim.o
HAL_TIM_OnePulse_Stop_IT                          build/stm32g4xx_hal_tim.o
HAL_TIM_PWM_ConfigChannel                         build/stm32g4xx_hal_tim.o
                                                  build/tim.o
HAL_TIM_PWM_DeInit                                build/stm32g4xx_hal_tim.o
HAL_TIM_PWM_GetState                              build/stm32g4xx_hal_tim.o
HAL_TIM_PWM_Init                                  build/stm32g4xx_hal_tim.o
                                                  build/tim.o
HAL_TIM_PWM_MspDeInit                             build/stm32g4xx_hal_tim.o
HAL_TIM_PWM_MspInit                               build/stm32g4xx_hal_tim.o
HAL_TIM_PWM_PulseFinishedCallback                 build/stm32g4xx_hal_tim.o
                                                  build/stm32g4xx_hal_tim_ex.o
HAL_TIM_PWM_PulseFinishedHalfCpltCallback         build/stm32g4xx_hal_tim.o
HAL_TIM_PWM_Start                                 build/stm32g4xx_hal_tim.o
                                                  build/main.o
HAL_TIM_PWM_Start_DMA                             build/stm32g4xx_hal_tim.o
HAL_TIM_PWM_Start_IT                              build/stm32g4xx_hal_tim.o
HAL_TIM_PWM_Stop                                  build/stm32g4xx_hal_tim.o
                                                  build/main.o
HAL_TIM_PWM_Stop_DMA                              build/stm32g4xx_hal_tim.o
HAL_TIM_PWM_Stop_IT                               build/stm32g4xx_hal_tim.o
HAL_TIM_PeriodElapsedCallback                     build/stm32g4xx_hal_tim.o
HAL_TIM_PeriodElapsedHalfCpltCallback             build/stm32g4xx_hal_tim.o
HAL_TIM_ReadCapturedValue                         build/stm32g4xx_hal_tim.o
HAL_TIM_SlaveConfigSynchro                        build/stm32g4xx_hal_tim.o
HAL_TIM_SlaveConfigSynchro_IT                     build/stm32g4xx_hal_tim.o
HAL_TIM_TriggerCallback                           build/stm32g4xx_hal_tim.o
HAL_TIM_TriggerHalfCpltCallback                   build/stm32g4xx_hal_tim.o
HAL_UARTEx_DisableFifoMode                        build/stm32g4xx_hal_uart_ex.o
                                                  build/usart.o
HAL_UARTEx_DisableStopMode                        build/stm32g4xx_hal_uart_ex.o
HAL_UARTEx_EnableFifoMode                         build/stm32g4xx_hal_uart_ex.o
HAL_UARTEx_EnableStopMode                         build/stm32g4xx_hal_uart_ex.o
HAL_UARTEx_ReceiveToIdle                          build/stm32g4xx_hal_uart_ex.o
HAL_UARTEx_ReceiveToIdle_DMA                      build/stm32g4xx_hal_uart_ex.o
HAL_UARTEx_ReceiveToIdle_IT                       build/stm32g4xx_hal_uart_ex.o
HAL_UARTEx_RxEventCallback                        build/stm32g4xx_hal_uart.o
HAL_UARTEx_RxFifoFullCallback                     build/stm32g4xx_hal_uart_ex.o
                                                  build/stm32g4xx_hal_uart.o
HAL_UARTEx_SetRxFifoThreshold                     build/stm32g4xx_hal_uart_ex.o
                                                  build/usart.o
HAL_UARTEx_SetTxFifoThreshold                     build/stm32g4xx_hal_uart_ex.o
                                                  build/usart.o
HAL_UARTEx_StopModeWakeUpSourceConfig             build/stm32g4xx_hal_uart_ex.o
HAL_UARTEx_TxFifoEmptyCallback                    build/stm32g4xx_hal_uart_ex.o
                                                  build/stm32g4xx_hal_uart.o
HAL_UARTEx_WakeupCallback                         build/stm32g4xx_hal_uart_ex.o
                                                  build/stm32g4xx_hal_uart.o
HAL_UART_Abort                                    build/stm32g4xx_hal_uart.o
HAL_UART_AbortCpltCallback                        build/stm32g4xx_hal_uart.o
HAL_UART_AbortReceive                             build/stm32g4xx_hal_uart.o
HAL_UART_AbortReceiveCpltCallback                 build/stm32g4xx_hal_uart.o
HAL_UART_AbortReceive_IT                          build/stm32g4xx_hal_uart.o
HAL_UART_AbortTransmit                            build/stm32g4xx_hal_uart.o