Archive member included to satisfy reference by file (symbol)

c:/program files (x86)/gnu arm embedded toolchain/10 2021.10/bin/../lib/gcc/arm-none-eabi/10.3.1/../../../../arm-none-eabi/lib/thumb/v7e-m+fp/hard\libc_nano.a(lib_a-atoi.o)
                              build/main.o (atoi)
c:/program files (x86)/gnu arm embedded toolchain/10 2021.10/bin/../lib/gcc/arm-none-eabi/10.3.1/../../../../arm-none-eabi/lib/thumb/v7e-m+fp/hard\libc_nano.a(lib_a-exit.o)
                              c:/program files (x86)/gnu arm embedded toolchain/10 2021.10/bin/../lib/gcc/arm-none-eabi/10.3.1/../../../../arm-none-eabi/lib/thumb/v7e-m+fp/hard/crt0.o (exit)
c:/program files (x86)/gnu arm embedded toolchain/10 2021.10/bin/../lib/gcc/arm-none-eabi/10.3.1/../../../../arm-none-eabi/lib/thumb/v7e-m+fp/hard\libc_nano.a(lib_a-impure.o)
                              c:/program files (x86)/gnu arm embedded toolchain/10 2021.10/bin/../lib/gcc/arm-none-eabi/10.3.1/../../../../arm-none-eabi/lib/thumb/v7e-m+fp/hard\libc_nano.a(lib_a-exit.o) (_global_impure_ptr)
c:/program files (x86)/gnu arm embedded toolchain/10 2021.10/bin/../lib/gcc/arm-none-eabi/10.3.1/../../../../arm-none-eabi/lib/thumb/v7e-m+fp/hard\libc_nano.a(lib_a-init.o)
                              c:/program files (x86)/gnu arm embedded toolchain/10 2021.10/bin/../lib/gcc/arm-none-eabi/10.3.1/../../../../arm-none-eabi/lib/thumb/v7e-m+fp/hard/crt0.o (__libc_init_array)
c:/program files (x86)/gnu arm embedded toolchain/10 2021.10/bin/../lib/gcc/arm-none-eabi/10.3.1/../../../../arm-none-eabi/lib/thumb/v7e-m+fp/hard\libc_nano.a(lib_a-memset.o)
                              c:/program files (x86)/gnu arm embedded toolchain/10 2021.10/bin/../lib/gcc/arm-none-eabi/10.3.1/../../../../arm-none-eabi/lib/thumb/v7e-m+fp/hard/crt0.o (memset)
c:/program files (x86)/gnu arm embedded toolchain/10 2021.10/bin/../lib/gcc/arm-none-eabi/10.3.1/../../../../arm-none-eabi/lib/thumb/v7e-m+fp/hard\libc_nano.a(lib_a-sprintf.o)
                              build/main.o (sprintf)
c:/program files (x86)/gnu arm embedded toolchain/10 2021.10/bin/../lib/gcc/arm-none-eabi/10.3.1/../../../../arm-none-eabi/lib/thumb/v7e-m+fp/hard\libc_nano.a(lib_a-strlen.o)
                              build/main.o (strlen)
c:/program files (x86)/gnu arm embedded toolchain/10 2021.10/bin/../lib/gcc/arm-none-eabi/10.3.1/../../../../arm-none-eabi/lib/thumb/v7e-m+fp/hard\libc_nano.a(lib_a-strncmp.o)
                              build/main.o (strncmp)
c:/program files (x86)/gnu arm embedded toolchain/10 2021.10/bin/../lib/gcc/arm-none-eabi/10.3.1/../../../../arm-none-eabi/lib/thumb/v7e-m+fp/hard\libc_nano.a(lib_a-strncpy.o)
                              build/main.o (strncpy)
c:/program files (x86)/gnu arm embedded toolchain/10 2021.10/bin/../lib/gcc/arm-none-eabi/10.3.1/../../../../arm-none-eabi/lib/thumb/v7e-m+fp/hard\libc_nano.a(lib_a-strtol.o)
                              c:/program files (x86)/gnu arm embedded toolchain/10 2021.10/bin/../lib/gcc/arm-none-eabi/10.3.1/../../../../arm-none-eabi/lib/thumb/v7e-m+fp/hard\libc_nano.a(lib_a-atoi.o) (_strtol_r)
c:/program files (x86)/gnu arm embedded toolchain/10 2021.10/bin/../lib/gcc/arm-none-eabi/10.3.1/../../../../arm-none-eabi/lib/thumb/v7e-m+fp/hard\libc_nano.a(lib_a-ctype_.o)
                              c:/program files (x86)/gnu arm embedded toolchain/10 2021.10/bin/../lib/gcc/arm-none-eabi/10.3.1/../../../../arm-none-eabi/lib/thumb/v7e-m+fp/hard\libc_nano.a(lib_a-strtol.o) (_ctype_)
c:/program files (x86)/gnu arm embedded toolchain/10 2021.10/bin/../lib/gcc/arm-none-eabi/10.3.1/../../../../arm-none-eabi/lib/thumb/v7e-m+fp/hard\libc_nano.a(lib_a-errno.o)
                              c:/program files (x86)/gnu arm embedded toolchain/10 2021.10/bin/../lib/gcc/arm-none-eabi/10.3.1/../../../../arm-none-eabi/lib/thumb/v7e-m+fp/hard\libc_nano.a(lib_a-strtol.o) (__errno)
c:/program files (x86)/gnu arm embedded toolchain/10 2021.10/bin/../lib/gcc/arm-none-eabi/10.3.1/../../../../arm-none-eabi/lib/thumb/v7e-m+fp/hard\libc_nano.a(lib_a-nano-svfprintf.o)
                              c:/program files (x86)/gnu arm embedded toolchain/10 2021.10/bin/../lib/gcc/arm-none-eabi/10.3.1/../../../../arm-none-eabi/lib/thumb/v7e-m+fp/hard\libc_nano.a(lib_a-sprintf.o) (_svfprintf_r)
c:/program files (x86)/gnu arm embedded toolchain/10 2021.10/bin/../lib/gcc/arm-none-eabi/10.3.1/../../../../arm-none-eabi/lib/thumb/v7e-m+fp/hard\libc_nano.a(lib_a-nano-vfprintf_i.o)
                              c:/program files (x86)/gnu arm embedded toolchain/10 2021.10/bin/../lib/gcc/arm-none-eabi/10.3.1/../../../../arm-none-eabi/lib/thumb/v7e-m+fp/hard\libc_nano.a(lib_a-nano-svfprintf.o) (_printf_i)
c:/program files (x86)/gnu arm embedded toolchain/10 2021.10/bin/../lib/gcc/arm-none-eabi/10.3.1/../../../../arm-none-eabi/lib/thumb/v7e-m+fp/hard\libc_nano.a(lib_a-memchr.o)
[...]
Memory Configuration

Name             Origin             Length             Attributes
RAM              0x20000000         0x0001c000         xrw
FLASH            0x08000000         0x00080000         xr
*default*        0x00000000         0xffffffff

Linker script and memory map

LOAD c:/program files (x86)/gnu arm embedded toolchain/10 2021.10/bin/../lib/gcc/arm-none-eabi/10.3.1/thumb/v7e-m+fp/hard/crti.o
LOAD c:/program files (x86)/gnu arm embedded toolchain/10 2021.10/bin/../lib/gcc/arm-none-eabi/10.3.1/thumb/v7e-m+fp/hard/crtbegin.o
LOAD c:/program files (x86)/gnu arm embedded toolchain/10 2021.10/bin/../lib/gcc/arm-none-eabi/10.3.1/../../../../arm-none-eabi/lib/thumb/v7e-m+fp/hard/crt0.o
LOAD build/main.o
LOAD build/stm32g4xx_it.o
LOAD build/stm32g4xx_hal_msp.o
LOAD build/stm32g4xx_hal_tim.o
LOAD build/stm32g4xx_hal_tim_ex.o
LOAD build/stm32g4xx_hal_pwr_ex.o
LOAD build/stm32g4xx_hal.o
LOAD build/stm32g4xx_hal_rcc.o
LOAD build/stm32g4xx_hal_rcc_ex.o
LOAD build/stm32g4xx_hal_flash.o
LOAD build/stm32g4xx_hal_flash_ex.o
LOAD build/stm32g4xx_hal_flash_ramfunc.o
LOAD build/stm32g4xx_hal_gpio.o
LOAD build/stm32g4xx_hal_exti.o
LOAD build/stm32g4xx_hal_dma.o
LOAD build/stm32g4xx_hal_dma_ex.o
LOAD build/stm32g4xx_hal_pwr.o
LOAD build/stm32g4xx_hal_cortex.o
LOAD build/system_stm32g4xx.o
LOAD build/stm32g4xx_hal_uart.o
LOAD build/stm32g4xx_hal_uart_ex.o
LOAD build/gpio.o
LOAD build/tim.o
LOAD build/TMAG5170.o
LOAD build/spi.o
LOAD build/usart.o
LOAD build/stm32g4xx_hal_spi.o
LOAD build/stm32g4xx_hal_spi_ex.o
LOAD build/startup_stm32g491xx.o
LOAD c:/program files (x86)/gnu arm embedded toolchain/10 2021.10/bin/../lib/gcc/arm-none-eabi/10.3.1/../../../../arm-none-eabi/lib/thumb/v7e-m+fp/hard\libc_nano.a
LOAD c:/program files (x86)/gnu arm embedded toolchain/10 2021.10/bin/../lib/gcc/arm-none-eabi/10.3.1/../../../../arm-none-eabi/lib/thumb/v7e-m+fp/hard\libm.a
LOAD c:/program files (x86)/gnu arm embedded toolchain/10 2021.10/bin/../lib/gcc/arm-none-eabi/10.3.1/../../../../arm-none-eabi/lib/thumb/v7e-m+fp/hard\libnosys.a
START GROUP
LOAD c:/program files (x86)/gnu arm embedded toolchain/10 2021.10/bin/../lib/gcc/arm-none-eabi/10.3.1/thumb/v7e-m+fp/hard\libgcc.a
LOAD c:/program files (x86)/gnu arm embedded toolchain/10 2021.10/bin/../lib/gcc/arm-none-eabi/10.3.1/../../../../arm-none-eabi/lib/thumb/v7e-m+fp/hard\libc_nano.a
END GROUP
START GROUP
LOAD c:/program files (x86)/gnu arm embedded toolchain/10 2021.10/bin/../lib/gcc/arm-none-eabi/10.3.1/thumb/v7e-m+fp/hard\libgcc.a
LOAD c:/program files (x86)/gnu arm embedded toolchain/10 2021.10/bin/../lib/gcc/arm-none-eabi/10.3.1/../../../../arm-none-eabi/lib/thumb/v7e-m+fp/hard\libc_nano.a
END GROUP
LOAD c:/program files (x86)/gnu arm embedded toolchain/10 2021.10/bin/../lib/gcc/arm-none-eabi/10.3.1/thumb/v7e-m+fp/hard/crtend.o
LOAD c:/program files (x86)/gnu arm embedded toolchain/10 2021.10/bin/../lib/gcc/arm-none-eabi/10.3.1/thumb/v7e-m+fp/hard/crtn.o
                0x2001c000                _estack = (ORIGIN (RAM) + LENGTH (RAM))
                0x00000200                _Min_Heap_Size = 0x200
                0x00000400                _Min_Stack_Size = 0x400

.isr_vector     0x08000000      0x1d8
                0x08000000                . = ALIGN (0x4)
 *(.isr_vector)
 .isr_vector    0x08000000      0x1d8 build/startup_stm32g491xx.o
                0x08000000                g_pfnVectors
                0x080001d8                . = ALIGN (0x4)

.text           0x080001d8     0x51f8
                0x080001d8                . = ALIGN (0x4)
 *(.text)
 .text          0x080001d8       0x40 c:/program files (x86)/gnu arm embedded toolchain/10 2021.10/bin/../lib/gcc/arm-none-eabi/10.3.1/thumb/v7e-m+fp/hard/crtbegin.o
 .text          0x08000218      0x378 c:/program files (x86)/gnu arm embedded toolchain/10 2021.10/bin/../lib/gcc/arm-none-eabi/10.3.1/thumb/v7e-m+fp/hard\libgcc.a(_arm_addsubdf3.o)
                0x08000218                __aeabi_drsub
                0x08000220                __aeabi_dsub
                0x08000220                __subdf3
                0x08000224                __aeabi_dadd
                0x08000224                __adddf3
                0x0800049c                __floatunsidf
                0x0800049c                __aeabi_ui2d
                0x080004bc                __floatsidf
                0x080004bc                __aeabi_i2d
                0x080004e0                __aeabi_f2d
                0x080004e0                __extendsfdf2
                0x08000524                __floatundidf
                0x08000524                __aeabi_ul2d
                0x08000534                __floatdidf
                0x08000534                __aeabi_l2d
 .text          0x08000590      0x424 c:/program files (x86)/gnu arm embedded toolchain/10 2021.10/bin/../lib/gcc/arm-none-eabi/10.3.1/thumb/v7e-m+fp/hard\libgcc.a(_arm_muldivdf3.o)
                0x08000590                __aeabi_dmul
                0x08000590                __muldf3
                0x080007e4                __divdf3
                0x080007e4                __aeabi_ddiv
 .text          0x080009b4       0xa0 c:/program files (x86)/gnu arm embedded toolchain/10 2021.10/bin/../lib/gcc/arm-none-eabi/10.3.1/thumb/v7e-m+fp/hard\libgcc.a(_arm_truncdfsf2.o)
                0x080009b4                __truncdfsf2
                0x080009b4                __aeabi_d2f
 .text          0x08000a54       0x30 c:/program files (x86)/gnu arm embedded toolchain/10 2021.10/bin/../lib/gcc/arm-none-eabi/10.3.1/thumb/v7e-m+fp/hard\libgcc.a(_aeabi_uldivmod.o)
                0x08000a54                __aeabi_uldivmod
 .text          0x08000a84      0x2d0 c:/program files (x86)/gnu arm embedded toolchain/10 2021.10/bin/../lib/gcc/arm-none-eabi/10.3.1/thumb/v7e-m+fp/hard\libgcc.a(_udivmoddi4.o)
                0x08000a84                __udivmoddi4
 .text          0x08000d54        0x4 c:/program files (x86)/gnu arm embedded toolchain/10 2021.10/bin/../lib/gcc/arm-none-eabi/10.3.1/thumb/v7e-m+fp/hard\libgcc.a(_dvmd_tls.o)
                0x08000d54                __aeabi_idiv0
                0x08000d54                __aeabi_ldiv0
 *(.text*)
 .text.PWM_steering_period
                0x08000d58       0x54 build/main.o
                0x08000d58                PWM_steering_period
 *fill*         0x08000dac        0x4 
 .text.kat_to_steps
                0x08000db0       0x30 build/main.o
                0x08000db0                kat_to_steps
 .text.odczyt_kierunku
                0x08000de0       0x20 build/main.o
                0x08000de0                odczyt_kierunku
 .text.krecenie_silnikiem
                0x08000e00       0x9c build/main.o
                0x08000e00                krecenie_silnikiem
 .text.HAL_UART_RxCpltCallback
                0x08000e9c       0x24 build/main.o
                0x08000e9c                HAL_UART_RxCpltCallback
 .text.HallSensorSettings
                0x08000ec0       0x7c build/main.o
                0x08000ec0                HallSensorSettings
 .text.CheckAbsoluteAngle
                0x08000f3c      0x10c build/main.o
                0x08000f3c                CheckAbsoluteAngle
 .text.Error_Handler
                0x08001048        0x4 build/main.o
                0x08001048                Error_Handler
 .text.SystemClock_Config
                0x0800104c       0x5e build/main.o
                0x0800104c                SystemClock_Config
 *fill*         0x080010aa        0x2 
 .text.main     0x080010ac       0xd4 build/main.o
                0x080010ac                main
 .text.NMI_Handler
                0x08001180        0x2 build/stm32g4xx_it.o
                0x08001180                NMI_Handler
 .text.HardFault_Handler
                0x08001182        0x2 build/stm32g4xx_it.o
                0x08001182                HardFault_Handler
 .text.MemManage_Handler
                0x08001184        0x2 build/stm32g4xx_it.o
                0x08001184                MemManage_Handler
 .text.BusFault_Handler
                0x08001186        0x2 build/stm32g4xx_it.o
                0x08001186                BusFault_Handler
 .text.UsageFault_Handler
                0x08001188        0x2 build/stm32g4xx_it.o
                0x08001188                UsageFault_Handler
 .text.SVC_Handler
                0x0800118a        0x2 build/stm32g4xx_it.o
                0x0800118a                SVC_Handler
 .text.DebugMon_Handler
                0x0800118c        0x2 build/stm32g4xx_it.o
                0x0800118c                DebugMon_Handler
 .text.PendSV_Handler
                0x0800118e        0x2 build/stm32g4xx_it.o
                0x0800118e                PendSV_Handler
 .text.SysTick_Handler
                0x08001190        0x8 build/stm32g4xx_it.o
                0x08001190                SysTick_Handler
 .text.TIM1_TRG_COM_TIM17_IRQHandler
                0x08001198       0x10 build/stm32g4xx_it.o
                0x08001198                TIM1_TRG_COM_TIM17_IRQHandler
 .text.USART2_IRQHandler
                0x080011a8       0x10 build/stm32g4xx_it.o
                0x080011a8                USART2_IRQHandler
 .text.TIM20_TRG_COM_IRQHandler
                0x080011b8       0x10 build/stm32g4xx_it.o
                0x080011b8                TIM20_TRG_COM_IRQHandler
 .text.HAL_MspInit
                0x080011c8       0x38 build/stm32g4xx_hal_msp.o
                0x080011c8                HAL_MspInit
 .text.TIM_OC1_SetConfig
                0x08001200       0xb0 build/stm32g4xx_hal_tim.o
 .text.TIM_OC3_SetConfig
                0x080012b0       0x9c build/stm32g4xx_hal_tim.o
 .text.TIM_OC4_SetConfig
                0x0800134c       0x9c build/stm32g4xx_hal_tim.o
 .text.TIM_OC5_SetConfig
                0x080013e8       0x70 build/stm32g4xx_hal_tim.o
 .text.TIM_OC6_SetConfig
                0x08001458       0x74 build/stm32g4xx_hal_tim.o
 .text.TIM_TI1_ConfigInputStage
                0x080014cc       0x26 build/stm32g4xx_hal_tim.o
 .text.TIM_TI2_ConfigInputStage
                0x080014f2       0x28 build/stm32g4xx_hal_tim.o
 .text.TIM_ITRx_SetConfig
                0x0800151a       0x14 build/stm32g4xx_hal_tim.o
 .text.HAL_TIM_PWM_MspInit
                0x0800152e        0x2 build/stm32g4xx_hal_tim.o
                0x0800152e                HAL_TIM_PWM_MspInit
 .text.HAL_TIM_PeriodElapsedCallback
                0x08001530        0x2 build/stm32g4xx_hal_tim.o
                0x08001530                HAL_TIM_PeriodElapsedCallback
 .text.HAL_TIM_OC_DelayElapsedCallback
                0x08001532        0x2 build/stm32g4xx_hal_tim.o
                0x08001532                HAL_TIM_OC_DelayElapsedCallback
 .text.HAL_TIM_IC_CaptureCallback
                0x08001534        0x2 build/stm32g4xx_hal_tim.o
                0x08001534                HAL_TIM_IC_CaptureCallback
 .text.HAL_TIM_PWM_PulseFinishedCallback
                0x08001536        0x2 build/stm32g4xx_hal_tim.o
                0x08001536                HAL_TIM_PWM_PulseFinishedCallback
 .text.HAL_TIM_TriggerCallback
                0x08001538        0x2 build/stm32g4xx_hal_tim.o
                0x08001538                HAL_TIM_TriggerCallback
 .text.HAL_TIM_IRQHandler
                0x0800153a      0x21e build/stm32g4xx_hal_tim.o
                0x0800153a                HAL_TIM_IRQHandler
 .text.TIM_Base_SetConfig
                0x08001758       0xd0 build/stm32g4xx_hal_tim.o
                0x08001758                TIM_Base_SetConfig
 .text.HAL_TIM_Base_Init
                0x08001828       0x60 build/stm32g4xx_hal_tim.o
                0x08001828                HAL_TIM_Base_Init
 .text.HAL_TIM_PWM_Init
                0x08001888       0x60 build/stm32g4xx_hal_tim.o
                0x08001888                HAL_TIM_PWM_Init
 .text.TIM_OC2_SetConfig
                0x080018e8       0x9c build/stm32g4xx_hal_tim.o
                0x080018e8                TIM_OC2_SetConfig
 .text.HAL_TIM_PWM_ConfigChannel
                0x08001984      0x13a build/stm32g4xx_hal_tim.o
                0x08001984                HAL_TIM_PWM_ConfigChannel
 .text.TIM_ETR_SetConfig
                0x08001abe       0x1a build/stm32g4xx_hal_tim.o
                0x08001abe                TIM_ETR_SetConfig
 .text.HAL_TIM_ConfigClockSource
                0x08001ad8      0x140 build/stm32g4xx_hal_tim.o
                0x08001ad8                HAL_TIM_ConfigClockSource
 .text.TIM_CCxChannelCmd
                0x08001c18       0x1e build/stm32g4xx_hal_tim.o
                0x08001c18                TIM_CCxChannelCmd
 *fill*         0x08001c36        0x2 
 .text.HAL_TIM_PWM_Start
                0x08001c38      0x168 build/stm32g4xx_hal_tim.o
                0x08001c38                HAL_TIM_PWM_Start
 .text.HAL_TIM_PWM_Stop
                0x08001da0       0xc0 build/stm32g4xx_hal_tim.o
                0x08001da0                HAL_TIM_PWM_Stop
 .text.HAL_TIMEx_MasterConfigSynchronization
                0x08001e60       0xa4 build/stm32g4xx_hal_tim_ex.o
                0x08001e60                HAL_TIMEx_MasterConfigSynchronization
 .text.HAL_TIMEx_ConfigBreakDeadTime
                0x08001f04       0xd4 build/stm32g4xx_hal_tim_ex.o
                0x08001f04                HAL_TIMEx_ConfigBreakDeadTime
 .text.HAL_TIMEx_CommutCallback
                0x08001fd8        0x2 build/stm32g4xx_hal_tim_ex.o
                0x08001fd8                HAL_TIMEx_CommutCallback
 .text.HAL_TIMEx_BreakCallback
                0x08001fda        0x2 build/stm32g4xx_hal_tim_ex.o
                0x08001fda                HAL_TIMEx_BreakCallback
 .text.HAL_TIMEx_Break2Callback
                0x08001fdc        0x2 build/stm32g4xx_hal_tim_ex.o
                0x08001fdc                HAL_TIMEx_Break2Callback
 .text.HAL_TIMEx_EncoderIndexCallback
                0x08001fde        0x2 build/stm32g4xx_hal_tim_ex.o
                0x08001fde                HAL_TIMEx_EncoderIndexCallback
 .text.HAL_TIMEx_DirectionChangeCallback
                0x08001fe0        0x2 build/stm32g4xx_hal_tim_ex.o
                0x08001fe0                HAL_TIMEx_DirectionChangeCallback
 .text.HAL_TIMEx_IndexErrorCallback
                0x08001fe2        0x2 build/stm32g4xx_hal_tim_ex.o
                0x08001fe2                HAL_TIMEx_IndexErrorCallback
 .text.HAL_TIMEx_TransitionErrorCallback
                0x08001fe4        0x2 build/stm32g4xx_hal_tim_ex.o
                0x08001fe4                HAL_TIMEx_TransitionErrorCallback
 *fill*         0x08001fe6        0x2 
 .text.HAL_PWREx_ControlVoltageScaling
                0x08001fe8      0x10c build/stm32g4xx_hal_pwr_ex.o
                0x08001fe8                HAL_PWREx_ControlVoltageScaling
 .text.HAL_PWREx_DisableUCPDDeadBattery
                0x080020f4       0x10 build/stm32g4xx_hal_pwr_ex.o
                0x080020f4                HAL_PWREx_DisableUCPDDeadBattery
 .text.HAL_InitTick
                0x08002104       0x50 build/stm32g4xx_hal.o
                0x08002104                HAL_InitTick
 .text.HAL_Init
                0x08002154       0x1e build/stm32g4xx_hal.o
                0x08002154                HAL_Init
 *fill*         0x08002172        0x2 
 .text.HAL_IncTick
                0x08002174       0x18 build/stm32g4xx_hal.o
                0x08002174                HAL_IncTick
 .text.HAL_GetTick
                0x0800218c        0xc build/stm32g4xx_hal.o
                0x0800218c                HAL_GetTick
 .text.HAL_Delay
                0x08002198       0x28 build/stm32g4xx_hal.o
                0x08002198                HAL_Delay
 .text.RCC_GetSysClockFreqFromPLLSource
                0x080021c0       0x58 build/stm32g4xx_hal_rcc.o
 .text.HAL_RCC_OscConfig
                0x08002218      0x4e8 build/stm32g4xx_hal_rcc.o
                0x08002218                HAL_RCC_OscConfig
 .text.HAL_RCC_GetSysClockFreq
                0x08002700       0x88 build/stm32g4xx_hal_rcc.o
                0x08002700                HAL_RCC_GetSysClockFreq
 .text.HAL_RCC_ClockConfig
                0x08002788      0x1f8 build/stm32g4xx_hal_rcc.o
                0x08002788                HAL_RCC_ClockConfig
 .text.HAL_RCC_GetHCLKFreq
                0x08002980        0xc build/stm32g4xx_hal_rcc.o
                0x08002980                HAL_RCC_GetHCLKFreq
 .text.HAL_RCC_GetPCLK1Freq
                0x0800298c       0x24 build/stm32g4xx_hal_rcc.o
                0x0800298c                HAL_RCC_GetPCLK1Freq
 .text.HAL_RCC_GetPCLK2Freq
                0x080029b0       0x24 build/stm32g4xx_hal_rcc.o
                0x080029b0                HAL_RCC_GetPCLK2Freq
 .text.HAL_RCCEx_PeriphCLKConfig
                0x080029d4      0x35c build/stm32g4xx_hal_rcc_ex.o
                0x080029d4                HAL_RCCEx_PeriphCLKConfig
 .text.HAL_GPIO_Init
                0x08002d30      0x1d4 build/stm32g4xx_hal_gpio.o
                0x08002d30                HAL_GPIO_Init
 .text.HAL_GPIO_WritePin
                0x08002f04        0xa build/stm32g4xx_hal_gpio.o
                0x08002f04                HAL_GPIO_WritePin
 .text.HAL_DMA_Abort
                0x08002f0e       0x6c build/stm32g4xx_hal_dma.o
                0x08002f0e                HAL_DMA_Abort
 .text.HAL_DMA_Abort_IT
                0x08002f7a       0x7e build/stm32g4xx_hal_dma.o
                0x08002f7a                HAL_DMA_Abort_IT
 .text.HAL_NVIC_SetPriorityGrouping
                0x08002ff8       0x24 build/stm32g4xx_hal_cortex.o
                0x08002ff8                HAL_NVIC_SetPriorityGrouping
 .text.HAL_NVIC_SetPriority
                0x0800301c       0x70 build/stm32g4xx_hal_cortex.o
                0x0800301c                HAL_NVIC_SetPriority
 .text.HAL_NVIC_EnableIRQ
                0x0800308c       0x1c build/stm32g4xx_hal_cortex.o
                0x0800308c                HAL_NVIC_EnableIRQ
 .text.HAL_SYSTICK_Config
                0x080030a8       0x28 build/stm32g4xx_hal_cortex.o
                0x080030a8                HAL_SYSTICK_Config
 .text.SystemInit
                0x080030d0       0x14 build/system_stm32g4xx.o
                0x080030d0                SystemInit
 .text.UART_EndRxTransfer
                0x080030e4       0x56 build/stm32g4xx_hal_uart.o
 .text.HAL_UART_TxCpltCallback
                0x0800313a        0x2 build/stm32g4xx_hal_uart.o
                0x0800313a                HAL_UART_TxCpltCallback
 .text.UART_EndTransmit_IT
                0x0800313c       0x24 build/stm32g4xx_hal_uart.o
 .text.HAL_UART_ErrorCallback
                0x08003160        0x2 build/stm32g4xx_hal_uart.o
                0x08003160                HAL_UART_ErrorCallback
 .text.UART_DMAAbortOnError
                0x08003162       0x14 build/stm32g4xx_hal_uart.o
 .text.HAL_UARTEx_RxEventCallback
                0x08003176        0x2 build/stm32g4xx_hal_uart.o
                0x08003176                HAL_UARTEx_RxEventCallback
 .text.HAL_UART_IRQHandler
                0x08003178      0x334 build/stm32g4xx_hal_uart.o
                0x08003178                HAL_UART_IRQHandler
 .text.UART_RxISR_8BIT
                0x080034ac       0xb2 build/stm32g4xx_hal_uart.o
 .text.UART_RxISR_16BIT
                0x0800355e       0xb0 build/stm32g4xx_hal_uart.o
 *fill*         0x0800360e        0x2 
 .text.UART_RxISR_8BIT_FIFOEN
                0x08003610      0x1a0 build/stm32g4xx_hal_uart.o
 .text.UART_RxISR_16BIT_FIFOEN
                0x080037b0      0x1a0 build/stm32g4xx_hal_uart.o
 .text.UART_SetConfig
                0x08003950      0x388 build/stm32g4xx_hal_uart.o
                0x08003950                UART_SetConfig
 .text.UART_AdvFeatureConfig
                0x08003cd8       0xca build/stm32g4xx_hal_uart.o
                0x08003cd8                UART_AdvFeatureConfig
 .text.UART_WaitOnFlagUntilTimeout
                0x08003da2       0xdc build/stm32g4xx_hal_uart.o
                0x08003da2                UART_WaitOnFlagUntilTimeout
 .text.HAL_UART_Transmit
                0x08003e7e       0xde build/stm32g4xx_hal_uart.o
                0x08003e7e                HAL_UART_Transmit
 .text.UART_CheckIdleState
                0x08003f5c       0x74 build/stm32g4xx_hal_uart.o
                0x08003f5c                UART_CheckIdleState
 .text.HAL_UART_Init
                0x08003fd0       0x66 build/stm32g4xx_hal_uart.o
                0x08003fd0                HAL_UART_Init
 *fill*         0x08004036        0x2 
 .text.UART_Start_Receive_IT
                0x08004038      0x148 build/stm32g4xx_hal_uart.o
                0x08004038                UART_Start_Receive_IT
 .text.HAL_UART_Receive_IT
                0x08004180       0x5c build/stm32g4xx_hal_uart.o
                0x08004180                HAL_UART_Receive_IT
 .text.UARTEx_SetNbDataToProcess
                0x080041dc       0x4c build/stm32g4xx_hal_uart_ex.o
 .text.HAL_RS485Ex_Init
                0x08004228       0x86 build/stm32g4xx_hal_uart_ex.o
                0x08004228                HAL_RS485Ex_Init
 .text.HAL_UARTEx_WakeupCallback
                0x080042ae        0x2 build/stm32g4xx_hal_uart_ex.o
                0x080042ae                HAL_UARTEx_WakeupCallback
 .text.HAL_UARTEx_RxFifoFullCallback
                0x080042b0        0x2 build/stm32g4xx_hal_uart_ex.o
                0x080042b0                HAL_UARTEx_RxFifoFullCallback
 .text.HAL_UARTEx_TxFifoEmptyCallback
                0x080042b2        0x2 build/stm32g4xx_hal_uart_ex.o
                0x080042b2                HAL_UARTEx_TxFifoEmptyCallback
 .text.HAL_UARTEx_DisableFifoMode
                0x080042b4       0x3e build/stm32g4xx_hal_uart_ex.o
                0x080042b4                HAL_UARTEx_DisableFifoMode
 .text.HAL_UARTEx_SetTxFifoThreshold
                0x080042f2       0x4a build/stm32g4xx_hal_uart_ex.o
                0x080042f2                HAL_UARTEx_SetTxFifoThreshold
 .text.HAL_UARTEx_SetRxFifoThreshold
                0x0800433c       0x4a build/stm32g4xx_hal_uart_ex.o
                0x0800433c                HAL_UARTEx_SetRxFifoThreshold
 *fill*         0x08004386        0x2 
 .text.MX_GPIO_Init
                0x08004388      0x120 build/gpio.o
                0x08004388                MX_GPIO_Init
 .text.HAL_TIM_Base_MspInit
                0x080044a8       0x70 build/tim.o
                0x080044a8                HAL_TIM_Base_MspInit
 .text.HAL_TIM_MspPostInit
                0x08004518       0x8c build/tim.o
                0x08004518                HAL_TIM_MspPostInit
 .text.MX_TIM1_Init
                0x080045a4      0x100 build/tim.o
                0x080045a4                MX_TIM1_Init
 .text.MX_TIM20_Init
                0x080046a4      0x100 build/tim.o
                0x080046a4                MX_TIM20_Init
 .text.TransmitData
                0x080047a4       0x60 build/TMAG5170.o
                0x080047a4                TransmitData
 .text.TMAG5170_dev_conf_settings
                0x08004804       0x58 build/TMAG5170.o
                0x08004804                TMAG5170_dev_conf_settings
 .text.TMAG5170_sens_conf_settings
                0x0800485c       0x64 build/TMAG5170.o
                0x0800485c                TMAG5170_sens_conf_settings
 .text.TMAG5170_sys_conf_settings
                0x080048c0       0x70 build/TMAG5170.o
                0x080048c0                TMAG5170_sys_conf_settings
 .text.TMAG5170_al_conf_settings
                0x08004930       0x84 build/TMAG5170.o
                0x08004930                TMAG5170_al_conf_settings
 .text.DisableCRC
                0x080049b4       0x4c build/TMAG5170.o
                0x080049b4                DisableCRC
 .text.MX_SPI1_Init
                0x08004a00       0x4c build/spi.o
                0x08004a00                MX_SPI1_Init
 .text.HAL_SPI_MspInit
                0x08004a4c       0x64 build/spi.o
                0x08004a4c                HAL_SPI_MspInit
 .text.MX_UART4_Init
                0x08004ab0       0x68 build/usart.o
                0x08004ab0                MX_UART4_Init
 .text.MX_USART2_UART_Init
                0x08004b18       0x6c build/usart.o
                0x08004b18                MX_USART2_UART_Init
 .text.HAL_UART_MspInit
                0x08004b84       0xf8 build/usart.o
                0x08004b84                HAL_UART_MspInit
 .text.SPI_WaitFlagStateUntilTimeout
                0x08004c7c       0xd4 build/stm32g4xx_hal_spi.o
 .text.SPI_WaitFifoStateUntilTimeout
                0x08004d50       0xf4 build/stm32g4xx_hal_spi.o
 .text.SPI_EndRxTxTransaction
                0x08004e44       0x62 build/stm32g4xx_hal_spi.o
 .text.HAL_SPI_Init
                0x08004ea6       0xe8 build/stm32g4xx_hal_spi.o
                0x08004ea6                HAL_SPI_Init
 .text.HAL_SPI_Transmit
                0x08004f8e      0x202 build/stm32g4xx_hal_spi.o
                0x08004f8e                HAL_SPI_Transmit
 .text.Reset_Handler
                0x08005190       0x50 build/startup_stm32g491xx.o
                0x08005190                Reset_Handler
 .text.Default_Handler
                0x080051e0        0x2 build/startup_stm32g491xx.o
                0x080051e0                RTC_Alarm_IRQHandler
                0x080051e0                EXTI2_IRQHandler
                0x080051e0                TIM8_TRG_COM_IRQHandler
                0x080051e0                TIM8_CC_IRQHandler
                0x080051e0                TIM1_CC_IRQHandler
                0x080051e0                USB_HP_IRQHandler
                0x080051e0                CORDIC_IRQHandler
                0x080051e0                DMA2_Channel8_IRQHandler
                0x080051e0                EXTI3_IRQHandler
                0x080051e0                I2C3_ER_IRQHandler
                0x080051e0                EXTI0_IRQHandler
                0x080051e0                I2C2_EV_IRQHandler
                0x080051e0                FPU_IRQHandler
                0x080051e0                FDCAN1_IT1_IRQHandler
                0x080051e0                TIM1_UP_TIM16_IRQHandler
                0x080051e0                ADC1_2_IRQHandler
                0x080051e0                SPI1_IRQHandler
                0x080051e0                TIM6_DAC_IRQHandler
                0x080051e0                TIM8_UP_IRQHandler
                0x080051e0                DMA2_Channel2_IRQHandler
                0x080051e0                DMA1_Channel4_IRQHandler
                0x080051e0                USART3_IRQHandler
                0x080051e0                DMA1_Channel7_IRQHandler
                0x080051e0                UART5_IRQHandler
                0x080051e0                ADC3_IRQHandler
                0x080051e0                TIM4_IRQHandler
                0x080051e0                DMA2_Channel1_IRQHandler
                0x080051e0                QUADSPI_IRQHandler
                0x080051e0                I2C1_EV_IRQHandler
                0x080051e0                DMA1_Channel6_IRQHandler
                0x080051e0                UART4_IRQHandler
                0x080051e0                DMA2_Channel4_IRQHandler
                0x080051e0                TIM3_IRQHandler
                0x080051e0                RCC_IRQHandler
                0x080051e0                TIM20_UP_IRQHandler
                0x080051e0                DMA1_Channel1_IRQHandler
                0x080051e0                Default_Handler
                0x080051e0                DMA2_Channel7_IRQHandler
                0x080051e0                RTC_TAMP_LSECSS_IRQHandler
                0x080051e0                FMAC_IRQHandler
                0x080051e0                EXTI15_10_IRQHandler
                0x080051e0                DMA1_Channel8_IRQHandler
                0x080051e0                TIM7_IRQHandler
                0x080051e0                UCPD1_IRQHandler
                0x080051e0                I2C3_EV_IRQHandler
                0x080051e0                EXTI9_5_IRQHandler
                0x080051e0                RTC_WKUP_IRQHandler
                0x080051e0                PVD_PVM_IRQHandler
                0x080051e0                SPI2_IRQHandler
                0x080051e0                DMA2_Channel5_IRQHandler
                0x080051e0                CRS_IRQHandler
                0x080051e0                DMA1_Channel5_IRQHandler
                0x080051e0                USB_LP_IRQHandler
                0x080051e0                EXTI4_IRQHandler
                0x080051e0                RNG_IRQHandler
                0x080051e0                FDCAN2_IT1_IRQHandler
                0x080051e0                DMA1_Channel3_IRQHandler
                0x080051e0                WWDG_IRQHandler
                0x080051e0                FDCAN2_IT0_IRQHandler
                0x080051e0                LPUART1_IRQHandler
                0x080051e0                DMA2_Channel6_IRQHandler
                0x080051e0                FDCAN1_IT0_IRQHandler
                0x080051e0                TIM2_IRQHandler
                0x080051e0                COMP1_2_3_IRQHandler
                0x080051e0                EXTI1_IRQHandler
                0x080051e0                TIM20_BRK_IRQHandler
                0x080051e0                I2C2_ER_IRQHandler
                0x080051e0                DMA1_Channel2_IRQHandler
                0x080051e0                TIM8_BRK_IRQHandler
                0x080051e0                FLASH_IRQHandler
                0x080051e0                TIM20_CC_IRQHandler
                0x080051e0                USART1_IRQHandler
                0x080051e0                SPI3_IRQHandler
                0x080051e0                I2C1_ER_IRQHandler
                0x080051e0                LPTIM1_IRQHandler
                0x080051e0                DMAMUX_OVR_IRQHandler
                0x080051e0                USBWakeUp_IRQHandler
                0x080051e0                SAI1_IRQHandler
                0x080051e0                DMA2_Channel3_IRQHandler
                0x080051e0                COMP4_IRQHandler
                0x080051e0                TIM1_BRK_TIM15_IRQHandler
 .text.atoi     0x080051e2        0x8 c:/program files (x86)/gnu arm embedded toolchain/10 2021.10/bin/../lib/gcc/arm-none-eabi/10.3.1/../../../../arm-none-eabi/lib/thumb/v7e-m+fp/hard\libc_nano.a(lib_a-atoi.o)
                0x080051e2                atoi
 *fill*         0x080051ea        0x2 
 .text.__libc_init_array
                0x080051ec       0x48 c:/program files (x86)/gnu arm embedded toolchain/10 2021.10/bin/../lib/gcc/arm-none-eabi/10.3.1/../../../../arm-none-eabi/lib/thumb/v7e-m+fp/hard\libc_nano.a(lib_a-init.o)
                0x080051ec                __libc_init_array
 .text.memset   0x08005234       0x10 c:/program files (x86)/gnu arm embedded toolchain/10 2021.10/bin/../lib/gcc/arm-none-eabi/10.3.1/../../../../arm-none-eabi/lib/thumb/v7e-m+fp/hard\libc_nano.a(lib_a-memset.o)
                0x08005234                memset
 .text.strncmp  0x08005244       0x28 c:/program files (x86)/gnu arm embedded toolchain/10 2021.10/bin/../lib/gcc/arm-none-eabi/10.3.1/../../../../arm-none-eabi/lib/thumb/v7e-m+fp/hard\libc_nano.a(lib_a-strncmp.o)
                0x08005244                strncmp
 .text.strncpy  0x0800526c       0x26 c:/program files (x86)/gnu arm embedded toolchain/10 2021.10/bin/../lib/gcc/arm-none-eabi/10.3.1/../../../../arm-none-eabi/lib/thumb/v7e-m+fp/hard\libc_nano.a(lib_a-strncpy.o)
                0x0800526c                strncpy
 *fill*         0x08005292        0x2 
 .text._strtol_l.constprop.0
                0x08005294      0x104 c:/program files (x86)/gnu arm embedded toolchain/10 2021.10/bin/../lib/gcc/arm-none-eabi/10.3.1/../../../../arm-none-eabi/lib/thumb/v7e-m+fp/hard\libc_nano.a(lib_a-strtol.o)
 .text.strtol   0x08005398       0x14 c:/program files (x86)/gnu arm embedded toolchain/10 2021.10/bin/../lib/gcc/arm-none-eabi/10.3.1/../../../../arm-none-eabi/lib/thumb/v7e-m+fp/hard\libc_nano.a(lib_a-strtol.o)
                0x08005398                strtol
 .text.__errno  0x080053ac        0xc c:/program files (x86)/gnu arm embedded toolchain/10 2021.10/bin/../lib/gcc/arm-none-eabi/10.3.1/../../../../arm-none-eabi/lib/thumb/v7e-m+fp/hard\libc_nano.a(lib_a-errno.o)
                0x080053ac                __errno
 *(.glue_7)
 .glue_7        0x080053b8        0x0 linker stubs
 *(.glue_7t)
 .glue_7t       0x080053b8        0x0 linker stubs
 *(.eh_frame)
 .eh_frame      0x080053b8        0x0 c:/program files (x86)/gnu arm embedded toolchain/10 2021.10/bin/../lib/gcc/arm-none-eabi/10.3.1/thumb/v7e-m+fp/hard/crtbegin.o
 *(.init)
 .init          0x080053b8        0x4 c:/program files (x86)/gnu arm embedded toolchain/10 2021.10/bin/../lib/gcc/arm-none-eabi/10.3.1/thumb/v7e-m+fp/hard/crti.o
                0x080053b8                _init
 .init          0x080053bc        0x8 c:/program files (x86)/gnu arm embedded toolchain/10 2021.10/bin/../lib/gcc/arm-none-eabi/10.3.1/thumb/v7e-m+fp/hard/crtn.o
 *(.fini)
 .fini          0x080053c4        0x4 c:/program files (x86)/gnu arm embedded toolchain/10 2021.10/bin/../lib/gcc/arm-none-eabi/10.3.1/thumb/v7e-m+fp/hard/crti.o
                0x080053c4                _fini
 .fini          0x080053c8        0x8 c:/program files (x86)/gnu arm embedded toolchain/10 2021.10/bin/../lib/gcc/arm-none-eabi/10.3.1/thumb/v7e-m+fp/hard/crtn.o
                0x080053d0                . = ALIGN (0x4)
                0x080053d0                _etext = .

.vfp11_veneer   0x080053d0        0x0
 .vfp11_veneer  0x080053d0        0x0 linker stubs

.v4_bx          0x080053d0        0x0
 .v4_bx         0x080053d0        0x0 linker stubs

.iplt           0x080053d0        0x0
 .iplt          0x080053d0        0x0 c:/program files (x86)/gnu arm embedded toolchain/10 2021.10/bin/../lib/gcc/arm-none-eabi/10.3.1/thumb/v7e-m+fp/hard/crtbegin.o

.rodata         0x080053d0      0x184
                0x080053d0                . = ALIGN (0x4)
 *(.rodata)
 *(.rodata*)
 .rodata.main.str1.4
                0x080053d0       0x3f build/main.o
 *fill*         0x0800540f        0x1 
 .rodata.AHBPrescTable
                0x08005410       0x10 build/system_stm32g4xx.o
                0x08005410                AHBPrescTable
 .rodata.APBPrescTable
                0x08005420        0x8 build/system_stm32g4xx.o
                0x08005420                APBPrescTable
 .rodata.UARTPrescTable
                0x08005428       0x18 build/stm32g4xx_hal_uart.o
                0x08005428                UARTPrescTable
 .rodata.denominator.0
                0x08005440        0x8 build/stm32g4xx_hal_uart_ex.o
 .rodata.numerator.1
                0x08005448        0x8 build/stm32g4xx_hal_uart_ex.o
 .rodata._ctype_
                0x08005450      0x101 c:/program files (x86)/gnu arm embedded toolchain/10 2021.10/bin/../lib/gcc/arm-none-eabi/10.3.1/../../../../arm-none-eabi/lib/thumb/v7e-m+fp/hard\libc_nano.a(lib_a-ctype_.o)
                0x08005450                _ctype_
                0x08005554                . = ALIGN (0x4)
 *fill*         0x08005551        0x3 

.ARM.extab
 *(.ARM.extab* .gnu.linkonce.armextab.*)

.ARM            0x08005554        0x8
                0x08005554                __exidx_start = .
 *(.ARM.exidx*)
 .ARM.exidx     0x08005554        0x8 c:/program files (x86)/gnu arm embedded toolchain/10 2021.10/bin/../lib/gcc/arm-none-eabi/10.3.1/thumb/v7e-m+fp/hard\libgcc.a(_udivmoddi4.o)
                0x0800555c                __exidx_end = .

.rel.dyn        0x0800555c        0x0
 .rel.iplt      0x0800555c        0x0 c:/program files (x86)/gnu arm embedded toolchain/10 2021.10/bin/../lib/gcc/arm-none-eabi/10.3.1/thumb/v7e-m+fp/hard/crtbegin.o

.preinit_array  0x0800555c        0x0
                0x0800555c                PROVIDE (__preinit_array_start = .)
 *(.preinit_array*)
                0x0800555c                PROVIDE (__preinit_array_end = .)

.init_array     0x0800555c        0x4
                0x0800555c                PROVIDE (__init_array_start = .)
 *(SORT_BY_NAME(.init_array.*))
 *(.init_array*)
 .init_array    0x0800555c        0x4 c:/program files (x86)/gnu arm embedded toolchain/10 2021.10/bin/../lib/gcc/arm-none-eabi/10.3.1/thumb/v7e-m+fp/hard/crtbegin.o
                0x08005560                PROVIDE (__init_array_end = .)

.fini_array     0x08005560        0x4
                [!provide]                PROVIDE (__fini_array_start = .)
 *(SORT_BY_NAME(.fini_array.*))
 *(.fini_array*)
 .fini_array    0x08005560        0x4 c:/program files (x86)/gnu arm embedded toolchain/10 2021.10/bin/../lib/gcc/arm-none-eabi/10.3.1/thumb/v7e-m+fp/hard/crtbegin.o
                [!provide]                PROVIDE (__fini_array_end = .)
                0x08005564                _sidata = LOADADDR (.data)

.data           0x20000000       0x78 load address 0x08005564
                0x20000000                . = ALIGN (0x4)
                0x20000000                _sdata = .
 *(.data)
 *(.data*)
 .data.silnik_CP
                0x20000000        0x2 build/main.o
                0x20000000                silnik_CP
 *fill*         0x20000002        0x2 
 .data.silnik_CS
                0x20000004        0x2 build/main.o
                0x20000004                silnik_CS
 *fill*         0x20000006        0x2 
 .data.uwTickFreq
                0x20000008        0x4 build/stm32g4xx_hal.o
                0x20000008                uwTickFreq
 .data.uwTickPrio
                0x2000000c        0x4 build/stm32g4xx_hal.o
                0x2000000c                uwTickPrio
 .data.SystemCoreClock
                0x20000010        0x4 build/system_stm32g4xx.o
                0x20000010                SystemCoreClock
 .data._impure_ptr
                0x20000014        0x4 c:/program files (x86)/gnu arm embedded toolchain/10 2021.10/bin/../lib/gcc/arm-none-eabi/10.3.1/../../../../arm-none-eabi/lib/thumb/v7e-m+fp/hard\libc_nano.a(lib_a-impure.o)
                0x20000014                _impure_ptr
 .data.impure_data
                0x20000018       0x60 c:/program files (x86)/gnu arm embedded toolchain/10 2021.10/bin/../lib/gcc/arm-none-eabi/10.3.1/../../../../arm-none-eabi/lib/thumb/v7e-m+fp/hard\libc_nano.a(lib_a-impure.o)
                0x20000078                . = ALIGN (0x4)
                0x20000078                _edata = .

.igot.plt       0x20000078        0x0 load address 0x080055dc
 .igot.plt      0x20000078        0x0 c:/program files (x86)/gnu arm embedded toolchain/10 2021.10/bin/../lib/gcc/arm-none-eabi/10.3.1/thumb/v7e-m+fp/hard/crtbegin.o
                0x20000078                . = ALIGN (0x4)

.bss            0x20000078      0x280 load address 0x080055dc
                0x20000078                _sbss = .
                0x20000078                __bss_start__ = _sbss
 *(.bss)
 .bss           0x20000078       0x1c c:/program files (x86)/gnu arm embedded toolchain/10 2021.10/bin/../lib/gcc/arm-none-eabi/10.3.1/thumb/v7e-m+fp/hard/crtbegin.o
 *(.bss*)
 .bss.AbsoluteAngleCP
                0x20000094        0x4 build/main.o
                0x20000094                AbsoluteAngleCP
 .bss.AbsoluteAngleCS
                0x20000098        0x4 build/main.o
                0x20000098                AbsoluteAngleCS
 .bss.IsInRange
                0x2000009c        0x1 build/main.o
                0x2000009c                IsInRange
 .bss.czy_przerwanie
                0x2000009d        0x1 build/main.o
                0x2000009d                czy_przerwanie
 *fill*         0x2000009e        0x2 
 .bss.data      0x200000a0        0x6 build/main.o
                0x200000a0                data
 *fill*         0x200000a6        0x2 
 .bss.kat_obrotu
                0x200000a8        0x3 build/main.o
                0x200000a8                kat_obrotu
 .bss.kierunek_obrotu
                0x200000ab        0x1 build/main.o
                0x200000ab                kierunek_obrotu
 .bss.old_czy_przerwanie
                0x200000ac        0x1 build/main.o
                0x200000ac                old_czy_przerwanie
 *fill*         0x200000ad        0x3 
 .bss.silnik    0x200000b0        0x2 build/main.o
                0x200000b0                silnik
 *fill*         0x200000b2        0x2 
 .bss.uwTick    0x200000b4        0x4 build/stm32g4xx_hal.o
                0x200000b4                uwTick
 .bss.htim1     0x200000b8       0x4c build/tim.o
                0x200000b8                htim1
 .bss.htim20    0x20000104       0x4c build/tim.o
                0x20000104                htim20
 .bss.AlertConfigSettings
                0x20000150        0x9 build/TMAG5170.o
 *fill*         0x20000159        0x3 
 .bss.DeviceConfigSettings
                0x2000015c        0x6 build/TMAG5170.o
 *fill*         0x20000162        0x2 
 .bss.SensorConfigSettings
                0x20000164        0x6 build/TMAG5170.o
 *fill*         0x2000016a        0x2 
 .bss.SystemConfigSettings
                0x2000016c        0x7 build/TMAG5170.o
 .bss.register_address
                0x20000173        0x1 build/TMAG5170.o
 .bss.hspi1     0x20000174       0x64 build/spi.o
                0x20000174                hspi1
 .bss.huart2    0x200001d8       0x90 build/usart.o
                0x200001d8                huart2
 .bss.huart4    0x20000268       0x90 build/usart.o
                0x20000268                huart4
 *(COMMON)
                0x200002f8                . = ALIGN (0x4)
                0x200002f8                _ebss = .
                0x200002f8                __bss_end__ = _ebss

._user_heap_stack
                0x200002f8      0x600 load address 0x080055dc
                0x200002f8                . = ALIGN (0x8)
                0x200002f8                PROVIDE (end = .)
                [!provide]                PROVIDE (_end = .)
                0x200004f8                . = (. + _Min_Heap_Size)
 *fill*         0x200002f8      0x200 
                0x200008f8                . = (. + _Min_Stack_Size)
 *fill*         0x200004f8      0x400 
                0x200008f8                . = ALIGN (0x8)

/DISCARD/
 libc.a(*)
 libm.a(*)
 libgcc.a(*)

.ARM.attributes
                0x00000000       0x30
 *(.ARM.attributes)
 .ARM.attributes
                0x00000000       0x1e c:/program files (x86)/gnu arm embedded toolchain/10 2021.10/bin/../lib/gcc/arm-none-eabi/10.3.1/thumb/v7e-m+fp/hard/crti.o
 .ARM.attributes
                0x0000001e       0x34 c:/program files (x86)/gnu arm embedded toolchain/10 2021.10/bin/../lib/gcc/arm-none-eabi/10.3.1/thumb/v7e-m+fp/hard/crtbegin.o
 .ARM.attributes
                0x00000052       0x34 build/main.o
 .ARM.attributes
                0x00000086       0x34 build/stm32g4xx_it.o
 .ARM.attributes
                0x000000ba       0x34 build/stm32g4xx_hal_msp.o
 .ARM.attributes
                0x000000ee       0x34 build/stm32g4xx_hal_tim.o
 .ARM.attributes
                0x00000122       0x34 build/stm32g4xx_hal_tim_ex.o
 .ARM.attributes
                0x00000156       0x34 build/stm32g4xx_hal_pwr_ex.o
 .ARM.attributes
                0x0000018a       0x34 build/stm32g4xx_hal.o
 .ARM.attributes
                0x000001be       0x34 build/stm32g4xx_hal_rcc.o
 .ARM.attributes
                0x000001f2       0x34 build/stm32g4xx_hal_rcc_ex.o
 .ARM.attributes
                0x00000226       0x34 build/stm32g4xx_hal_gpio.o
 .ARM.attributes
                0x0000025a       0x34 build/stm32g4xx_hal_dma.o
 .ARM.attributes
                0x0000028e       0x34 build/stm32g4xx_hal_cortex.o
 .ARM.attributes
                0x000002c2       0x34 build/system_stm32g4xx.o
 .ARM.attributes
                0x000002f6       0x34 build/stm32g4xx_hal_uart.o
 .ARM.attributes
                0x0000032a       0x34 build/stm32g4xx_hal_uart_ex.o
 .ARM.attributes
                0x0000035e       0x34 build/gpio.o
 .ARM.attributes
                0x00000392       0x34 build/tim.o
 .ARM.attributes
                0x000003c6       0x34 build/TMAG5170.o
 .ARM.attributes
                0x000003fa       0x34 build/spi.o
 .ARM.attributes
                0x0000042e       0x34 build/usart.o
 .ARM.attributes
                0x00000462       0x34 build/stm32g4xx_hal_spi.o
 .ARM.attributes
                0x00000496       0x21 build/startup_stm32g491xx.o
 .ARM.attributes
                0x000004b7       0x34 c:/program files (x86)/gnu arm embedded toolchain/10 2021.10/bin/../lib/gcc/arm-none-eabi/10.3.1/../../../../arm-none-eabi/lib/thumb/v7e-m+fp/hard\libc_nano.a(lib_a-atoi.o)
 .ARM.attributes
                0x000004eb       0x34 c:/program files (x86)/gnu arm embedded toolchain/10 2021.10/bin/../lib/gcc/arm-none-eabi/10.3.1/../../../../arm-none-eabi/lib/thumb/v7e-m+fp/hard\libc_nano.a(lib_a-impure.o)
 .ARM.attributes
                0x0000051f       0x34 c:/program files (x86)/gnu arm embedded toolchain/10 2021.10/bin/../lib/gcc/arm-none-eabi/10.3.1/../../../../arm-none-eabi/lib/thumb/v7e-m+fp/hard\libc_nano.a(lib_a-init.o)
 .ARM.attributes
                0x00000553       0x34 c:/program files (x86)/gnu arm embedded toolchain/10 2021.10/bin/../lib/gcc/arm-none-eabi/10.3.1/../../../../arm-none-eabi/lib/thumb/v7e-m+fp/hard\libc_nano.a(lib_a-memset.o)
 .ARM.attributes
                0x00000587       0x34 c:/program files (x86)/gnu arm embedded toolchain/10 2021.10/bin/../lib/gcc/arm-none-eabi/10.3.1/../../../../arm-none-eabi/lib/thumb/v7e-m+fp/hard\libc_nano.a(lib_a-strncmp.o)
 .ARM.attributes
                0x000005bb       0x34 c:/program files (x86)/gnu arm embedded toolchain/10 2021.10/bin/../lib/gcc/arm-none-eabi/10.3.1/../../../../arm-none-eabi/lib/thumb/v7e-m+fp/hard\libc_nano.a(lib_a-strncpy.o)
 .ARM.attributes
                0x000005ef       0x34 c:/program files (x86)/gnu arm embedded toolchain/10 2021.10/bin/../lib/gcc/arm-none-eabi/10.3.1/../../../../arm-none-eabi/lib/thumb/v7e-m+fp/hard\libc_nano.a(lib_a-strtol.o)
 .ARM.attributes
                0x00000623       0x34 c:/program files (x86)/gnu arm embedded toolchain/10 2021.10/bin/../lib/gcc/arm-none-eabi/10.3.1/../../../../arm-none-eabi/lib/thumb/v7e-m+fp/hard\libc_nano.a(lib_a-ctype_.o)
 .ARM.attributes
                0x00000657       0x34 c:/program files (x86)/gnu arm embedded toolchain/10 2021.10/bin/../lib/gcc/arm-none-eabi/10.3.1/../../../../arm-none-eabi/lib/thumb/v7e-m+fp/hard\libc_nano.a(lib_a-errno.o)
 .ARM.attributes
                0x0000068b       0x1e c:/program files (x86)/gnu arm embedded toolchain/10 2021.10/bin/../lib/gcc/arm-none-eabi/10.3.1/thumb/v7e-m+fp/hard\libgcc.a(_arm_addsubdf3.o)
 .ARM.attributes
                0x000006a9       0x1e c:/program files (x86)/gnu arm embedded toolchain/10 2021.10/bin/../lib/gcc/arm-none-eabi/10.3.1/thumb/v7e-m+fp/hard\libgcc.a(_arm_muldivdf3.o)
 .ARM.attributes
                0x000006c7       0x1e c:/program files (x86)/gnu arm embedded toolchain/10 2021.10/bin/../lib/gcc/arm-none-eabi/10.3.1/thumb/v7e-m+fp/hard\libgcc.a(_arm_truncdfsf2.o)
 .ARM.attributes
                0x000006e5       0x1e c:/program files (x86)/gnu arm embedded toolchain/10 2021.10/bin/../lib/gcc/arm-none-eabi/10.3.1/thumb/v7e-m+fp/hard\libgcc.a(_aeabi_uldivmod.o)
 .ARM.attributes
                0x00000703       0x34 c:/program files (x86)/gnu arm embedded toolchain/10 2021.10/bin/../lib/gcc/arm-none-eabi/10.3.1/thumb/v7e-m+fp/hard\libgcc.a(_udivmoddi4.o)
 .ARM.attributes
                0x00000737       0x1e c:/program files (x86)/gnu arm embedded toolchain/10 2021.10/bin/../lib/gcc/arm-none-eabi/10.3.1/thumb/v7e-m+fp/hard\libgcc.a(_dvmd_tls.o)
 .ARM.attributes
                0x00000755       0x1e c:/program files (x86)/gnu arm embedded toolchain/10 2021.10/bin/../lib/gcc/arm-none-eabi/10.3.1/thumb/v7e-m+fp/hard/crtn.o
OUTPUT(build/program.elf elf32-littlearm)
LOAD linker stubs
LOAD c:/program files (x86)/gnu arm embedded toolchain/10 2021.10/bin/../lib/gcc/arm-none-eabi/10.3.1/../../../../arm-none-eabi/lib/thumb/v7e-m+fp/hard\libc.a
LOAD c:/program files (x86)/gnu arm embedded toolchain/10 2021.10/bin/../lib/gcc/arm-none-eabi/10.3.1/../../../../arm-none-eabi/lib/thumb/v7e-m+fp/hard\libm.a
LOAD c:/program files (x86)/gnu arm embedded toolchain/10 2021.10/bin/../lib/gcc/arm-none-eabi/10.3.1/thumb/v7e-m+fp/hard\libgcc.a

.debug_info     0x00000000    0x20168
 .debug_info    0x00000000     0x232a build/main.o
 .debug_info    0x0000232a      0xe39 build/stm32g4xx_it.o
 .debug_info    0x00003163      0x3a1 build/stm32g4xx_hal_msp.o
 .debug_info    0x00003504     0x43da build/stm32g4xx_hal_tim.o
 .debug_info    0x000078de     0x274c build/stm32g4xx_hal_tim_ex.o
 .debug_info    0x0000a02a      0xb20 build/stm32g4xx_hal_pwr_ex.o
 .debug_info    0x0000ab4a      0xce1 build/stm32g4xx_hal.o
 .debug_info    0x0000b82b      0xfdb build/stm32g4xx_hal_rcc.o
 .debug_info    0x0000c806     0x1086 build/stm32g4xx_hal_rcc_ex.o
 .debug_info    0x0000d88c      0x92d build/stm32g4xx_hal_gpio.o
 .debug_info    0x0000e1b9      0xaeb build/stm32g4xx_hal_dma.o
 .debug_info    0x0000eca4     0x116b build/stm32g4xx_hal_cortex.o
 .debug_info    0x0000fe0f      0x649 build/system_stm32g4xx.o
 .debug_info    0x00010458     0x6445 build/stm32g4xx_hal_uart.o
 .debug_info    0x0001689d     0x1359 build/stm32g4xx_hal_uart_ex.o
 .debug_info    0x00017bf6      0x663 build/gpio.o
 .debug_info    0x00018259     0x167d build/tim.o
 .debug_info    0x000198d6     0x2325 build/TMAG5170.o
 .debug_info    0x0001bbfb      0xcd3 build/spi.o
 .debug_info    0x0001c8ce     0x1417 build/usart.o
 .debug_info    0x0001dce5     0x2461 build/stm32g4xx_hal_spi.o
 .debug_info    0x00020146       0x22 build/startup_stm32g491xx.o

.debug_abbrev   0x00000000     0x317e
 .debug_abbrev  0x00000000      0x396 build/main.o
 .debug_abbrev  0x00000396      0x192 build/stm32g4xx_it.o
 .debug_abbrev  0x00000528       0xd9 build/stm32g4xx_hal_msp.o
 .debug_abbrev  0x00000601      0x291 build/stm32g4xx_hal_tim.o
 .debug_abbrev  0x00000892      0x2a7 build/stm32g4xx_hal_tim_ex.o
 .debug_abbrev  0x00000b39      0x264 build/stm32g4xx_hal_pwr_ex.o
 .debug_abbrev  0x00000d9d      0x25d build/stm32g4xx_hal.o
 .debug_abbrev  0x00000ffa      0x2ac build/stm32g4xx_hal_rcc.o
 .debug_abbrev  0x000012a6      0x262 build/stm32g4xx_hal_rcc_ex.o
 .debug_abbrev  0x00001508      0x222 build/stm32g4xx_hal_gpio.o
 .debug_abbrev  0x0000172a      0x251 build/stm32g4xx_hal_dma.o
 .debug_abbrev  0x0000197b      0x379 build/stm32g4xx_hal_cortex.o
 .debug_abbrev  0x00001cf4      0x11b build/system_stm32g4xx.o
 .debug_abbrev  0x00001e0f      0x343 build/stm32g4xx_hal_uart.o
 .debug_abbrev  0x00002152      0x308 build/stm32g4xx_hal_uart_ex.o
 .debug_abbrev  0x0000245a      0x151 build/gpio.o
 .debug_abbrev  0x000025ab      0x244 build/tim.o
 .debug_abbrev  0x000027ef      0x335 build/TMAG5170.o
 .debug_abbrev  0x00002b24      0x1d7 build/spi.o
 .debug_abbrev  0x00002cfb      0x1f9 build/usart.o
 .debug_abbrev  0x00002ef4      0x278 build/stm32g4xx_hal_spi.o
 .debug_abbrev  0x0000316c       0x12 build/startup_stm32g491xx.o

.debug_loc      0x00000000    0x18806
 .debug_loc     0x00000000      0x676 build/main.o
 .debug_loc     0x00000676       0x80 build/stm32g4xx_it.o
 .debug_loc     0x000006f6       0x38 build/stm32g4xx_hal_msp.o
 .debug_loc     0x0000072e     0x6353 build/stm32g4xx_hal_tim.o
 .debug_loc     0x00006a81     0x2ff5 build/stm32g4xx_hal_tim_ex.o
 .debug_loc     0x00009a76      0xa26 build/stm32g4xx_hal_pwr_ex.o
 .debug_loc     0x0000a49c      0x2af build/stm32g4xx_hal.o
 .debug_loc     0x0000a74b      0x999 build/stm32g4xx_hal_rcc.o
 .debug_loc     0x0000b0e4     0x158d build/stm32g4xx_hal_rcc_ex.o
 .debug_loc     0x0000c671      0x46f build/stm32g4xx_hal_gpio.o
 .debug_loc     0x0000cae0      0x9d0 build/stm32g4xx_hal_dma.o
 .debug_loc     0x0000d4b0      0x796 build/stm32g4xx_hal_cortex.o
 .debug_loc     0x0000dc46       0x9d build/system_stm32g4xx.o
 .debug_loc     0x0000dce3     0x6208 build/stm32g4xx_hal_uart.o
 .debug_loc     0x00013eeb      0xe33 build/stm32g4xx_hal_uart_ex.o
 .debug_loc     0x00014d1e       0x39 build/gpio.o
 .debug_loc     0x00014d57      0x251 build/tim.o
 .debug_loc     0x00014fa8      0xe58 build/TMAG5170.o
 .debug_loc     0x00015e00      0x108 build/spi.o
 .debug_loc     0x00015f08      0x161 build/usart.o
 .debug_loc     0x00016069     0x279d build/stm32g4xx_hal_spi.o

.debug_aranges  0x00000000     0x12d0
 .debug_aranges
                0x00000000       0x78 build/main.o
 .debug_aranges
                0x00000078       0x78 build/stm32g4xx_it.o
 .debug_aranges
                0x000000f0       0x20 build/stm32g4xx_hal_msp.o
 .debug_aranges
                0x00000110      0x3e0 build/stm32g4xx_hal_tim.o
 .debug_aranges
                0x000004f0      0x240 build/stm32g4xx_hal_tim_ex.o
 .debug_aranges
                0x00000730      0x140 build/stm32g4xx_hal_pwr_ex.o
 .debug_aranges
                0x00000870      0x130 build/stm32g4xx_hal.o
 .debug_aranges
                0x000009a0       0x98 build/stm32g4xx_hal_rcc.o
 .debug_aranges
                0x00000a38       0xb0 build/stm32g4xx_hal_rcc_ex.o
 .debug_aranges
                0x00000ae8       0x58 build/stm32g4xx_hal_gpio.o
 .debug_aranges
                0x00000b40       0x90 build/stm32g4xx_hal_dma.o
 .debug_aranges
                0x00000bd0       0xa8 build/stm32g4xx_hal_cortex.o
 .debug_aranges
                0x00000c78       0x28 build/system_stm32g4xx.o
 .debug_aranges
                0x00000ca0      0x248 build/stm32g4xx_hal_uart.o
 .debug_aranges
                0x00000ee8       0xa0 build/stm32g4xx_hal_uart_ex.o
 .debug_aranges
                0x00000f88       0x20 build/gpio.o
 .debug_aranges
                0x00000fa8       0x40 build/tim.o
 .debug_aranges
                0x00000fe8       0x80 build/TMAG5170.o
 .debug_aranges
                0x00001068       0x30 build/spi.o
 .debug_aranges
                0x00001098       0x38 build/usart.o
 .debug_aranges
                0x000010d0      0x1d8 build/stm32g4xx_hal_spi.o
 .debug_aranges
                0x000012a8       0x28 build/startup_stm32g491xx.o

.debug_ranges   0x00000000     0x1220
 .debug_ranges  0x00000000       0x80 build/main.o
 .debug_ranges  0x00000080       0x68 build/stm32g4xx_it.o
 .debug_ranges  0x000000e8       0x10 build/stm32g4xx_hal_msp.o
 .debug_ranges  0x000000f8      0x3d0 build/stm32g4xx_hal_tim.o
 .debug_ranges  0x000004c8      0x230 build/stm32g4xx_hal_tim_ex.o
 .debug_ranges  0x000006f8      0x130 build/stm32g4xx_hal_pwr_ex.o
 .debug_ranges  0x00000828      0x120 build/stm32g4xx_hal.o
 .debug_ranges  0x00000948       0xa0 build/stm32g4xx_hal_rcc.o
 .debug_ranges  0x000009e8       0xb8 build/stm32g4xx_hal_rcc_ex.o
 .debug_ranges  0x00000aa0       0x48 build/stm32g4xx_hal_gpio.o
 .debug_ranges  0x00000ae8       0x80 build/stm32g4xx_hal_dma.o
 .debug_ranges  0x00000b68       0xf8 build/stm32g4xx_hal_cortex.o
 .debug_ranges  0x00000c60       0x18 build/system_stm32g4xx.o
 .debug_ranges  0x00000c78      0x238 build/stm32g4xx_hal_uart.o
 .debug_ranges  0x00000eb0       0x90 build/stm32g4xx_hal_uart_ex.o
 .debug_ranges  0x00000f40       0x10 build/gpio.o
 .debug_ranges  0x00000f50       0x30 build/tim.o
 .debug_ranges  0x00000f80       0x70 build/TMAG5170.o
 .debug_ranges  0x00000ff0       0x20 build/spi.o
 .debug_ranges  0x00001010       0x28 build/usart.o
 .debug_ranges  0x00001038      0x1c8 build/stm32g4xx_hal_spi.o
 .debug_ranges  0x00001200       0x20 build/startup_stm32g491xx.o

.debug_line     0x00000000    0x186b4
 .debug_line    0x00000000      0x77b build/main.o
 .debug_line    0x0000077b      0x32d build/stm32g4xx_it.o
 .debug_line    0x00000aa8      0x1aa build/stm32g4xx_hal_msp.o
 .debug_line    0x00000c52     0x544a build/stm32g4xx_hal_tim.o
 .debug_line    0x0000609c     0x2607 build/stm32g4xx_hal_tim_ex.o
 .debug_line    0x000086a3      0xa7c build/stm32g4xx_hal_pwr_ex.o
 .debug_line    0x0000911f      0x692 build/stm32g4xx_hal.o
 .debug_line    0x000097b1      0xdf3 build/stm32g4xx_hal_rcc.o
 .debug_line    0x0000a5a4     0x1202 build/stm32g4xx_hal_rcc_ex.o
 .debug_line    0x0000b7a6      0x692 build/stm32g4xx_hal_gpio.o
 .debug_line    0x0000be38      0xc54 build/stm32g4xx_hal_dma.o
 .debug_line    0x0000ca8c      0x772 build/stm32g4xx_hal_cortex.o
 .debug_line    0x0000d1fe      0x251 build/system_stm32g4xx.o
 .debug_line    0x0000d44f     0x6350 build/stm32g4xx_hal_uart.o
 .debug_line    0x0001379f      0xd07 build/stm32g4xx_hal_uart_ex.o
 .debug_line    0x000144a6      0x292 build/gpio.o
 .debug_line    0x00014738      0x633 build/tim.o
 .debug_line    0x00014d6b      0x800 build/TMAG5170.o
 .debug_line    0x0001556b      0x2fe build/spi.o
 .debug_line    0x00015869      0x4b6 build/usart.o
 .debug_line    0x00015d1f     0x291e build/stm32g4xx_hal_spi.o
 .debug_line    0x0001863d       0x77 build/startup_stm32g491xx.o

.debug_str      0x00000000     0x70b6
 .debug_str     0x00000000     0x1ebc build/main.o
                               0x201a (size before relaxing)
 .debug_str     0x00001ebc      0x124 build/stm32g4xx_it.o
                                0xb34 (size before relaxing)
 .debug_str     0x00001fe0      0x194 build/stm32g4xx_hal_msp.o
                                0x328 (size before relaxing)
 .debug_str     0x00002174      0xfc0 build/stm32g4xx_hal_tim.o
                               0x1859 (size before relaxing)
 .debug_str     0x00003134      0x9b3 build/stm32g4xx_hal_tim_ex.o
                               0x14c1 (size before relaxing)
 .debug_str     0x00003ae7      0x593 build/stm32g4xx_hal_pwr_ex.o
                                0x7dc (size before relaxing)
 .debug_str     0x0000407a      0x97b build/stm32g4xx_hal.o
                                0xd01 (size before relaxing)
 .debug_str     0x000049f5      0x2cb build/stm32g4xx_hal_rcc.o
                                0x829 (size before relaxing)
 .debug_str     0x00004cc0      0x54e build/stm32g4xx_hal_rcc_ex.o
                                0xa4c (size before relaxing)
 .debug_str     0x0000520e      0x101 build/stm32g4xx_hal_gpio.o
                                0x53a (size before relaxing)
 .debug_str     0x0000530f      0x29e build/stm32g4xx_hal_dma.o
                                0x79b (size before relaxing)
 .debug_str     0x000055ad      0x44b build/stm32g4xx_hal_cortex.o
                                0xc50 (size before relaxing)
 .debug_str     0x000059f8       0x3d build/system_stm32g4xx.o
                                0x3c1 (size before relaxing)
 .debug_str     0x00005a35      0x860 build/stm32g4xx_hal_uart.o
                               0x11fc (size before relaxing)
 .debug_str     0x00006295      0x27c build/stm32g4xx_hal_uart_ex.o
                                0xb0b (size before relaxing)
 .debug_str     0x00006511       0x10 build/gpio.o
                                0x3ca (size before relaxing)
 .debug_str     0x00006521       0x46 build/tim.o
                               0x1253 (size before relaxing)
 .debug_str     0x00006567      0x59a build/TMAG5170.o
                               0x1dca (size before relaxing)
 .debug_str     0x00006b01       0x48 build/spi.o
                                0x8ea (size before relaxing)
 .debug_str     0x00006b49       0x23 build/usart.o
                               0x1102 (size before relaxing)
 .debug_str     0x00006b6c      0x526 build/stm32g4xx_hal_spi.o
                                0xce0 (size before relaxing)
 .debug_str     0x00007092       0x24 build/startup_stm32g491xx.o
                                 0x60 (size before relaxing)

.comment        0x00000000       0x49
 .comment       0x00000000       0x49 build/main.o
                                 0x4a (size before relaxing)
 .comment       0x00000049       0x4a build/stm32g4xx_it.o
 .comment       0x00000049       0x4a build/stm32g4xx_hal_msp.o
 .comment       0x00000049       0x4a build/stm32g4xx_hal_tim.o
 .comment       0x00000049       0x4a build/stm32g4xx_hal_tim_ex.o
 .comment       0x00000049       0x4a build/stm32g4xx_hal_pwr_ex.o
 .comment       0x00000049       0x4a build/stm32g4xx_hal.o
 .comment       0x00000049       0x4a build/stm32g4xx_hal_rcc.o
 .comment       0x00000049       0x4a build/stm32g4xx_hal_rcc_ex.o
 .comment       0x00000049       0x4a build/stm32g4xx_hal_gpio.o
 .comment       0x00000049       0x4a build/stm32g4xx_hal_dma.o
 .comment       0x00000049       0x4a build/stm32g4xx_hal_cortex.o
 .comment       0x00000049       0x4a build/system_stm32g4xx.o
 .comment       0x00000049       0x4a build/stm32g4xx_hal_uart.o
 .comment       0x00000049       0x4a build/stm32g4xx_hal_uart_ex.o
 .comment       0x00000049       0x4a build/gpio.o
 .comment       0x00000049       0x4a build/tim.o
 .comment       0x00000049       0x4a build/TMAG5170.o
 .comment       0x00000049       0x4a build/spi.o
 .comment       0x00000049       0x4a build/usart.o
 .comment       0x00000049       0x4a build/stm32g4xx_hal_spi.o

.debug_frame    0x00000000     0x340c
 .debug_frame   0x00000000      0x160 build/main.o
 .debug_frame   0x00000160       0xf0 build/stm32g4xx_it.o
 .debug_frame   0x00000250       0x2c build/stm32g4xx_hal_msp.o
 .debug_frame   0x0000027c      0xb54 build/stm32g4xx_hal_tim.o
 .debug_frame   0x00000dd0      0x614 build/stm32g4xx_hal_tim_ex.o
 .debug_frame   0x000013e4      0x268 build/stm32g4xx_hal_pwr_ex.o
 .debug_frame   0x0000164c      0x274 build/stm32g4xx_hal.o
 .debug_frame   0x000018c0      0x198 build/stm32g4xx_hal_rcc.o
 .debug_frame   0x00001a58      0x1a0 build/stm32g4xx_hal_rcc_ex.o
 .debug_frame   0x00001bf8       0xd0 build/stm32g4xx_hal_gpio.o
 .debug_frame   0x00001cc8      0x170 build/stm32g4xx_hal_dma.o
 .debug_frame   0x00001e38      0x148 build/stm32g4xx_hal_cortex.o
 .debug_frame   0x00001f80       0x30 build/system_stm32g4xx.o
 .debug_frame   0x00001fb0      0x67c build/stm32g4xx_hal_uart.o
 .debug_frame   0x0000262c      0x1c8 build/stm32g4xx_hal_uart_ex.o
 .debug_frame   0x000027f4       0x38 build/gpio.o
 .debug_frame   0x0000282c       0xb0 build/tim.o
 .debug_frame   0x000028dc      0x1ac build/TMAG5170.o
 .debug_frame   0x00002a88       0x60 build/spi.o
 .debug_frame   0x00002ae8       0x7c build/usart.o
 .debug_frame   0x00002b64      0x5d8 build/stm32g4xx_hal_spi.o
 .debug_frame   0x0000313c       0x30 c:/program files (x86)/gnu arm embedded toolchain/10 2021.10/bin/../lib/gcc/arm-none-eabi/10.3.1/../../../../arm-none-eabi/lib/thumb/v7e-m+fp/hard\libc_nano.a(lib_a-atoi.o)
 .debug_frame   0x0000316c       0x2c c:/program files (x86)/gnu arm embedded toolchain/10 2021.10/bin/../lib/gcc/arm-none-eabi/10.3.1/../../../../arm-none-eabi/lib/thumb/v7e-m+fp/hard\libc_nano.a(lib_a-init.o)
 .debug_frame   0x00003198       0x20 c:/program files (x86)/gnu arm embedded toolchain/10 2021.10/bin/../lib/gcc/arm-none-eabi/10.3.1/../../../../arm-none-eabi/lib/thumb/v7e-m+fp/hard\libc_nano.a(lib_a-memset.o)
 .debug_frame   0x000031b8       0x28 c:/program files (x86)/gnu arm embedded toolchain/10 2021.10/bin/../lib/gcc/arm-none-eabi/10.3.1/../../../../arm-none-eabi/lib/thumb/v7e-m+fp/hard\libc_nano.a(lib_a-strncmp.o)
 .debug_frame   0x000031e0       0x28 c:/program files (x86)/gnu arm embedded toolchain/10 2021.10/bin/../lib/gcc/arm-none-eabi/10.3.1/../../../../arm-none-eabi/lib/thumb/v7e-m+fp/hard\libc_nano.a(lib_a-strncpy.o)
 .debug_frame   0x00003208       0x64 c:/program files (x86)/gnu arm embedded toolchain/10 2021.10/bin/../lib/gcc/arm-none-eabi/10.3.1/../../../../arm-none-eabi/lib/thumb/v7e-m+fp/hard\libc_nano.a(lib_a-strtol.o)
 .debug_frame   0x0000326c       0x20 c:/program files (x86)/gnu arm embedded toolchain/10 2021.10/bin/../lib/gcc/arm-none-eabi/10.3.1/../../../../arm-none-eabi/lib/thumb/v7e-m+fp/hard\libc_nano.a(lib_a-errno.o)
 .debug_frame   0x0000328c       0xac c:/program files (x86)/gnu arm embedded toolchain/10 2021.10/bin/../lib/gcc/arm-none-eabi/10.3.1/thumb/v7e-m+fp/hard\libgcc.a(_arm_addsubdf3.o)
 .debug_frame   0x00003338       0x50 c:/program files (x86)/gnu arm embedded toolchain/10 2021.10/bin/../lib/gcc/arm-none-eabi/10.3.1/thumb/v7e-m+fp/hard\libgcc.a(_arm_muldivdf3.o)
 .debug_frame   0x00003388       0x24 c:/program files (x86)/gnu arm embedded toolchain/10 2021.10/bin/../lib/gcc/arm-none-eabi/10.3.1/thumb/v7e-m+fp/hard\libgcc.a(_arm_truncdfsf2.o)
 .debug_frame   0x000033ac       0x2c c:/program files (x86)/gnu arm embedded toolchain/10 2021.10/bin/../lib/gcc/arm-none-eabi/10.3.1/thumb/v7e-m+fp/hard\libgcc.a(_aeabi_uldivmod.o)
 .debug_frame   0x000033d8       0x34 c:/program files (x86)/gnu arm embedded toolchain/10 2021.10/bin/../lib/gcc/arm-none-eabi/10.3.1/thumb/v7e-m+fp/hard\libgcc.a(_udivmoddi4.o)

Cross Reference Table

Symbol                                            File
ADC1_2_IRQHandler                                 build/startup_stm32g491xx.o
ADC3_IRQHandler                                   build/startup_stm32g491xx.o
AHBPrescTable                                     build/system_stm32g4xx.o
                                                  build/stm32g4xx_hal_rcc.o
APBPrescTable                                     build/system_stm32g4xx.o
                                                  build/stm32g4xx_hal_rcc.o
AbsoluteAngleCP                                   build/main.o
AbsoluteAngleCS                                   build/main.o
AngleDifference                                   build/main.o
BusFault_Handler                                  build/stm32g4xx_it.o
COMP1_2_3_IRQHandler                              build/startup_stm32g491xx.o
COMP4_IRQHandler                                  build/startup_stm32g491xx.o
CORDIC_IRQHandler                                 build/startup_stm32g491xx.o
CRS_IRQHandler                                    build/startup_stm32g491xx.o
CheckAbsoluteAngle                                build/main.o
CheckAngle                                        build/main.o
DMA1_Channel1_IRQHandler                          build/startup_stm32g491xx.o
DMA1_Channel2_IRQHandler                          build/startup_stm32g491xx.o
DMA1_Channel3_IRQHandler                          build/startup_stm32g491xx.o
DMA1_Channel4_IRQHandler                          build/startup_stm32g491xx.o
DMA1_Channel5_IRQHandler                          build/startup_stm32g491xx.o
DMA1_Channel6_IRQHandler                          build/startup_stm32g491xx.o
DMA1_Channel7_IRQHandler                          build/startup_stm32g491xx.o
DMA1_Channel8_IRQHandler                          build/startup_stm32g491xx.o
DMA2_Channel1_IRQHandler                          build/startup_stm32g491xx.o
DMA2_Channel2_IRQHandler                          build/startup_stm32g491xx.o
DMA2_Channel3_IRQHandler                          build/startup_stm32g491xx.o
DMA2_Channel4_IRQHandler                          build/startup_stm32g491xx.o
DMA2_Channel5_IRQHandler                          build/startup_stm32g491xx.o
DMA2_Channel6_IRQHandler                          build/startup_stm32g491xx.o
DMA2_Channel7_IRQHandler                          build/startup_stm32g491xx.o
DMA2_Channel8_IRQHandler                          build/startup_stm32g491xx.o
DMAMUX_OVR_IRQHandler                             build/startup_stm32g491xx.o
DebugMon_Handler                                  build/stm32g4xx_it.o
Default_Handler                                   build/startup_stm32g491xx.o
DisableCRC                                        build/TMAG5170.o
                                                  build/main.o
DisplayAngle                                      build/main.o
EXTI0_IRQHandler                                  build/startup_stm32g491xx.o
EXTI15_10_IRQHandler                              build/startup_stm32g491xx.o
EXTI1_IRQHandler                                  build/startup_stm32g491xx.o
EXTI2_IRQHandler                                  build/startup_stm32g491xx.o
EXTI3_IRQHandler                                  build/startup_stm32g491xx.o
EXTI4_IRQHandler                                  build/startup_stm32g491xx.o
EXTI9_5_IRQHandler                                build/startup_stm32g491xx.o
Error_Handler                                     build/main.o
                                                  build/usart.o
                                                  build/spi.o
                                                  build/tim.o
FDCAN1_IT0_IRQHandler                             build/startup_stm32g491xx.o
FDCAN1_IT1_IRQHandler                             build/startup_stm32g491xx.o
FDCAN2_IT0_IRQHandler                             build/startup_stm32g491xx.o
FDCAN2_IT1_IRQHandler                             build/startup_stm32g491xx.o
FLASH_FlushCaches                                 build/stm32g4xx_hal_flash_ex.o
                                                  build/stm32g4xx_hal_flash.o
FLASH_IRQHandler                                  build/startup_stm32g491xx.o
FLASH_PageErase                                   build/stm32g4xx_hal_flash_ex.o
                                                  build/stm32g4xx_hal_flash.o
FLASH_WaitForLastOperation                        build/stm32g4xx_hal_flash.o
                                                  build/stm32g4xx_hal_flash_ex.o
FMAC_IRQHandler                                   build/startup_stm32g491xx.o
FPU_IRQHandler                                    build/startup_stm32g491xx.o
FirstAngle                                        build/main.o
GetAngle                                          build/TMAG5170.o
                                                  build/main.o
GetMagnitude                                      build/TMAG5170.o
GetTemp                                           build/TMAG5170.o
GetmT                                             build/TMAG5170.o
HAL_DBGMCU_DisableDBGSleepMode                    build/stm32g4xx_hal.o
HAL_DBGMCU_DisableDBGStandbyMode                  build/stm32g4xx_hal.o
HAL_DBGMCU_DisableDBGStopMode                     build/stm32g4xx_hal.o
HAL_DBGMCU_EnableDBGSleepMode                     build/stm32g4xx_hal.o
HAL_DBGMCU_EnableDBGStandbyMode                   build/stm32g4xx_hal.o
HAL_DBGMCU_EnableDBGStopMode                      build/stm32g4xx_hal.o
HAL_DMAEx_ConfigMuxRequestGenerator               build/stm32g4xx_hal_dma_ex.o
HAL_DMAEx_ConfigMuxSync                           build/stm32g4xx_hal_dma_ex.o
HAL_DMAEx_DisableMuxRequestGenerator              build/stm32g4xx_hal_dma_ex.o
HAL_DMAEx_EnableMuxRequestGenerator               build/stm32g4xx_hal_dma_ex.o
HAL_DMAEx_MUX_IRQHandler                          build/stm32g4xx_hal_dma_ex.o
HAL_DMA_Abort                                     build/stm32g4xx_hal_dma.o
                                                  build/stm32g4xx_hal_spi.o
                                                  build/stm32g4xx_hal_uart.o
HAL_DMA_Abort_IT                                  build/stm32g4xx_hal_dma.o
                                                  build/stm32g4xx_hal_spi.o
                                                  build/stm32g4xx_hal_uart.o
                                                  build/stm32g4xx_hal_tim_ex.o
                                                  build/stm32g4xx_hal_tim.o
HAL_DMA_DeInit                                    build/stm32g4xx_hal_dma.o
HAL_DMA_GetError                                  build/stm32g4xx_hal_dma.o
                                                  build/stm32g4xx_hal_uart.o
HAL_DMA_GetState                                  build/stm32g4xx_hal_dma.o
HAL_DMA_IRQHandler                                build/stm32g4xx_hal_dma.o
HAL_DMA_Init                                      build/stm32g4xx_hal_dma.o
HAL_DMA_PollForTransfer                           build/stm32g4xx_hal_dma.o
HAL_DMA_RegisterCallback                          build/stm32g4xx_hal_dma.o
HAL_DMA_Start                                     build/stm32g4xx_hal_dma.o
HAL_DMA_Start_IT                                  build/stm32g4xx_hal_dma.o
                                                  build/stm32g4xx_hal_spi.o
                                                  build/stm32g4xx_hal_uart.o
                                                  build/stm32g4xx_hal_tim_ex.o
                                                  build/stm32g4xx_hal_tim.o
HAL_DMA_UnRegisterCallback                        build/stm32g4xx_hal_dma.o
HAL_DeInit                                        build/stm32g4xx_hal.o
HAL_Delay                                         build/stm32g4xx_hal.o
                                                  build/TMAG5170.o
                                                  build/main.o
HAL_EXTI_ClearConfigLine                          build/stm32g4xx_hal_exti.o
HAL_EXTI_ClearPending                             build/stm32g4xx_hal_exti.o
HAL_EXTI_GenerateSWI                              build/stm32g4xx_hal_exti.o
HAL_EXTI_GetConfigLine                            build/stm32g4xx_hal_exti.o
HAL_EXTI_GetHandle                                build/stm32g4xx_hal_exti.o
HAL_EXTI_GetPending                               build/stm32g4xx_hal_exti.o
HAL_EXTI_IRQHandler                               build/stm32g4xx_hal_exti.o
HAL_EXTI_RegisterCallback                         build/stm32g4xx_hal_exti.o
HAL_EXTI_SetConfigLine                            build/stm32g4xx_hal_exti.o
HAL_FLASHEx_DisableDebugger                       build/stm32g4xx_hal_flash_ex.o
HAL_FLASHEx_DisableRunPowerDown                   build/stm32g4xx_hal_flash_ramfunc.o
HAL_FLASHEx_EnableDebugger                        build/stm32g4xx_hal_flash_ex.o
HAL_FLASHEx_EnableRunPowerDown                    build/stm32g4xx_hal_flash_ramfunc.o
HAL_FLASHEx_EnableSecMemProtection                build/stm32g4xx_hal_flash_ex.o
HAL_FLASHEx_Erase                                 build/stm32g4xx_hal_flash_ex.o
HAL_FLASHEx_Erase_IT                              build/stm32g4xx_hal_flash_ex.o
HAL_FLASHEx_OBGetConfig                           build/stm32g4xx_hal_flash_ex.o
HAL_FLASHEx_OBProgram                             build/stm32g4xx_hal_flash_ex.o
HAL_FLASH_EndOfOperationCallback                  build/stm32g4xx_hal_flash.o
HAL_FLASH_GetError                                build/stm32g4xx_hal_flash.o
HAL_FLASH_IRQHandler                              build/stm32g4xx_hal_flash.o
HAL_FLASH_Lock                                    build/stm32g4xx_hal_flash.o
HAL_FLASH_OB_Launch                               build/stm32g4xx_hal_flash.o
HAL_FLASH_OB_Lock                                 build/stm32g4xx_hal_flash.o
HAL_FLASH_OB_Unlock                               build/stm32g4xx_hal_flash.o
HAL_FLASH_OperationErrorCallback                  build/stm32g4xx_hal_flash.o
HAL_FLASH_Program                                 build/stm32g4xx_hal_flash.o
HAL_FLASH_Program_IT                              build/stm32g4xx_hal_flash.o
HAL_FLASH_Unlock                                  build/stm32g4xx_hal_flash.o
HAL_GPIO_DeInit                                   build/stm32g4xx_hal_gpio.o
                                                  build/usart.o
                                                  build/spi.o
HAL_GPIO_EXTI_Callback                            build/stm32g4xx_hal_gpio.o
HAL_GPIO_EXTI_IRQHandler                          build/stm32g4xx_hal_gpio.o
HAL_GPIO_Init                                     build/stm32g4xx_hal_gpio.o
                                                  build/usart.o
                                                  build/spi.o
                                                  build/tim.o
                                                  build/gpio.o
                                                  build/stm32g4xx_hal_rcc_ex.o
                                                  build/stm32g4xx_hal_rcc.o
HAL_GPIO_LockPin                                  build/stm32g4xx_hal_gpio.o
HAL_GPIO_ReadPin                                  build/stm32g4xx_hal_gpio.o
HAL_GPIO_TogglePin                                build/stm32g4xx_hal_gpio.o
HAL_GPIO_WritePin                                 build/stm32g4xx_hal_gpio.o
                                                  build/TMAG5170.o
                                                  build/gpio.o
                                                  build/main.o
HAL_GetDEVID                                      build/stm32g4xx_hal.o
HAL_GetHalVersion                                 build/stm32g4xx_hal.o
HAL_GetREVID                                      build/stm32g4xx_hal.o
HAL_GetTick                                       build/stm32g4xx_hal.o
                                                  build/stm32g4xx_hal_spi.o
                                                  build/stm32g4xx_hal_uart_ex.o
                                                  build/stm32g4xx_hal_uart.o
                                                  build/stm32g4xx_hal_dma.o
                                                  build/stm32g4xx_hal_flash.o
                                                  build/stm32g4xx_hal_rcc_ex.o
                                                  build/stm32g4xx_hal_rcc.o
                                                  build/stm32g4xx_hal_tim_ex.o
HAL_GetTickFreq                                   build/stm32g4xx_hal.o
HAL_GetTickPrio                                   build/stm32g4xx_hal.o
HAL_HalfDuplex_EnableReceiver                     build/stm32g4xx_hal_uart.o
HAL_HalfDuplex_EnableTransmitter                  build/stm32g4xx_hal_uart.o
HAL_HalfDuplex_Init                               build/stm32g4xx_hal_uart.o
HAL_IncTick                                       build/stm32g4xx_hal.o
                                                  build/stm32g4xx_it.o
HAL_Init                                          build/stm32g4xx_hal.o
                                                  build/main.o
HAL_InitTick                                      build/stm32g4xx_hal.o
                                                  build/stm32g4xx_hal_rcc.o
HAL_LIN_Init                                      build/stm32g4xx_hal_uart.o
HAL_LIN_SendBreak                                 build/stm32g4xx_hal_uart.o
HAL_MPU_ConfigRegion                              build/stm32g4xx_hal_cortex.o
HAL_MPU_Disable                                   build/stm32g4xx_hal_cortex.o
HAL_MPU_Enable                                    build/stm32g4xx_hal_cortex.o
HAL_MspDeInit                                     build/stm32g4xx_hal.o
HAL_MspInit                                       build/stm32g4xx_hal_msp.o
HAL_MultiProcessorEx_AddressLength_Set            build/stm32g4xx_hal_uart_ex.o
HAL_MultiProcessor_DisableMuteMode                build/stm32g4xx_hal_uart.o
HAL_MultiProcessor_EnableMuteMode                 build/stm32g4xx_hal_uart.o
HAL_MultiProcessor_EnterMuteMode                  build/stm32g4xx_hal_uart.o
HAL_MultiProcessor_Init                           build/stm32g4xx_hal_uart.o
HAL_NVIC_ClearPendingIRQ                          build/stm32g4xx_hal_cortex.o
HAL_NVIC_DisableIRQ                               build/stm32g4xx_hal_cortex.o
                                                  build/usart.o
                                                  build/tim.o
HAL_NVIC_EnableIRQ                                build/stm32g4xx_hal_cortex.o
                                                  build/usart.o
                                                  build/tim.o
HAL_NVIC_GetActive                                build/stm32g4xx_hal_cortex.o
HAL_NVIC_GetPendingIRQ                            build/stm32g4xx_hal_cortex.o
HAL_NVIC_GetPriority                              build/stm32g4xx_hal_cortex.o
HAL_NVIC_GetPriorityGrouping                      build/stm32g4xx_hal_cortex.o
HAL_NVIC_SetPendingIRQ                            build/stm32g4xx_hal_cortex.o
HAL_NVIC_SetPriority                              build/stm32g4xx_hal_cortex.o
                                                  build/usart.o
                                                  build/tim.o
                                                  build/stm32g4xx_hal.o
HAL_NVIC_SetPriorityGrouping                      build/stm32g4xx_hal_cortex.o
                                                  build/stm32g4xx_hal.o
HAL_NVIC_SystemReset                              build/stm32g4xx_hal_cortex.o
HAL_PWREx_ConfigPVM                               build/stm32g4xx_hal_pwr_ex.o
HAL_PWREx_ControlVoltageScaling                   build/stm32g4xx_hal_pwr_ex.o
                                                  build/main.o
HAL_PWREx_DisableBatteryCharging                  build/stm32g4xx_hal_pwr_ex.o
HAL_PWREx_DisableGPIOPullDown                     build/stm32g4xx_hal_pwr_ex.o
HAL_PWREx_DisableGPIOPullUp                       build/stm32g4xx_hal_pwr_ex.o
HAL_PWREx_DisableInternalWakeUpLine               build/stm32g4xx_hal_pwr_ex.o
HAL_PWREx_DisableLowPowerRunMode                  build/stm32g4xx_hal_pwr_ex.o
                                                  build/stm32g4xx_hal_pwr.o
HAL_PWREx_DisablePVM1                             build/stm32g4xx_hal_pwr_ex.o
HAL_PWREx_DisablePVM2                             build/stm32g4xx_hal_pwr_ex.o
HAL_PWREx_DisablePVM3                             build/stm32g4xx_hal_pwr_ex.o
HAL_PWREx_DisablePVM4                             build/stm32g4xx_hal_pwr_ex.o
HAL_PWREx_DisablePullUpPullDownConfig             build/stm32g4xx_hal_pwr_ex.o
HAL_PWREx_DisableSRAM2ContentRetention            build/stm32g4xx_hal_pwr_ex.o
HAL_PWREx_DisableUCPDDeadBattery                  build/stm32g4xx_hal_pwr_ex.o
                                                  build/stm32g4xx_hal_msp.o
HAL_PWREx_DisableUCPDStandbyMode                  build/stm32g4xx_hal_pwr_ex.o
HAL_PWREx_EnableBatteryCharging                   build/stm32g4xx_hal_pwr_ex.o
HAL_PWREx_EnableGPIOPullDown                      build/stm32g4xx_hal_pwr_ex.o
HAL_PWREx_EnableGPIOPullUp                        build/stm32g4xx_hal_pwr_ex.o
HAL_PWREx_EnableInternalWakeUpLine                build/stm32g4xx_hal_pwr_ex.o
HAL_PWREx_EnableLowPowerRunMode                   build/stm32g4xx_hal_pwr_ex.o
                                                  build/stm32g4xx_hal_pwr.o
HAL_PWREx_EnablePVM1                              build/stm32g4xx_hal_pwr_ex.o
HAL_PWREx_EnablePVM2                              build/stm32g4xx_hal_pwr_ex.o
HAL_PWREx_EnablePVM3                              build/stm32g4xx_hal_pwr_ex.o
HAL_PWREx_EnablePVM4                              build/stm32g4xx_hal_pwr_ex.o
HAL_PWREx_EnablePullUpPullDownConfig              build/stm32g4xx_hal_pwr_ex.o
HAL_PWREx_EnableSRAM2ContentRetention             build/stm32g4xx_hal_pwr_ex.o
HAL_PWREx_EnableUCPDDeadBattery                   build/stm32g4xx_hal_pwr_ex.o
HAL_PWREx_EnableUCPDStandbyMode                   build/stm32g4xx_hal_pwr_ex.o
HAL_PWREx_EnterSHUTDOWNMode                       build/stm32g4xx_hal_pwr_ex.o
HAL_PWREx_EnterSTOP0Mode                          build/stm32g4xx_hal_pwr_ex.o
                                                  build/stm32g4xx_hal_pwr.o
HAL_PWREx_EnterSTOP1Mode                          build/stm32g4xx_hal_pwr_ex.o
                                                  build/stm32g4xx_hal_pwr.o
HAL_PWREx_GetVoltageRange                         build/stm32g4xx_hal_pwr_ex.o
HAL_PWREx_PVD_PVM_IRQHandler                      build/stm32g4xx_hal_pwr_ex.o
HAL_PWREx_PVM1Callback                            build/stm32g4xx_hal_pwr_ex.o
HAL_PWREx_PVM2Callback                            build/stm32g4xx_hal_pwr_ex.o
HAL_PWREx_PVM3Callback                            build/stm32g4xx_hal_pwr_ex.o
HAL_PWREx_PVM4Callback                            build/stm32g4xx_hal_pwr_ex.o
HAL_PWR_ConfigPVD                                 build/stm32g4xx_hal_pwr.o
HAL_PWR_DeInit                                    build/stm32g4xx_hal_pwr.o
HAL_PWR_DisableBkUpAccess                         build/stm32g4xx_hal_pwr.o
                                                  build/stm32g4xx_hal_rcc_ex.o
HAL_PWR_DisablePVD                                build/stm32g4xx_hal_pwr.o
HAL_PWR_DisableSEVOnPend                          build/stm32g4xx_hal_pwr.o
HAL_PWR_DisableSleepOnExit                        build/stm32g4xx_hal_pwr.o
HAL_PWR_DisableWakeUpPin                          build/stm32g4xx_hal_pwr.o
HAL_PWR_EnableBkUpAccess                          build/stm32g4xx_hal_pwr.o
                                                  build/stm32g4xx_hal_rcc_ex.o
HAL_PWR_EnablePVD                                 build/stm32g4xx_hal_pwr.o
HAL_PWR_EnableSEVOnPend                           build/stm32g4xx_hal_pwr.o
HAL_PWR_EnableSleepOnExit                         build/stm32g4xx_hal_pwr.o
HAL_PWR_EnableWakeUpPin                           build/stm32g4xx_hal_pwr.o
HAL_PWR_EnterSLEEPMode                            build/stm32g4xx_hal_pwr.o
HAL_PWR_EnterSTANDBYMode                          build/stm32g4xx_hal_pwr.o
HAL_PWR_EnterSTOPMode                             build/stm32g4xx_hal_pwr.o
HAL_PWR_PVDCallback                               build/stm32g4xx_hal_pwr.o
                                                  build/stm32g4xx_hal_pwr_ex.o
HAL_RCCEx_CRSConfig                               build/stm32g4xx_hal_rcc_ex.o
HAL_RCCEx_CRSGetSynchronizationInfo               build/stm32g4xx_hal_rcc_ex.o
HAL_RCCEx_CRSSoftwareSynchronizationGenerate      build/stm32g4xx_hal_rcc_ex.o
HAL_RCCEx_CRSWaitSynchronization                  build/stm32g4xx_hal_rcc_ex.o
HAL_RCCEx_CRS_ErrorCallback                       build/stm32g4xx_hal_rcc_ex.o
HAL_RCCEx_CRS_ExpectedSyncCallback                build/stm32g4xx_hal_rcc_ex.o
HAL_RCCEx_CRS_IRQHandler                          build/stm32g4xx_hal_rcc_ex.o
HAL_RCCEx_CRS_SyncOkCallback                      build/stm32g4xx_hal_rcc_ex.o
HAL_RCCEx_CRS_SyncWarnCallback                    build/stm32g4xx_hal_rcc_ex.o
HAL_RCCEx_DisableLSCO                             build/stm32g4xx_hal_rcc_ex.o
HAL_RCCEx_DisableLSECSS                           build/stm32g4xx_hal_rcc_ex.o
HAL_RCCEx_EnableLSCO                              build/stm32g4xx_hal_rcc_ex.o
HAL_RCCEx_EnableLSECSS                            build/stm32g4xx_hal_rcc_ex.o
HAL_RCCEx_EnableLSECSS_IT                         build/stm32g4xx_hal_rcc_ex.o
HAL_RCCEx_GetPeriphCLKConfig                      build/stm32g4xx_hal_rcc_ex.o
HAL_RCCEx_GetPeriphCLKFreq                        build/stm32g4xx_hal_rcc_ex.o
HAL_RCCEx_LSECSS_Callback                         build/stm32g4xx_hal_rcc_ex.o
HAL_RCCEx_LSECSS_IRQHandler                       build/stm32g4xx_hal_rcc_ex.o
HAL_RCCEx_PeriphCLKConfig                         build/stm32g4xx_hal_rcc_ex.o
                                                  build/usart.o
HAL_RCC_CSSCallback                               build/stm32g4xx_hal_rcc.o
HAL_RCC_ClockConfig                               build/stm32g4xx_hal_rcc.o
                                                  build/main.o
HAL_RCC_DeInit                                    build/stm32g4xx_hal_rcc.o
HAL_RCC_DisableLSECSS                             build/stm32g4xx_hal_rcc.o
HAL_RCC_EnableCSS                                 build/stm32g4xx_hal_rcc.o
HAL_RCC_EnableLSECSS                              build/stm32g4xx_hal_rcc.o
HAL_RCC_GetClockConfig                            build/stm32g4xx_hal_rcc.o
HAL_RCC_GetHCLKFreq                               build/stm32g4xx_hal_rcc.o
HAL_RCC_GetOscConfig                              build/stm32g4xx_hal_rcc.o
HAL_RCC_GetPCLK1Freq                              build/stm32g4xx_hal_rcc.o
                                                  build/stm32g4xx_hal_uart.o
                                                  build/stm32g4xx_hal_rcc_ex.o
HAL_RCC_GetPCLK2Freq                              build/stm32g4xx_hal_rcc.o
                                                  build/stm32g4xx_hal_uart.o
                                                  build/stm32g4xx_hal_rcc_ex.o
HAL_RCC_GetSysClockFreq                           build/stm32g4xx_hal_rcc.o
                                                  build/stm32g4xx_hal_uart.o
                                                  build/stm32g4xx_hal_rcc_ex.o
HAL_RCC_MCOConfig                                 build/stm32g4xx_hal_rcc.o
HAL_RCC_NMI_IRQHandler                            build/stm32g4xx_hal_rcc.o
HAL_RCC_OscConfig                                 build/stm32g4xx_hal_rcc.o
                                                  build/main.o
HAL_RS485Ex_Init                                  build/stm32g4xx_hal_uart_ex.o
                                                  build/usart.o
HAL_ResumeTick                                    build/stm32g4xx_hal.o
HAL_SPIEx_FlushRxFifo                             build/stm32g4xx_hal_spi_ex.o
HAL_SPI_Abort                                     build/stm32g4xx_hal_spi.o
HAL_SPI_AbortCpltCallback                         build/stm32g4xx_hal_spi.o
HAL_SPI_Abort_IT                                  build/stm32g4xx_hal_spi.o
HAL_SPI_DMAPause                                  build/stm32g4xx_hal_spi.o
HAL_SPI_DMAResume                                 build/stm32g4xx_hal_spi.o
HAL_SPI_DMAStop                                   build/stm32g4xx_hal_spi.o
HAL_SPI_DeInit                                    build/stm32g4xx_hal_spi.o
HAL_SPI_ErrorCallback                             build/stm32g4xx_hal_spi.o
HAL_SPI_GetError                                  build/stm32g4xx_hal_spi.o
HAL_SPI_GetState                                  build/stm32g4xx_hal_spi.o
HAL_SPI_IRQHandler                                build/stm32g4xx_hal_spi.o
HAL_SPI_Init                                      build/stm32g4xx_hal_spi.o
                                                  build/spi.o
HAL_SPI_MspDeInit                                 build/spi.o
HAL_SPI_MspInit                                   build/spi.o
HAL_SPI_Receive                                   build/stm32g4xx_hal_spi.o
                                                  build/TMAG5170.o
HAL_SPI_Receive_DMA                               build/stm32g4xx_hal_spi.o
HAL_SPI_Receive_IT                                build/stm32g4xx_hal_spi.o
HAL_SPI_RxCpltCallback                            build/stm32g4xx_hal_spi.o
HAL_SPI_RxHalfCpltCallback                        build/stm32g4xx_hal_spi.o
HAL_SPI_Transmit                                  build/stm32g4xx_hal_spi.o
                                                  build/TMAG5170.o
HAL_SPI_TransmitReceive                           build/stm32g4xx_hal_spi.o
HAL_SPI_TransmitReceive_DMA                       build/stm32g4xx_hal_spi.o
HAL_SPI_TransmitReceive_IT                        build/stm32g4xx_hal_spi.o
HAL_SPI_Transmit_DMA                              build/stm32g4xx_hal_spi.o
HAL_SPI_Transmit_IT                               build/stm32g4xx_hal_spi.o
HAL_SPI_TxCpltCallback                            build/stm32g4xx_hal_spi.o
HAL_SPI_TxHalfCpltCallback                        build/stm32g4xx_hal_spi.o
HAL_SPI_TxRxCpltCallback                          build/stm32g4xx_hal_spi.o
HAL_SPI_TxRxHalfCpltCallback                      build/stm32g4xx_hal_spi.o
HAL_SYSCFG_CCMSRAMErase                           build/stm32g4xx_hal.o
HAL_SYSCFG_CCMSRAM_WriteProtectionEnable          build/stm32g4xx_hal.o
HAL_SYSCFG_DisableIOSwitchBooster                 build/stm32g4xx_hal.o
HAL_SYSCFG_DisableIOSwitchVDD                     build/stm32g4xx_hal.o
HAL_SYSCFG_DisableMemorySwappingBank              build/stm32g4xx_hal.o
HAL_SYSCFG_DisableVREFBUF                         build/stm32g4xx_hal.o
HAL_SYSCFG_EnableIOSwitchBooster                  build/stm32g4xx_hal.o
HAL_SYSCFG_EnableIOSwitchVDD                      build/stm32g4xx_hal.o
HAL_SYSCFG_EnableMemorySwappingBank               build/stm32g4xx_hal.o
HAL_SYSCFG_EnableVREFBUF                          build/stm32g4xx_hal.o
HAL_SYSCFG_VREFBUF_HighImpedanceConfig            build/stm32g4xx_hal.o
HAL_SYSCFG_VREFBUF_TrimmingConfig                 build/stm32g4xx_hal.o
HAL_SYSCFG_VREFBUF_VoltageScalingConfig           build/stm32g4xx_hal.o
HAL_SYSTICK_CLKSourceConfig                       build/stm32g4xx_hal_cortex.o
HAL_SYSTICK_Callback                              build/stm32g4xx_hal_cortex.o
HAL_SYSTICK_Config                                build/stm32g4xx_hal_cortex.o
                                                  build/stm32g4xx_hal.o
HAL_SYSTICK_IRQHandler                            build/stm32g4xx_hal_cortex.o
HAL_SetTickFreq                                   build/stm32g4xx_hal.o
HAL_SuspendTick                                   build/stm32g4xx_hal.o
HAL_TIMEx_Break2Callback                          build/stm32g4xx_hal_tim_ex.o
                                                  build/stm32g4xx_hal_tim.o
HAL_TIMEx_BreakCallback                           build/stm32g4xx_hal_tim_ex.o
                                                  build/stm32g4xx_hal_tim.o
HAL_TIMEx_CommutCallback                          build/stm32g4xx_hal_tim_ex.o
                                                  build/stm32g4xx_hal_tim.o
HAL_TIMEx_CommutHalfCpltCallback                  build/stm32g4xx_hal_tim_ex.o
HAL_TIMEx_ConfigAsymmetricalDeadTime              build/stm32g4xx_hal_tim_ex.o
HAL_TIMEx_ConfigBreakDeadTime                     build/stm32g4xx_hal_tim_ex.o
                                                  build/tim.o
HAL_TIMEx_ConfigBreakInput                        build/stm32g4xx_hal_tim_ex.o
HAL_TIMEx_ConfigCommutEvent                       build/stm32g4xx_hal_tim_ex.o
HAL_TIMEx_ConfigCommutEvent_DMA                   build/stm32g4xx_hal_tim_ex.o
HAL_TIMEx_ConfigCommutEvent_IT                    build/stm32g4xx_hal_tim_ex.o
HAL_TIMEx_ConfigDeadTime                          build/stm32g4xx_hal_tim_ex.o
HAL_TIMEx_ConfigEncoderIndex                      build/stm32g4xx_hal_tim_ex.o
HAL_TIMEx_ConfigSlaveModePreload                  build/stm32g4xx_hal_tim_ex.o
HAL_TIMEx_DirectionChangeCallback                 build/stm32g4xx_hal_tim_ex.o
                                                  build/stm32g4xx_hal_tim.o
HAL_TIMEx_DisableAsymmetricalDeadTime             build/stm32g4xx_hal_tim_ex.o
HAL_TIMEx_DisableDeadTimePreload                  build/stm32g4xx_hal_tim_ex.o
HAL_TIMEx_DisableEncoderFirstIndex                build/stm32g4xx_hal_tim_ex.o
HAL_TIMEx_DisableEncoderIndex                     build/stm32g4xx_hal_tim_ex.o
HAL_TIMEx_DisableSlaveModePreload                 build/stm32g4xx_hal_tim_ex.o
HAL_TIMEx_DisarmBreakInput                        build/stm32g4xx_hal_tim_ex.o
HAL_TIMEx_DitheringDisable                        build/stm32g4xx_hal_tim_ex.o
HAL_TIMEx_DitheringEnable                         build/stm32g4xx_hal_tim_ex.o
HAL_TIMEx_EnableAsymmetricalDeadTime              build/stm32g4xx_hal_tim_ex.o
HAL_TIMEx_EnableDeadTimePreload                   build/stm32g4xx_hal_tim_ex.o
HAL_TIMEx_EnableEncoderFirstIndex                 build/stm32g4xx_hal_tim_ex.o
HAL_TIMEx_EnableEncoderIndex                      build/stm32g4xx_hal_tim_ex.o
HAL_TIMEx_EnableSlaveModePreload                  build/stm32g4xx_hal_tim_ex.o